
> @starward/wechat-miniapp@0.1.0 build:weapp
> node ../../tools/run-node.cjs --bin @tarojs/cli taro build --type weapp

👽 Taro v4.2.1

Tips:
1. 建议开启持久化缓存功能，能有效提升二次编译速度，详情请参考: https://docs.taro.zone/docs/config-detail#cache。


提示  appid     [redacted]
生成  工具配置  E:\dev\Starward\apps\wechat-miniapp\dist\weapp/project.config.json
启动  开发者工具-项目目录  E:\dev\Starward\apps\wechat-miniapp\dist\weapp

● Webpack █████████████████████████  (0%)  
 

编译  发现入口  src/app.tsx
编译  发现页面  src/pages/map/index.tsx
编译  发现页面  src/pages/my/index.tsx
编译  发现页面  src/pages/auth/index.tsx
编译  发现页面  src/spot/search/index.tsx
编译  发现页面  src/spot/guides/index.tsx
编译  发现页面  src/spot/field/index.tsx
编译  发现页面  src/spot/plan/index.tsx
编译  发现页面  src/spot/data-source/index.tsx
编译  发现页面  src/sky/detail/index.tsx
编译  发现页面  src/content/article/detail/index.tsx
编译  发现页面  src/content/plan/detail/index.tsx
编译  发现页面  src/content/plan/list/index.tsx
编译  发现页面  src/content/plan/edit/index.tsx
编译  发现页面  src/content/event/list/index.tsx
编译  发现页面  src/content/event/detail/index.tsx
编译  发现页面  src/content/contribution/index.tsx
编译  发现页面  src/content/spot-feedback/index.tsx
编译  发现页面  src/content/settings/index.tsx
[2K[1A[2K[1A[2K[1A[2K[1A[2K[1A[2K[1A[2K[1A[2K[1A[2K[1A[2K[1A[2K[1A[2K[1A[2K[1A[2K[1A[2K[1A[2K[1A[2K[1A[2K[1A[2K[1A[2K[1A[2K[1A[2K[1A[2K[1A[2K[G
● Webpack █████████████████████████ setup (2%)  
 run

编译  发现入口  src/app.tsx
编译  发现页面  src/pages/map/index.tsx
编译  发现页面  src/pages/my/index.tsx
编译  发现页面  src/pages/auth/index.tsx
编译  发现页面  src/spot/search/index.tsx
编译  发现页面  src/spot/guides/index.tsx
编译  发现页面  src/spot/field/index.tsx
编译  发现页面  src/spot/plan/index.tsx
编译  发现页面  src/spot/data-source/index.tsx
编译  发现页面  src/sky/detail/index.tsx
编译  发现页面  src/content/article/detail/index.tsx
编译  发现页面  src/content/plan/detail/index.tsx
编译  发现页面  src/content/plan/list/index.tsx
编译  发现页面  src/content/plan/edit/index.tsx
编译  发现页面  src/content/event/list/index.tsx
编译  发现页面  src/content/event/detail/index.tsx
编译  发现页面  src/content/contribution/index.tsx
编译  发现页面  src/content/spot-feedback/index.tsx
编译  发现页面  src/content/settings/index.tsx
[2K[1A[2K[1A[2K[1A[2K[1A[2K[1A[2K[1A[2K[1A[2K[1A[2K[1A[2K[1A[2K[1A[2K[1A[2K[1A[2K[1A[2K[1A[2K[1A[2K[1A[2K[1A[2K[1A[2K[1A[2K[1A[2K[1A[2K[1A[2K[G
● Webpack █████████████████████████ building (10%) 0/40 entries 40/40 dependen
cies 0/40 modules 1 active 
 babel-loader › src\app.config.ts

编译  发现入口  src/app.tsx
编译  发现页面  src/pages/map/index.tsx
编译  发现页面  src/pages/my/index.tsx
编译  发现页面  src/pages/auth/index.tsx
编译  发现页面  src/spot/search/index.tsx
编译  发现页面  src/spot/guides/index.tsx
编译  发现页面  src/spot/field/index.tsx
编译  发现页面  src/spot/plan/index.tsx
编译  发现页面  src/spot/data-source/index.tsx
编译  发现页面  src/sky/detail/index.tsx
编译  发现页面  src/content/article/detail/index.tsx
编译  发现页面  src/content/plan/detail/index.tsx
编译  发现页面  src/content/plan/list/index.tsx
编译  发现页面  src/content/plan/edit/index.tsx
编译  发现页面  src/content/event/list/index.tsx
编译  发现页面  src/content/event/detail/index.tsx
编译  发现页面  src/content/contribution/index.tsx
编译  发现页面  src/content/spot-feedback/index.tsx
编译  发现页面  src/content/settings/index.tsx
[2K[1A[2K[1A[2K[1A[2K[1A[2K[1A[2K[1A[2K[1A[2K[1A[2K[1A[2K[1A[2K[1A[2K[1A[2K[1A[2K[1A[2K[1A[2K[1A[2K[1A[2K[1A[2K[1A[2K[1A[2K[1A[2K[1A[2K[1A[2K[1A[2K[G
● Webpack █████████████████████████ building (10%)  
 node_modules\@tarojs\webpack5-runner\dist\loaders\miniCompilerLoader.js

编译  发现入口  src/app.tsx
编译  发现页面  src/pages/map/index.tsx
编译  发现页面  src/pages/my/index.tsx
编译  发现页面  src/pages/auth/index.tsx
编译  发现页面  src/spot/search/index.tsx
编译  发现页面  src/spot/guides/index.tsx
编译  发现页面  src/spot/field/index.tsx
编译  发现页面  src/spot/plan/index.tsx
编译  发现页面  src/spot/data-source/index.tsx
编译  发现页面  src/sky/detail/index.tsx
编译  发现页面  src/content/article/detail/index.tsx
编译  发现页面  src/content/plan/detail/index.tsx
编译  发现页面  src/content/plan/list/index.tsx
编译  发现页面  src/content/plan/edit/index.tsx
编译  发现页面  src/content/event/list/index.tsx
编译  发现页面  src/content/event/detail/index.tsx
编译  发现页面  src/content/contribution/index.tsx
编译  发现页面  src/content/spot-feedback/index.tsx
编译  发现页面  src/content/settings/index.tsx
[2K[1A[2K[1A[2K[1A[2K[1A[2K[1A[2K[1A[2K[1A[2K[1A[2K[1A[2K[1A[2K[1A[2K[1A[2K[1A[2K[1A[2K[1A[2K[1A[2K[1A[2K[1A[2K[1A[2K[1A[2K[1A[2K[1A[2K[1A[2K[G
● Webpack █████████████████████████ building (10%) 0/40 entries 40/41 dependen
cies 0/40 modules 40 active 
 ...er › ..\..\node_modules\@tarojs\webpack5-runner\dist\template\custom-wrapp
er.js

编译  发现入口  src/app.tsx
编译  发现页面  src/pages/map/index.tsx
编译  发现页面  src/pages/my/index.tsx
编译  发现页面  src/pages/auth/index.tsx
编译  发现页面  src/spot/search/index.tsx
编译  发现页面  src/spot/guides/index.tsx
编译  发现页面  src/spot/field/index.tsx
编译  发现页面  src/spot/plan/index.tsx
编译  发现页面  src/spot/data-source/index.tsx
编译  发现页面  src/sky/detail/index.tsx
编译  发现页面  src/content/article/detail/index.tsx
编译  发现页面  src/content/plan/detail/index.tsx
编译  发现页面  src/content/plan/list/index.tsx
编译  发现页面  src/content/plan/edit/index.tsx
编译  发现页面  src/content/event/list/index.tsx
编译  发现页面  src/content/event/detail/index.tsx
编译  发现页面  src/content/contribution/index.tsx
编译  发现页面  src/content/spot-feedback/index.tsx
编译  发现页面  src/content/settings/index.tsx
[2K[1A[2K[1A[2K[1A[2K[1A[2K[1A[2K[1A[2K[1A[2K[1A[2K[1A[2K[1A[2K[1A[2K[1A[2K[1A[2K[1A[2K[1A[2K[1A[2K[1A[2K[1A[2K[1A[2K[1A[2K[1A[2K[1A[2K[1A[2K[1A[2K[1A[2K[G
● Webpack █████████████████████████ building (36%) 19/40 entries 233/303 depen
dencies 21/124 modules 43 active 
 babel-loader › src\theme\native-chrome.ts

编译  发现入口  src/app.tsx
编译  发现页面  src/pages/map/index.tsx
编译  发现页面  src/pages/my/index.tsx
编译  发现页面  src/pages/auth/index.tsx
编译  发现页面  src/spot/search/index.tsx
编译  发现页面  src/spot/guides/index.tsx
编译  发现页面  src/spot/field/index.tsx
编译  发现页面  src/spot/plan/index.tsx
编译  发现页面  src/spot/data-source/index.tsx
编译  发现页面  src/sky/detail/index.tsx
编译  发现页面  src/content/article/detail/index.tsx
编译  发现页面  src/content/plan/detail/index.tsx
编译  发现页面  src/content/plan/list/index.tsx
编译  发现页面  src/content/plan/edit/index.tsx
编译  发现页面  src/content/event/list/index.tsx
编译  发现页面  src/content/event/detail/index.tsx
编译  发现页面  src/content/contribution/index.tsx
编译  发现页面  src/content/spot-feedback/index.tsx
编译  发现页面  src/content/settings/index.tsx
[2K[1A[2K[1A[2K[1A[2K[1A[2K[1A[2K[1A[2K[1A[2K[1A[2K[1A[2K[1A[2K[1A[2K[1A[2K[1A[2K[1A[2K[1A[2K[1A[2K[1A[2K[1A[2K[1A[2K[1A[2K[1A[2K[1A[2K[1A[2K[1A[2K[G
● Webpack █████████████████████████ building (36%) 19/40 entries 285/338 depen
dencies 21/135 modules 71 active 
 babel-loader › src\pages\map\panel-spring-style.ts

编译  发现入口  src/app.tsx
编译  发现页面  src/pages/map/index.tsx
编译  发现页面  src/pages/my/index.tsx
编译  发现页面  src/pages/auth/index.tsx
编译  发现页面  src/spot/search/index.tsx
编译  发现页面  src/spot/guides/index.tsx
编译  发现页面  src/spot/field/index.tsx
编译  发现页面  src/spot/plan/index.tsx
编译  发现页面  src/spot/data-source/index.tsx
编译  发现页面  src/sky/detail/index.tsx
编译  发现页面  src/content/article/detail/index.tsx
编译  发现页面  src/content/plan/detail/index.tsx
编译  发现页面  src/content/plan/list/index.tsx
编译  发现页面  src/content/plan/edit/index.tsx
编译  发现页面  src/content/event/list/index.tsx
编译  发现页面  src/content/event/detail/index.tsx
编译  发现页面  src/content/contribution/index.tsx
编译  发现页面  src/content/spot-feedback/index.tsx
编译  发现页面  src/content/settings/index.tsx
[2K[1A[2K[1A[2K[1A[2K[1A[2K[1A[2K[1A[2K[1A[2K[1A[2K[1A[2K[1A[2K[1A[2K[1A[2K[1A[2K[1A[2K[1A[2K[1A[2K[1A[2K[1A[2K[1A[2K[1A[2K[1A[2K[1A[2K[1A[2K[1A[2K[G
● Webpack █████████████████████████ building (36%) 19/40 entries 333/347 depen
dencies 21/175 modules 120 active 
 babel-loader › ..\..\node_modules\@tarojs\runtime\dist\options.js

编译  发现入口  src/app.tsx
编译  发现页面  src/pages/map/index.tsx
编译  发现页面  src/pages/my/index.tsx
编译  发现页面  src/pages/auth/index.tsx
编译  发现页面  src/spot/search/index.tsx
编译  发现页面  src/spot/guides/index.tsx
编译  发现页面  src/spot/field/index.tsx
编译  发现页面  src/spot/plan/index.tsx
编译  发现页面  src/spot/data-source/index.tsx
编译  发现页面  src/sky/detail/index.tsx
编译  发现页面  src/content/article/detail/index.tsx
编译  发现页面  src/content/plan/detail/index.tsx
编译  发现页面  src/content/plan/list/index.tsx
编译  发现页面  src/content/plan/edit/index.tsx
编译  发现页面  src/content/event/list/index.tsx
编译  发现页面  src/content/event/detail/index.tsx
编译  发现页面  src/content/contribution/index.tsx
编译  发现页面  src/content/spot-feedback/index.tsx
编译  发现页面  src/content/settings/index.tsx
[2K[1A[2K[1A[2K[1A[2K[1A[2K[1A[2K[1A[2K[1A[2K[1A[2K[1A[2K[1A[2K[1A[2K[1A[2K[1A[2K[1A[2K[1A[2K[1A[2K[1A[2K[1A[2K[1A[2K[1A[2K[1A[2K[1A[2K[1A[2K[1A[2K[G
● Webpack █████████████████████████ building (36%) 19/40 entries 344/400 depen
dencies 21/186 modules 128 active 
 babel-loader › ..\..\node_modules\@tarojs\runtime\dist\bom\raf.js

编译  发现入口  src/app.tsx
编译  发现页面  src/pages/map/index.tsx
编译  发现页面  src/pages/my/index.tsx
编译  发现页面  src/pages/auth/index.tsx
编译  发现页面  src/spot/search/index.tsx
编译  发现页面  src/spot/guides/index.tsx
编译  发现页面  src/spot/field/index.tsx
编译  发现页面  src/spot/plan/index.tsx
编译  发现页面  src/spot/data-source/index.tsx
编译  发现页面  src/sky/detail/index.tsx
编译  发现页面  src/content/article/detail/index.tsx
编译  发现页面  src/content/plan/detail/index.tsx
编译  发现页面  src/content/plan/list/index.tsx
编译  发现页面  src/content/plan/edit/index.tsx
编译  发现页面  src/content/event/list/index.tsx
编译  发现页面  src/content/event/detail/index.tsx
编译  发现页面  src/content/contribution/index.tsx
编译  发现页面  src/content/spot-feedback/index.tsx
编译  发现页面  src/content/settings/index.tsx
[2K[1A[2K[1A[2K[1A[2K[1A[2K[1A[2K[1A[2K[1A[2K[1A[2K[1A[2K[1A[2K[1A[2K[1A[2K[1A[2K[1A[2K[1A[2K[1A[2K[1A[2K[1A[2K[1A[2K[1A[2K[1A[2K[1A[2K[1A[2K[1A[2K[G
● Webpack █████████████████████████ building (36%) 19/40 entries 425/621 depen
dencies 26/200 modules 123 active 
 babel-loader › ..\..\node_modules\@tarojs\runtime\dist\bom\raf.js

编译  发现入口  src/app.tsx
编译  发现页面  src/pages/map/index.tsx
编译  发现页面  src/pages/my/index.tsx
编译  发现页面  src/pages/auth/index.tsx
编译  发现页面  src/spot/search/index.tsx
编译  发现页面  src/spot/guides/index.tsx
编译  发现页面  src/spot/field/index.tsx
编译  发现页面  src/spot/plan/index.tsx
编译  发现页面  src/spot/data-source/index.tsx
编译  发现页面  src/sky/detail/index.tsx
编译  发现页面  src/content/article/detail/index.tsx
编译  发现页面  src/content/plan/detail/index.tsx
编译  发现页面  src/content/plan/list/index.tsx
编译  发现页面  src/content/plan/edit/index.tsx
编译  发现页面  src/content/event/list/index.tsx
编译  发现页面  src/content/event/detail/index.tsx
编译  发现页面  src/content/contribution/index.tsx
编译  发现页面  src/content/spot-feedback/index.tsx
编译  发现页面  src/content/settings/index.tsx
[2K[1A[2K[1A[2K[1A[2K[1A[2K[1A[2K[1A[2K[1A[2K[1A[2K[1A[2K[1A[2K[1A[2K[1A[2K[1A[2K[1A[2K[1A[2K[1A[2K[1A[2K[1A[2K[1A[2K[1A[2K[1A[2K[1A[2K[1A[2K[1A[2K[G
● Webpack █████████████████████████ building (36%) 19/40 entries 613/799 depen
dencies 38/233 modules 111 active 
 babel-loader › ..\..\node_modules\@tarojs\runtime\dist\bom\location.js

编译  发现入口  src/app.tsx
编译  发现页面  src/pages/map/index.tsx
编译  发现页面  src/pages/my/index.tsx
编译  发现页面  src/pages/auth/index.tsx
编译  发现页面  src/spot/search/index.tsx
编译  发现页面  src/spot/guides/index.tsx
编译  发现页面  src/spot/field/index.tsx
编译  发现页面  src/spot/plan/index.tsx
编译  发现页面  src/spot/data-source/index.tsx
编译  发现页面  src/sky/detail/index.tsx
编译  发现页面  src/content/article/detail/index.tsx
编译  发现页面  src/content/plan/detail/index.tsx
编译  发现页面  src/content/plan/list/index.tsx
编译  发现页面  src/content/plan/edit/index.tsx
编译  发现页面  src/content/event/list/index.tsx
编译  发现页面  src/content/event/detail/index.tsx
编译  发现页面  src/content/contribution/index.tsx
编译  发现页面  src/content/spot-feedback/index.tsx
编译  发现页面  src/content/settings/index.tsx
[2K[1A[2K[1A[2K[1A[2K[1A[2K[1A[2K[1A[2K[1A[2K[1A[2K[1A[2K[1A[2K[1A[2K[1A[2K[1A[2K[1A[2K[1A[2K[1A[2K[1A[2K[1A[2K[1A[2K[1A[2K[1A[2K[1A[2K[1A[2K[1A[2K[G
● Webpack █████████████████████████ building (36%) 19/40 entries 750/802 depen
dencies 38/263 modules 112 active 
 babel-loader › ..\..\node_modules\@tarojs\runtime\dist\bom\URL.js

编译  发现入口  src/app.tsx
编译  发现页面  src/pages/map/index.tsx
编译  发现页面  src/pages/my/index.tsx
编译  发现页面  src/pages/auth/index.tsx
编译  发现页面  src/spot/search/index.tsx
编译  发现页面  src/spot/guides/index.tsx
编译  发现页面  src/spot/field/index.tsx
编译  发现页面  src/spot/plan/index.tsx
编译  发现页面  src/spot/data-source/index.tsx
编译  发现页面  src/sky/detail/index.tsx
编译  发现页面  src/content/article/detail/index.tsx
编译  发现页面  src/content/plan/detail/index.tsx
编译  发现页面  src/content/plan/list/index.tsx
编译  发现页面  src/content/plan/edit/index.tsx
编译  发现页面  src/content/event/list/index.tsx
编译  发现页面  src/content/event/detail/index.tsx
编译  发现页面  src/content/contribution/index.tsx
编译  发现页面  src/content/spot-feedback/index.tsx
编译  发现页面  src/content/settings/index.tsx
[2K[1A[2K[1A[2K[1A[2K[1A[2K[1A[2K[1A[2K[1A[2K[1A[2K[1A[2K[1A[2K[1A[2K[1A[2K[1A[2K[1A[2K[1A[2K[1A[2K[1A[2K[1A[2K[1A[2K[1A[2K[1A[2K[1A[2K[1A[2K[1A[2K[G
● Webpack █████████████████████████ building (36%)  
 node_modules\postcss-loader\dist\cjs.js

编译  发现入口  src/app.tsx
编译  发现页面  src/pages/map/index.tsx
编译  发现页面  src/pages/my/index.tsx
编译  发现页面  src/pages/auth/index.tsx
编译  发现页面  src/spot/search/index.tsx
编译  发现页面  src/spot/guides/index.tsx
编译  发现页面  src/spot/field/index.tsx
编译  发现页面  src/spot/plan/index.tsx
编译  发现页面  src/spot/data-source/index.tsx
编译  发现页面  src/sky/detail/index.tsx
编译  发现页面  src/content/article/detail/index.tsx
编译  发现页面  src/content/plan/detail/index.tsx
编译  发现页面  src/content/plan/list/index.tsx
编译  发现页面  src/content/plan/edit/index.tsx
编译  发现页面  src/content/event/list/index.tsx
编译  发现页面  src/content/event/detail/index.tsx
编译  发现页面  src/content/contribution/index.tsx
编译  发现页面  src/content/spot-feedback/index.tsx
编译  发现页面  src/content/settings/index.tsx
[2K[1A[2K[1A[2K[1A[2K[1A[2K[1A[2K[1A[2K[1A[2K[1A[2K[1A[2K[1A[2K[1A[2K[1A[2K[1A[2K[1A[2K[1A[2K[1A[2K[1A[2K[1A[2K[1A[2K[1A[2K[1A[2K[1A[2K[1A[2K[G
● Webpack █████████████████████████ building (36%) 19/40 entries 750/803 depen
dencies 38/263 modules 139 active 
 ...› postcss-loader › resolve-url-loader › sass-loader › src\pages\auth\index
.scss

编译  发现入口  src/app.tsx
编译  发现页面  src/pages/map/index.tsx
编译  发现页面  src/pages/my/index.tsx
编译  发现页面  src/pages/auth/index.tsx
编译  发现页面  src/spot/search/index.tsx
编译  发现页面  src/spot/guides/index.tsx
编译  发现页面  src/spot/field/index.tsx
编译  发现页面  src/spot/plan/index.tsx
编译  发现页面  src/spot/data-source/index.tsx
编译  发现页面  src/sky/detail/index.tsx
编译  发现页面  src/content/article/detail/index.tsx
编译  发现页面  src/content/plan/detail/index.tsx
编译  发现页面  src/content/plan/list/index.tsx
编译  发现页面  src/content/plan/edit/index.tsx
编译  发现页面  src/content/event/list/index.tsx
编译  发现页面  src/content/event/detail/index.tsx
编译  发现页面  src/content/contribution/index.tsx
编译  发现页面  src/content/spot-feedback/index.tsx
编译  发现页面  src/content/settings/index.tsx
[2K[1A[2K[1A[2K[1A[2K[1A[2K[1A[2K[1A[2K[1A[2K[1A[2K[1A[2K[1A[2K[1A[2K[1A[2K[1A[2K[1A[2K[1A[2K[1A[2K[1A[2K[1A[2K[1A[2K[1A[2K[1A[2K[1A[2K[1A[2K[1A[2K[1A[2K[G
● Webpack █████████████████████████ building (36%) 19/40 entries 900/1000 depe
ndencies 49/317 modules 211 active 
 babel-loader › src\content\plan\detail\plan-selection.ts

编译  发现入口  src/app.tsx
编译  发现页面  src/pages/map/index.tsx
编译  发现页面  src/pages/my/index.tsx
编译  发现页面  src/pages/auth/index.tsx
编译  发现页面  src/spot/search/index.tsx
编译  发现页面  src/spot/guides/index.tsx
编译  发现页面  src/spot/field/index.tsx
编译  发现页面  src/spot/plan/index.tsx
编译  发现页面  src/spot/data-source/index.tsx
编译  发现页面  src/sky/detail/index.tsx
编译  发现页面  src/content/article/detail/index.tsx
编译  发现页面  src/content/plan/detail/index.tsx
编译  发现页面  src/content/plan/list/index.tsx
编译  发现页面  src/content/plan/edit/index.tsx
编译  发现页面  src/content/event/list/index.tsx
编译  发现页面  src/content/event/detail/index.tsx
编译  发现页面  src/content/contribution/index.tsx
编译  发现页面  src/content/spot-feedback/index.tsx
编译  发现页面  src/content/settings/index.tsx
[2K[1A[2K[1A[2K[1A[2K[1A[2K[1A[2K[1A[2K[1A[2K[1A[2K[1A[2K[1A[2K[1A[2K[1A[2K[1A[2K[1A[2K[1A[2K[1A[2K[1A[2K[1A[2K[1A[2K[1A[2K[1A[2K[1A[2K[1A[2K[1A[2K[G
● Webpack █████████████████████████ building (36%) 19/40 entries 961/1100 depe
ndencies 56/324 modules 204 active 
 babel-loader › src\content\plan\detail\plan-selection.ts

编译  发现入口  src/app.tsx
编译  发现页面  src/pages/map/index.tsx
编译  发现页面  src/pages/my/index.tsx
编译  发现页面  src/pages/auth/index.tsx
编译  发现页面  src/spot/search/index.tsx
编译  发现页面  src/spot/guides/index.tsx
编译  发现页面  src/spot/field/index.tsx
编译  发现页面  src/spot/plan/index.tsx
编译  发现页面  src/spot/data-source/index.tsx
编译  发现页面  src/sky/detail/index.tsx
编译  发现页面  src/content/article/detail/index.tsx
编译  发现页面  src/content/plan/detail/index.tsx
编译  发现页面  src/content/plan/list/index.tsx
编译  发现页面  src/content/plan/edit/index.tsx
编译  发现页面  src/content/event/list/index.tsx
编译  发现页面  src/content/event/detail/index.tsx
编译  发现页面  src/content/contribution/index.tsx
编译  发现页面  src/content/spot-feedback/index.tsx
编译  发现页面  src/content/settings/index.tsx
[2K[1A[2K[1A[2K[1A[2K[1A[2K[1A[2K[1A[2K[1A[2K[1A[2K[1A[2K[1A[2K[1A[2K[1A[2K[1A[2K[1A[2K[1A[2K[1A[2K[1A[2K[1A[2K[1A[2K[1A[2K[1A[2K[1A[2K[1A[2K[1A[2K[G
● Webpack █████████████████████████ building (36%) 19/40 entries 1185/1245 dep
endencies 93/347 modules 168 active 
 babel-loader › src\content\plan\detail\plan-draft.ts

编译  发现入口  src/app.tsx
编译  发现页面  src/pages/map/index.tsx
编译  发现页面  src/pages/my/index.tsx
编译  发现页面  src/pages/auth/index.tsx
编译  发现页面  src/spot/search/index.tsx
编译  发现页面  src/spot/guides/index.tsx
编译  发现页面  src/spot/field/index.tsx
编译  发现页面  src/spot/plan/index.tsx
编译  发现页面  src/spot/data-source/index.tsx
编译  发现页面  src/sky/detail/index.tsx
编译  发现页面  src/content/article/detail/index.tsx
编译  发现页面  src/content/plan/detail/index.tsx
编译  发现页面  src/content/plan/list/index.tsx
编译  发现页面  src/content/plan/edit/index.tsx
编译  发现页面  src/content/event/list/index.tsx
编译  发现页面  src/content/event/detail/index.tsx
编译  发现页面  src/content/contribution/index.tsx
编译  发现页面  src/content/spot-feedback/index.tsx
编译  发现页面  src/content/settings/index.tsx
[2K[1A[2K[1A[2K[1A[2K[1A[2K[1A[2K[1A[2K[1A[2K[1A[2K[1A[2K[1A[2K[1A[2K[1A[2K[1A[2K[1A[2K[1A[2K[1A[2K[1A[2K[1A[2K[1A[2K[1A[2K[1A[2K[1A[2K[1A[2K[1A[2K[G
● Webpack █████████████████████████ building (36%) 19/40 entries 1249/1257 dep
endencies 109/383 modules 249 active 
 ...der › resolve-url-loader › sass-loader › src\components\selected-card-star
.scss

编译  发现入口  src/app.tsx
编译  发现页面  src/pages/map/index.tsx
编译  发现页面  src/pages/my/index.tsx
编译  发现页面  src/pages/auth/index.tsx
编译  发现页面  src/spot/search/index.tsx
编译  发现页面  src/spot/guides/index.tsx
编译  发现页面  src/spot/field/index.tsx
编译  发现页面  src/spot/plan/index.tsx
编译  发现页面  src/spot/data-source/index.tsx
编译  发现页面  src/sky/detail/index.tsx
编译  发现页面  src/content/article/detail/index.tsx
编译  发现页面  src/content/plan/detail/index.tsx
编译  发现页面  src/content/plan/list/index.tsx
编译  发现页面  src/content/plan/edit/index.tsx
编译  发现页面  src/content/event/list/index.tsx
编译  发现页面  src/content/event/detail/index.tsx
编译  发现页面  src/content/contribution/index.tsx
编译  发现页面  src/content/spot-feedback/index.tsx
编译  发现页面  src/content/settings/index.tsx
[2K[1A[2K[1A[2K[1A[2K[1A[2K[1A[2K[1A[2K[1A[2K[1A[2K[1A[2K[1A[2K[1A[2K[1A[2K[1A[2K[1A[2K[1A[2K[1A[2K[1A[2K[1A[2K[1A[2K[1A[2K[1A[2K[1A[2K[1A[2K[1A[2K[1A[2K[G
● Webpack █████████████████████████ building (36%) 19/40 entries 1299/1348 dep
endencies 151/393 modules 210 active 
 ...apps\wechat-miniapp\node_modules\@tanstack\react-query\build\modern\useQue
ry.js

编译  发现入口  src/app.tsx
编译  发现页面  src/pages/map/index.tsx
编译  发现页面  src/pages/my/index.tsx
编译  发现页面  src/pages/auth/index.tsx
编译  发现页面  src/spot/search/index.tsx
编译  发现页面  src/spot/guides/index.tsx
编译  发现页面  src/spot/field/index.tsx
编译  发现页面  src/spot/plan/index.tsx
编译  发现页面  src/spot/data-source/index.tsx
编译  发现页面  src/sky/detail/index.tsx
编译  发现页面  src/content/article/detail/index.tsx
编译  发现页面  src/content/plan/detail/index.tsx
编译  发现页面  src/content/plan/list/index.tsx
编译  发现页面  src/content/plan/edit/index.tsx
编译  发现页面  src/content/event/list/index.tsx
编译  发现页面  src/content/event/detail/index.tsx
编译  发现页面  src/content/contribution/index.tsx
编译  发现页面  src/content/spot-feedback/index.tsx
编译  发现页面  src/content/settings/index.tsx
[2K[1A[2K[1A[2K[1A[2K[1A[2K[1A[2K[1A[2K[1A[2K[1A[2K[1A[2K[1A[2K[1A[2K[1A[2K[1A[2K[1A[2K[1A[2K[1A[2K[1A[2K[1A[2K[1A[2K[1A[2K[1A[2K[1A[2K[1A[2K[1A[2K[1A[2K[G
● Webpack █████████████████████████ building (36%) 19/40 entries 1341/1390 dep
endencies 180/395 modules 190 active 
 ...at-miniapp\node_modules\@tanstack\react-query\build\modern\HydrationBounda
ry.js

编译  发现入口  src/app.tsx
编译  发现页面  src/pages/map/index.tsx
编译  发现页面  src/pages/my/index.tsx
编译  发现页面  src/pages/auth/index.tsx
编译  发现页面  src/spot/search/index.tsx
编译  发现页面  src/spot/guides/index.tsx
编译  发现页面  src/spot/field/index.tsx
编译  发现页面  src/spot/plan/index.tsx
编译  发现页面  src/spot/data-source/index.tsx
编译  发现页面  src/sky/detail/index.tsx
编译  发现页面  src/content/article/detail/index.tsx
编译  发现页面  src/content/plan/detail/index.tsx
编译  发现页面  src/content/plan/list/index.tsx
编译  发现页面  src/content/plan/edit/index.tsx
编译  发现页面  src/content/event/list/index.tsx
编译  发现页面  src/content/event/detail/index.tsx
编译  发现页面  src/content/contribution/index.tsx
编译  发现页面  src/content/spot-feedback/index.tsx
编译  发现页面  src/content/settings/index.tsx
[2K[1A[2K[1A[2K[1A[2K[1A[2K[1A[2K[1A[2K[1A[2K[1A[2K[1A[2K[1A[2K[1A[2K[1A[2K[1A[2K[1A[2K[1A[2K[1A[2K[1A[2K[1A[2K[1A[2K[1A[2K[1A[2K[1A[2K[1A[2K[1A[2K[1A[2K[G
● Webpack █████████████████████████ building (36%) 19/40 entries 1400/1407 dep
endencies 209/406 modules 196 active 
 ...t-miniapp\node_modules\@tanstack\react-query\build\modern\errorBoundaryUti
ls.js

编译  发现入口  src/app.tsx
编译  发现页面  src/pages/map/index.tsx
编译  发现页面  src/pages/my/index.tsx
编译  发现页面  src/pages/auth/index.tsx
编译  发现页面  src/spot/search/index.tsx
编译  发现页面  src/spot/guides/index.tsx
编译  发现页面  src/spot/field/index.tsx
编译  发现页面  src/spot/plan/index.tsx
编译  发现页面  src/spot/data-source/index.tsx
编译  发现页面  src/sky/detail/index.tsx
编译  发现页面  src/content/article/detail/index.tsx
编译  发现页面  src/content/plan/detail/index.tsx
编译  发现页面  src/content/plan/list/index.tsx
编译  发现页面  src/content/plan/edit/index.tsx
编译  发现页面  src/content/event/list/index.tsx
编译  发现页面  src/content/event/detail/index.tsx
编译  发现页面  src/content/contribution/index.tsx
编译  发现页面  src/content/spot-feedback/index.tsx
编译  发现页面  src/content/settings/index.tsx
[2K[1A[2K[1A[2K[1A[2K[1A[2K[1A[2K[1A[2K[1A[2K[1A[2K[1A[2K[1A[2K[1A[2K[1A[2K[1A[2K[1A[2K[1A[2K[1A[2K[1A[2K[1A[2K[1A[2K[1A[2K[1A[2K[1A[2K[1A[2K[1A[2K[1A[2K[G
● Webpack █████████████████████████ building (36%) 19/40 entries 1404/1430 dep
endencies 224/407 modules 183 active 
 ...pt\esm|E:\dev\Starward\node_modules\@babel\runtime\helpers\esm\superPropBa
se.js

编译  发现入口  src/app.tsx
编译  发现页面  src/pages/map/index.tsx
编译  发现页面  src/pages/my/index.tsx
编译  发现页面  src/pages/auth/index.tsx
编译  发现页面  src/spot/search/index.tsx
编译  发现页面  src/spot/guides/index.tsx
编译  发现页面  src/spot/field/index.tsx
编译  发现页面  src/spot/plan/index.tsx
编译  发现页面  src/spot/data-source/index.tsx
编译  发现页面  src/sky/detail/index.tsx
编译  发现页面  src/content/article/detail/index.tsx
编译  发现页面  src/content/plan/detail/index.tsx
编译  发现页面  src/content/plan/list/index.tsx
编译  发现页面  src/content/plan/edit/index.tsx
编译  发现页面  src/content/event/list/index.tsx
编译  发现页面  src/content/event/detail/index.tsx
编译  发现页面  src/content/contribution/index.tsx
编译  发现页面  src/content/spot-feedback/index.tsx
编译  发现页面  src/content/settings/index.tsx
[2K[1A[2K[1A[2K[1A[2K[1A[2K[1A[2K[1A[2K[1A[2K[1A[2K[1A[2K[1A[2K[1A[2K[1A[2K[1A[2K[1A[2K[1A[2K[1A[2K[1A[2K[1A[2K[1A[2K[1A[2K[1A[2K[1A[2K[1A[2K[1A[2K[1A[2K[G
● Webpack █████████████████████████ building (36%) 19/40 entries 1436/1452 dep
endencies 241/409 modules 168 active 
 babel-loader › ..\..\node_modules\@tarojs\api\dist\index.js

编译  发现入口  src/app.tsx
编译  发现页面  src/pages/map/index.tsx
编译  发现页面  src/pages/my/index.tsx
编译  发现页面  src/pages/auth/index.tsx
编译  发现页面  src/spot/search/index.tsx
编译  发现页面  src/spot/guides/index.tsx
编译  发现页面  src/spot/field/index.tsx
编译  发现页面  src/spot/plan/index.tsx
编译  发现页面  src/spot/data-source/index.tsx
编译  发现页面  src/sky/detail/index.tsx
编译  发现页面  src/content/article/detail/index.tsx
编译  发现页面  src/content/plan/detail/index.tsx
编译  发现页面  src/content/plan/list/index.tsx
编译  发现页面  src/content/plan/edit/index.tsx
编译  发现页面  src/content/event/list/index.tsx
编译  发现页面  src/content/event/detail/index.tsx
编译  发现页面  src/content/contribution/index.tsx
编译  发现页面  src/content/spot-feedback/index.tsx
编译  发现页面  src/content/settings/index.tsx
[2K[1A[2K[1A[2K[1A[2K[1A[2K[1A[2K[1A[2K[1A[2K[1A[2K[1A[2K[1A[2K[1A[2K[1A[2K[1A[2K[1A[2K[1A[2K[1A[2K[1A[2K[1A[2K[1A[2K[1A[2K[1A[2K[1A[2K[1A[2K[1A[2K[G
● Webpack █████████████████████████ building (38%) 21/40 entries 1471/1492 dep
endencies 267/414 modules 147 active 
 babel-loader › ..\..\node_modules\@tarojs\api\dist\tools.js

编译  发现入口  src/app.tsx
编译  发现页面  src/pages/map/index.tsx
编译  发现页面  src/pages/my/index.tsx
编译  发现页面  src/pages/auth/index.tsx
编译  发现页面  src/spot/search/index.tsx
编译  发现页面  src/spot/guides/index.tsx
编译  发现页面  src/spot/field/index.tsx
编译  发现页面  src/spot/plan/index.tsx
编译  发现页面  src/spot/data-source/index.tsx
编译  发现页面  src/sky/detail/index.tsx
编译  发现页面  src/content/article/detail/index.tsx
编译  发现页面  src/content/plan/detail/index.tsx
编译  发现页面  src/content/plan/list/index.tsx
编译  发现页面  src/content/plan/edit/index.tsx
编译  发现页面  src/content/event/list/index.tsx
编译  发现页面  src/content/event/detail/index.tsx
编译  发现页面  src/content/contribution/index.tsx
编译  发现页面  src/content/spot-feedback/index.tsx
编译  发现页面  src/content/settings/index.tsx
[2K[1A[2K[1A[2K[1A[2K[1A[2K[1A[2K[1A[2K[1A[2K[1A[2K[1A[2K[1A[2K[1A[2K[1A[2K[1A[2K[1A[2K[1A[2K[1A[2K[1A[2K[1A[2K[1A[2K[1A[2K[1A[2K[1A[2K[1A[2K[1A[2K[G
● Webpack █████████████████████████ building (38%) 21/40 entries 1497/1553 dep
endencies 272/435 modules 162 active 
 ...ard\apps\wechat-miniapp\node_modules\@tanstack\query-core\build\modern\que
ry.js

编译  发现入口  src/app.tsx
编译  发现页面  src/pages/map/index.tsx
编译  发现页面  src/pages/my/index.tsx
编译  发现页面  src/pages/auth/index.tsx
编译  发现页面  src/spot/search/index.tsx
编译  发现页面  src/spot/guides/index.tsx
编译  发现页面  src/spot/field/index.tsx
编译  发现页面  src/spot/plan/index.tsx
编译  发现页面  src/spot/data-source/index.tsx
编译  发现页面  src/sky/detail/index.tsx
编译  发现页面  src/content/article/detail/index.tsx
编译  发现页面  src/content/plan/detail/index.tsx
编译  发现页面  src/content/plan/list/index.tsx
编译  发现页面  src/content/plan/edit/index.tsx
编译  发现页面  src/content/event/list/index.tsx
编译  发现页面  src/content/event/detail/index.tsx
编译  发现页面  src/content/contribution/index.tsx
编译  发现页面  src/content/spot-feedback/index.tsx
编译  发现页面  src/content/settings/index.tsx
[2K[1A[2K[1A[2K[1A[2K[1A[2K[1A[2K[1A[2K[1A[2K[1A[2K[1A[2K[1A[2K[1A[2K[1A[2K[1A[2K[1A[2K[1A[2K[1A[2K[1A[2K[1A[2K[1A[2K[1A[2K[1A[2K[1A[2K[1A[2K[1A[2K[1A[2K[G
● Webpack █████████████████████████ building (38%) 21/40 entries 1565/1565 dep
endencies 327/443 modules 115 active 
 ..\..\node_modules\css-loader\dist\runtime\api.js

编译  发现入口  src/app.tsx
编译  发现页面  src/pages/map/index.tsx
编译  发现页面  src/pages/my/index.tsx
编译  发现页面  src/pages/auth/index.tsx
编译  发现页面  src/spot/search/index.tsx
编译  发现页面  src/spot/guides/index.tsx
编译  发现页面  src/spot/field/index.tsx
编译  发现页面  src/spot/plan/index.tsx
编译  发现页面  src/spot/data-source/index.tsx
编译  发现页面  src/sky/detail/index.tsx
编译  发现页面  src/content/article/detail/index.tsx
编译  发现页面  src/content/plan/detail/index.tsx
编译  发现页面  src/content/plan/list/index.tsx
编译  发现页面  src/content/plan/edit/index.tsx
编译  发现页面  src/content/event/list/index.tsx
编译  发现页面  src/content/event/detail/index.tsx
编译  发现页面  src/content/contribution/index.tsx
编译  发现页面  src/content/spot-feedback/index.tsx
编译  发现页面  src/content/settings/index.tsx
[2K[1A[2K[1A[2K[1A[2K[1A[2K[1A[2K[1A[2K[1A[2K[1A[2K[1A[2K[1A[2K[1A[2K[1A[2K[1A[2K[1A[2K[1A[2K[1A[2K[1A[2K[1A[2K[1A[2K[1A[2K[1A[2K[1A[2K[1A[2K[1A[2K[G
● Webpack █████████████████████████ building (40%) 22/40 entries 1589/1589 dep
endencies 341/451 modules 104 active 
 ...ader › resolve-url-loader › sass-loader › src\components\provenance.scss|0
|||}}

编译  发现入口  src/app.tsx
编译  发现页面  src/pages/map/index.tsx
编译  发现页面  src/pages/my/index.tsx
编译  发现页面  src/pages/auth/index.tsx
编译  发现页面  src/spot/search/index.tsx
编译  发现页面  src/spot/guides/index.tsx
编译  发现页面  src/spot/field/index.tsx
编译  发现页面  src/spot/plan/index.tsx
编译  发现页面  src/spot/data-source/index.tsx
编译  发现页面  src/sky/detail/index.tsx
编译  发现页面  src/content/article/detail/index.tsx
编译  发现页面  src/content/plan/detail/index.tsx
编译  发现页面  src/content/plan/list/index.tsx
编译  发现页面  src/content/plan/edit/index.tsx
编译  发现页面  src/content/event/list/index.tsx
编译  发现页面  src/content/event/detail/index.tsx
编译  发现页面  src/content/contribution/index.tsx
编译  发现页面  src/content/spot-feedback/index.tsx
编译  发现页面  src/content/settings/index.tsx
[2K[1A[2K[1A[2K[1A[2K[1A[2K[1A[2K[1A[2K[1A[2K[1A[2K[1A[2K[1A[2K[1A[2K[1A[2K[1A[2K[1A[2K[1A[2K[1A[2K[1A[2K[1A[2K[1A[2K[1A[2K[1A[2K[1A[2K[1A[2K[1A[2K[1A[2K[G
● Webpack █████████████████████████ building (40%) 22/40 entries 1616/1622 dep
endencies 381/460 modules 74 active 
 ... resolve-url-loader › sass-loader › src\content\spot-feedback\index.scss|0
|||}}

编译  发现入口  src/app.tsx
编译  发现页面  src/pages/map/index.tsx
编译  发现页面  src/pages/my/index.tsx
编译  发现页面  src/pages/auth/index.tsx
编译  发现页面  src/spot/search/index.tsx
编译  发现页面  src/spot/guides/index.tsx
编译  发现页面  src/spot/field/index.tsx
编译  发现页面  src/spot/plan/index.tsx
编译  发现页面  src/spot/data-source/index.tsx
编译  发现页面  src/sky/detail/index.tsx
编译  发现页面  src/content/article/detail/index.tsx
编译  发现页面  src/content/plan/detail/index.tsx
编译  发现页面  src/content/plan/list/index.tsx
编译  发现页面  src/content/plan/edit/index.tsx
编译  发现页面  src/content/event/list/index.tsx
编译  发现页面  src/content/event/detail/index.tsx
编译  发现页面  src/content/contribution/index.tsx
编译  发现页面  src/content/spot-feedback/index.tsx
编译  发现页面  src/content/settings/index.tsx
[2K[1A[2K[1A[2K[1A[2K[1A[2K[1A[2K[1A[2K[1A[2K[1A[2K[1A[2K[1A[2K[1A[2K[1A[2K[1A[2K[1A[2K[1A[2K[1A[2K[1A[2K[1A[2K[1A[2K[1A[2K[1A[2K[1A[2K[1A[2K[1A[2K[1A[2K[G
● Webpack █████████████████████████ building (62%) 38/40 entries 1648/1648 dep
endencies 461/470 modules 8 active 
 ...ve-url-loader › sass-loader › src\content\plan\detail\plan-reminder-editor
.scss

编译  发现入口  src/app.tsx
编译  发现页面  src/pages/map/index.tsx
编译  发现页面  src/pages/my/index.tsx
编译  发现页面  src/pages/auth/index.tsx
编译  发现页面  src/spot/search/index.tsx
编译  发现页面  src/spot/guides/index.tsx
编译  发现页面  src/spot/field/index.tsx
编译  发现页面  src/spot/plan/index.tsx
编译  发现页面  src/spot/data-source/index.tsx
编译  发现页面  src/sky/detail/index.tsx
编译  发现页面  src/content/article/detail/index.tsx
编译  发现页面  src/content/plan/detail/index.tsx
编译  发现页面  src/content/plan/list/index.tsx
编译  发现页面  src/content/plan/edit/index.tsx
编译  发现页面  src/content/event/list/index.tsx
编译  发现页面  src/content/event/detail/index.tsx
编译  发现页面  src/content/contribution/index.tsx
编译  发现页面  src/content/spot-feedback/index.tsx
编译  发现页面  src/content/settings/index.tsx
[2K[1A[2K[1A[2K[1A[2K[1A[2K[1A[2K[1A[2K[1A[2K[1A[2K[1A[2K[1A[2K[1A[2K[1A[2K[1A[2K[1A[2K[1A[2K[1A[2K[1A[2K[1A[2K[1A[2K[1A[2K[1A[2K[1A[2K[1A[2K[1A[2K[1A[2K[G
● Webpack █████████████████████████ sealing (71%)  
 dependencies optimization

编译  发现入口  src/app.tsx
编译  发现页面  src/pages/map/index.tsx
编译  发现页面  src/pages/my/index.tsx
编译  发现页面  src/pages/auth/index.tsx
编译  发现页面  src/spot/search/index.tsx
编译  发现页面  src/spot/guides/index.tsx
编译  发现页面  src/spot/field/index.tsx
编译  发现页面  src/spot/plan/index.tsx
编译  发现页面  src/spot/data-source/index.tsx
编译  发现页面  src/sky/detail/index.tsx
编译  发现页面  src/content/article/detail/index.tsx
编译  发现页面  src/content/plan/detail/index.tsx
编译  发现页面  src/content/plan/list/index.tsx
编译  发现页面  src/content/plan/edit/index.tsx
编译  发现页面  src/content/event/list/index.tsx
编译  发现页面  src/content/event/detail/index.tsx
编译  发现页面  src/content/contribution/index.tsx
编译  发现页面  src/content/spot-feedback/index.tsx
编译  发现页面  src/content/settings/index.tsx
[2K[1A[2K[1A[2K[1A[2K[1A[2K[1A[2K[1A[2K[1A[2K[1A[2K[1A[2K[1A[2K[1A[2K[1A[2K[1A[2K[1A[2K[1A[2K[1A[2K[1A[2K[1A[2K[1A[2K[1A[2K[1A[2K[1A[2K[1A[2K[G
● Webpack █████████████████████████ sealing (75%) chunk optimization 
 SplitChunksPlugin

编译  发现入口  src/app.tsx
编译  发现页面  src/pages/map/index.tsx
编译  发现页面  src/pages/my/index.tsx
编译  发现页面  src/pages/auth/index.tsx
编译  发现页面  src/spot/search/index.tsx
编译  发现页面  src/spot/guides/index.tsx
编译  发现页面  src/spot/field/index.tsx
编译  发现页面  src/spot/plan/index.tsx
编译  发现页面  src/spot/data-source/index.tsx
编译  发现页面  src/sky/detail/index.tsx
编译  发现页面  src/content/article/detail/index.tsx
编译  发现页面  src/content/plan/detail/index.tsx
编译  发现页面  src/content/plan/list/index.tsx
编译  发现页面  src/content/plan/edit/index.tsx
编译  发现页面  src/content/event/list/index.tsx
编译  发现页面  src/content/event/detail/index.tsx
编译  发现页面  src/content/contribution/index.tsx
编译  发现页面  src/content/spot-feedback/index.tsx
编译  发现页面  src/content/settings/index.tsx
[2K[1A[2K[1A[2K[1A[2K[1A[2K[1A[2K[1A[2K[1A[2K[1A[2K[1A[2K[1A[2K[1A[2K[1A[2K[1A[2K[1A[2K[1A[2K[1A[2K[1A[2K[1A[2K[1A[2K[1A[2K[1A[2K[1A[2K[1A[2K[G
● Webpack █████████████████████████ sealing (75%) chunk optimization 
 RemoveEmptyChunksPlugin

编译  发现入口  src/app.tsx
编译  发现页面  src/pages/map/index.tsx
编译  发现页面  src/pages/my/index.tsx
编译  发现页面  src/pages/auth/index.tsx
编译  发现页面  src/spot/search/index.tsx
编译  发现页面  src/spot/guides/index.tsx
编译  发现页面  src/spot/field/index.tsx
编译  发现页面  src/spot/plan/index.tsx
编译  发现页面  src/spot/data-source/index.tsx
编译  发现页面  src/sky/detail/index.tsx
编译  发现页面  src/content/article/detail/index.tsx
编译  发现页面  src/content/plan/detail/index.tsx
编译  发现页面  src/content/plan/list/index.tsx
编译  发现页面  src/content/plan/edit/index.tsx
编译  发现页面  src/content/event/list/index.tsx
编译  发现页面  src/content/event/detail/index.tsx
编译  发现页面  src/content/contribution/index.tsx
编译  发现页面  src/content/spot-feedback/index.tsx
编译  发现页面  src/content/settings/index.tsx
[2K[1A[2K[1A[2K[1A[2K[1A[2K[1A[2K[1A[2K[1A[2K[1A[2K[1A[2K[1A[2K[1A[2K[1A[2K[1A[2K[1A[2K[1A[2K[1A[2K[1A[2K[1A[2K[1A[2K[1A[2K[1A[2K[1A[2K[1A[2K[G
● Webpack █████████████████████████ sealing (78%)  
 chunk modules optimization

编译  发现入口  src/app.tsx
编译  发现页面  src/pages/map/index.tsx
编译  发现页面  src/pages/my/index.tsx
编译  发现页面  src/pages/auth/index.tsx
编译  发现页面  src/spot/search/index.tsx
编译  发现页面  src/spot/guides/index.tsx
编译  发现页面  src/spot/field/index.tsx
编译  发现页面  src/spot/plan/index.tsx
编译  发现页面  src/spot/data-source/index.tsx
编译  发现页面  src/sky/detail/index.tsx
编译  发现页面  src/content/article/detail/index.tsx
编译  发现页面  src/content/plan/detail/index.tsx
编译  发现页面  src/content/plan/list/index.tsx
编译  发现页面  src/content/plan/edit/index.tsx
编译  发现页面  src/content/event/list/index.tsx
编译  发现页面  src/content/event/detail/index.tsx
编译  发现页面  src/content/contribution/index.tsx
编译  发现页面  src/content/spot-feedback/index.tsx
编译  发现页面  src/content/settings/index.tsx
[2K[1A[2K[1A[2K[1A[2K[1A[2K[1A[2K[1A[2K[1A[2K[1A[2K[1A[2K[1A[2K[1A[2K[1A[2K[1A[2K[1A[2K[1A[2K[1A[2K[1A[2K[1A[2K[1A[2K[1A[2K[1A[2K[1A[2K[1A[2K[G
● Webpack █████████████████████████ sealing (88%)  
 runtime requirements

编译  发现入口  src/app.tsx
编译  发现页面  src/pages/map/index.tsx
编译  发现页面  src/pages/my/index.tsx
编译  发现页面  src/pages/auth/index.tsx
编译  发现页面  src/spot/search/index.tsx
编译  发现页面  src/spot/guides/index.tsx
编译  发现页面  src/spot/field/index.tsx
编译  发现页面  src/spot/plan/index.tsx
编译  发现页面  src/spot/data-source/index.tsx
编译  发现页面  src/sky/detail/index.tsx
编译  发现页面  src/content/article/detail/index.tsx
编译  发现页面  src/content/plan/detail/index.tsx
编译  发现页面  src/content/plan/list/index.tsx
编译  发现页面  src/content/plan/edit/index.tsx
编译  发现页面  src/content/event/list/index.tsx
编译  发现页面  src/content/event/detail/index.tsx
编译  发现页面  src/content/contribution/index.tsx
编译  发现页面  src/content/spot-feedback/index.tsx
编译  发现页面  src/content/settings/index.tsx
[2K[1A[2K[1A[2K[1A[2K[1A[2K[1A[2K[1A[2K[1A[2K[1A[2K[1A[2K[1A[2K[1A[2K[1A[2K[1A[2K[1A[2K[1A[2K[1A[2K[1A[2K[1A[2K[1A[2K[1A[2K[1A[2K[1A[2K[1A[2K[G
● Webpack █████████████████████████ sealing (92%) asset processing 
 TaroMiniPlugin

编译  发现入口  src/app.tsx
编译  发现页面  src/pages/map/index.tsx
编译  发现页面  src/pages/my/index.tsx
编译  发现页面  src/pages/auth/index.tsx
编译  发现页面  src/spot/search/index.tsx
编译  发现页面  src/spot/guides/index.tsx
编译  发现页面  src/spot/field/index.tsx
编译  发现页面  src/spot/plan/index.tsx
编译  发现页面  src/spot/data-source/index.tsx
编译  发现页面  src/sky/detail/index.tsx
编译  发现页面  src/content/article/detail/index.tsx
编译  发现页面  src/content/plan/detail/index.tsx
编译  发现页面  src/content/plan/list/index.tsx
编译  发现页面  src/content/plan/edit/index.tsx
编译  发现页面  src/content/event/list/index.tsx
编译  发现页面  src/content/event/detail/index.tsx
编译  发现页面  src/content/contribution/index.tsx
编译  发现页面  src/content/spot-feedback/index.tsx
编译  发现页面  src/content/settings/index.tsx
[2K[1A[2K[1A[2K[1A[2K[1A[2K[1A[2K[1A[2K[1A[2K[1A[2K[1A[2K[1A[2K[1A[2K[1A[2K[1A[2K[1A[2K[1A[2K[1A[2K[1A[2K[1A[2K[1A[2K[1A[2K[1A[2K[1A[2K[1A[2K[G
● Webpack █████████████████████████ sealing (92%) asset processing 
 CssMinimizerPlugin

编译  发现入口  src/app.tsx
编译  发现页面  src/pages/map/index.tsx
编译  发现页面  src/pages/my/index.tsx
编译  发现页面  src/pages/auth/index.tsx
编译  发现页面  src/spot/search/index.tsx
编译  发现页面  src/spot/guides/index.tsx
编译  发现页面  src/spot/field/index.tsx
编译  发现页面  src/spot/plan/index.tsx
编译  发现页面  src/spot/data-source/index.tsx
编译  发现页面  src/sky/detail/index.tsx
编译  发现页面  src/content/article/detail/index.tsx
编译  发现页面  src/content/plan/detail/index.tsx
编译  发现页面  src/content/plan/list/index.tsx
编译  发现页面  src/content/plan/edit/index.tsx
编译  发现页面  src/content/event/list/index.tsx
编译  发现页面  src/content/event/detail/index.tsx
编译  发现页面  src/content/contribution/index.tsx
编译  发现页面  src/content/spot-feedback/index.tsx
编译  发现页面  src/content/settings/index.tsx
[2K[1A[2K[1A[2K[1A[2K[1A[2K[1A[2K[1A[2K[1A[2K[1A[2K[1A[2K[1A[2K[1A[2K[1A[2K[1A[2K[1A[2K[1A[2K[1A[2K[1A[2K[1A[2K[1A[2K[1A[2K[1A[2K[1A[2K[1A[2K[G
● Webpack █████████████████████████ sealing (92%) asset processing 
 RealContentHashPlugin

编译  发现入口  src/app.tsx
编译  发现页面  src/pages/map/index.tsx
编译  发现页面  src/pages/my/index.tsx
编译  发现页面  src/pages/auth/index.tsx
编译  发现页面  src/spot/search/index.tsx
编译  发现页面  src/spot/guides/index.tsx
编译  发现页面  src/spot/field/index.tsx
编译  发现页面  src/spot/plan/index.tsx
编译  发现页面  src/spot/data-source/index.tsx
编译  发现页面  src/sky/detail/index.tsx
编译  发现页面  src/content/article/detail/index.tsx
编译  发现页面  src/content/plan/detail/index.tsx
编译  发现页面  src/content/plan/list/index.tsx
编译  发现页面  src/content/plan/edit/index.tsx
编译  发现页面  src/content/event/list/index.tsx
编译  发现页面  src/content/event/detail/index.tsx
编译  发现页面  src/content/contribution/index.tsx
编译  发现页面  src/content/spot-feedback/index.tsx
编译  发现页面  src/content/settings/index.tsx
[2K[1A[2K[1A[2K[1A[2K[1A[2K[1A[2K[1A[2K[1A[2K[1A[2K[1A[2K[1A[2K[1A[2K[1A[2K[1A[2K[1A[2K[1A[2K[1A[2K[1A[2K[1A[2K[1A[2K[1A[2K[1A[2K[1A[2K[1A[2K[G
● Webpack █████████████████████████ sealing (92%) asset processing 
 taro-compile-mode-plugin

编译  发现入口  src/app.tsx
编译  发现页面  src/pages/map/index.tsx
编译  发现页面  src/pages/my/index.tsx
编译  发现页面  src/pages/auth/index.tsx
编译  发现页面  src/spot/search/index.tsx
编译  发现页面  src/spot/guides/index.tsx
编译  发现页面  src/spot/field/index.tsx
编译  发现页面  src/spot/plan/index.tsx
编译  发现页面  src/spot/data-source/index.tsx
编译  发现页面  src/sky/detail/index.tsx
编译  发现页面  src/content/article/detail/index.tsx
编译  发现页面  src/content/plan/detail/index.tsx
编译  发现页面  src/content/plan/list/index.tsx
编译  发现页面  src/content/plan/edit/index.tsx
编译  发现页面  src/content/event/list/index.tsx
编译  发现页面  src/content/event/detail/index.tsx
编译  发现页面  src/content/contribution/index.tsx
编译  发现页面  src/content/spot-feedback/index.tsx
编译  发现页面  src/content/settings/index.tsx
[2K[1A[2K[1A[2K[1A[2K[1A[2K[1A[2K[1A[2K[1A[2K[1A[2K[1A[2K[1A[2K[1A[2K[1A[2K[1A[2K[1A[2K[1A[2K[1A[2K[1A[2K[1A[2K[1A[2K[1A[2K[1A[2K[1A[2K[1A[2K[G
● Webpack █████████████████████████ emitting (98%)  
 after emit

编译  发现入口  src/app.tsx
编译  发现页面  src/pages/map/index.tsx
编译  发现页面  src/pages/my/index.tsx
编译  发现页面  src/pages/auth/index.tsx
编译  发现页面  src/spot/search/index.tsx
编译  发现页面  src/spot/guides/index.tsx
编译  发现页面  src/spot/field/index.tsx
编译  发现页面  src/spot/plan/index.tsx
编译  发现页面  src/spot/data-source/index.tsx
编译  发现页面  src/sky/detail/index.tsx
编译  发现页面  src/content/article/detail/index.tsx
编译  发现页面  src/content/plan/detail/index.tsx
编译  发现页面  src/content/plan/list/index.tsx
编译  发现页面  src/content/plan/edit/index.tsx
编译  发现页面  src/content/event/list/index.tsx
编译  发现页面  src/content/event/detail/index.tsx
编译  发现页面  src/content/contribution/index.tsx
编译  发现页面  src/content/spot-feedback/index.tsx
编译  发现页面  src/content/settings/index.tsx
[2K[1A[2K[1A[2K[1A[2K[1A[2K[1A[2K[1A[2K[1A[2K[1A[2K[1A[2K[1A[2K[1A[2K[1A[2K[1A[2K[1A[2K[1A[2K[1A[2K[1A[2K[1A[2K[1A[2K[1A[2K[1A[2K[1A[2K[1A[2K[G
√ Webpack
  Compiled successfully in 17.52s

编译  发现入口  src/app.tsx
编译  发现页面  src/pages/map/index.tsx
编译  发现页面  src/pages/my/index.tsx
编译  发现页面  src/pages/auth/index.tsx
编译  发现页面  src/spot/search/index.tsx
编译  发现页面  src/spot/guides/index.tsx
编译  发现页面  src/spot/field/index.tsx
编译  发现页面  src/spot/plan/index.tsx
编译  发现页面  src/spot/data-source/index.tsx
编译  发现页面  src/sky/detail/index.tsx
编译  发现页面  src/content/article/detail/index.tsx
编译  发现页面  src/content/plan/detail/index.tsx
编译  发现页面  src/content/plan/list/index.tsx
编译  发现页面  src/content/plan/edit/index.tsx
编译  发现页面  src/content/event/list/index.tsx
编译  发现页面  src/content/event/detail/index.tsx
编译  发现页面  src/content/contribution/index.tsx
编译  发现页面  src/content/spot-feedback/index.tsx
编译  发现页面  src/content/settings/index.tsx
⚠️ Warnings: 

Error: chunk common [mini-css-extract-plugin]
Conflicting order. Following module has been added:
 * css ../../node_modules/css-loader/dist/cjs.js??ruleSet[1].rules[1].oneOf[0].use[1]!../../node_modules/postcss-loader/dist/cjs.js??ruleSet[1].rules[1].oneOf[0].use[2]!../../node_modules/resolve-url-loader/index.js!../../node_modules/sass-loader/dist/cjs.js??ruleSet[1].rules[1].oneOf[0].use[4]!./src/components/notification.scss
despite it was not able to fulfill desired ordering with these modules:
 * css ../../node_modules/css-loader/dist/cjs.js??ruleSet[1].rules[1].oneOf[0].use[1]!../../node_modules/postcss-loader/dist/cjs.js??ruleSet[1].rules[1].oneOf[0].use[2]!../../node_modules/resolve-url-loader/index.js!../../node_modules/sass-loader/dist/cjs.js??ruleSet[1].rules[1].oneOf[0].use[4]!./src/components/custom-nav.scss
   - couldn't fulfill desired order of chunk group(s) spot/plan/index, content/event/list/index, content/event/detail/index, content/spot-feedback/index
   - while fulfilling desired order of chunk group(s) pages/map/index, pages/my/index, pages/auth/index, spot/guides/index, spot/field/index, spot/data-source/index, content/article/detail/index, content/plan/detail/index, content/plan/list/index, content/plan/edit/index, content/contribution/index, content/settings/index
 * css ../../node_modules/css-loader/dist/cjs.js??ruleSet[1].rules[1].oneOf[0].use[1]!../../node_modules/postcss-loader/dist/cjs.js??ruleSet[1].rules[1].oneOf[0].use[2]!../../node_modules/resolve-url-loader/index.js!../../node_modules/sass-loader/dist/cjs.js??ruleSet[1].rules[1].oneOf[0].use[4]!./src/components/semantic-asset.scss
   - couldn't fulfill desired order of chunk group(s) spot/plan/index, content/event/list/index, content/event/detail/index, content/spot-feedback/index
   - while fulfilling desired order of chunk group(s) pages/map/index, pages/my/index, pages/auth/index, spot/search/index, spot/guides/index, spot/field/index, spot/data-source/index, sky/detail/index, content/article/detail/index, content/plan/detail/index, content/plan/list/index, content/plan/edit/index, content/contribution/index, content/settings/index
    at Array.forEach (<anonymous>)

Error: chunk common [mini-css-extract-plugin]
Conflicting order. Following module has been added:
 * css ../../node_modules/css-loader/dist/cjs.js??ruleSet[1].rules[1].oneOf[0].use[1]!../../node_modules/postcss-loader/dist/cjs.js??ruleSet[1].rules[1].oneOf[0].use[2]!../../node_modules/resolve-url-loader/index.js!../../node_modules/sass-loader/dist/cjs.js??ruleSet[1].rules[1].oneOf[0].use[4]!./src/components/semantic-asset.scss
despite it was not able to fulfill desired ordering with these modules:
 * css ../../node_modules/css-loader/dist/cjs.js??ruleSet[1].rules[1].oneOf[0].use[1]!../../node_modules/postcss-loader/dist/cjs.js??ruleSet[1].rules[1].oneOf[0].use[2]!../../node_modules/resolve-url-loader/index.js!../../node_modules/sass-loader/dist/cjs.js??ruleSet[1].rules[1].oneOf[0].use[4]!./src/components/status-panel.scss
   - couldn't fulfill desired order of chunk group(s) pages/map/index, content/contribution/index
   - while fulfilling desired order of chunk group(s) pages/my/index, pages/auth/index, spot/search/index, spot/guides/index, spot/field/index, spot/plan/index, spot/data-source/index, sky/detail/index, content/article/detail/index, content/plan/detail/index, content/plan/list/index, content/plan/edit/index, content/event/list/index, content/event/detail/index, content/spot-feedback/index, content/settings/index
    at Array.forEach (<anonymous>)

Error: chunk common [mini-css-extract-plugin]
Conflicting order. Following module has been added:
 * css ../../node_modules/css-loader/dist/cjs.js??ruleSet[1].rules[1].oneOf[0].use[1]!../../node_modules/postcss-loader/dist/cjs.js??ruleSet[1].rules[1].oneOf[0].use[2]!../../node_modules/resolve-url-loader/index.js!../../node_modules/sass-loader/dist/cjs.js??ruleSet[1].rules[1].oneOf[0].use[4]!./src/components/status-panel.scss
despite it was not able to fulfill desired ordering with these modules:
 * css ../../node_modules/css-loader/dist/cjs.js??ruleSet[1].rules[1].oneOf[0].use[1]!../../node_modules/postcss-loader/dist/cjs.js??ruleSet[1].rules[1].oneOf[0].use[2]!../../node_modules/resolve-url-loader/index.js!../../node_modules/sass-loader/dist/cjs.js??ruleSet[1].rules[1].oneOf[0].use[4]!./src/components/custom-nav.scss
   - couldn't fulfill desired order of chunk group(s) pages/my/index, pages/auth/index, spot/guides/index, spot/field/index, spot/plan/index, spot/data-source/index, content/article/detail/index, content/plan/detail/index, content/plan/list/index, content/plan/edit/index, content/event/list/index, content/event/detail/index, content/spot-feedback/index, content/settings/index
   - while fulfilling desired order of chunk group(s) pages/map/index, content/contribution/index
    at Array.forEach (<anonymous>)

ℹ Stats: 

assets by path [1m[32massets/[39m[22m 528 KiB 119 assets
assets by path [1m[32mcontent/[39m[22m 196 KiB 44 assets
assets by path [1m[32mspot/[39m[22m 91 KiB 29 assets
assets by path [1m[32mpages/[39m[22m 206 KiB 13 assets
assets by path [1m[32m*.js[39m[22m 506 KiB 6 assets
assets by path [1m[32msky/detail/[39m[22m 108 KiB 5 assets
assets by path [1m[32m*.wxml[39m[22m 82.3 KiB 3 assets
assets by path [1m[32m*.wxss[39m[22m 53.8 KiB
  asset [1m[32mcommon.wxss[39m[22m 40.3 KiB [1m[32m[emitted][39m[22m [1m[32m[minimized][39m[22m (name: common) (id hint: common)
  + 2 assets
assets by path [1m[32m*.json[39m[22m 1.33 KiB
  asset [1m[32mapp.json[39m[22m 1.25 KiB [1m[32m[emitted][39m[22m
  asset [1m[32mcomp.json[39m[22m 86 bytes [1m[32m[emitted][39m[22m
asset [1m[32mutils.wxs[39m[22m 997 bytes [1m[32m[emitted][39m[22m

[1m[33mWARNING[39m[22m in [1mchunk common [mini-css-extract-plugin]
[1m[31mConflicting[39m[22m[1m order. Following module has been added:
 * css ../../node_modules/css-loader/dist/cjs.js??ruleSet[1].rules[1].oneOf[0].use[1]!../../node_modules/postcss-loader/dist/cjs.js??ruleSet[1].rules[1].oneOf[0].use[2]!../../node_modules/resolve-url-loader/index.js!../../node_modules/sass-loader/dist/cjs.js??ruleSet[1].rules[1].oneOf[0].use[4]!./src/components/notification.scss
despite it was not able to fulfill desired ordering with these modules:
 * css ../../node_modules/css-loader/dist/cjs.js??ruleSet[1].rules[1].oneOf[0].use[1]!../../node_modules/postcss-loader/dist/cjs.js??ruleSet[1].rules[1].oneOf[0].use[2]!../../node_modules/resolve-url-loader/index.js!../../node_modules/sass-loader/dist/cjs.js??ruleSet[1].rules[1].oneOf[0].use[4]!./src/components/custom-nav.scss
   - couldn't fulfill desired order of chunk group(s) spot/plan/index, content/event/list/index, content/event/detail/index, content/spot-feedback/index
   - while fulfilling desired order of chunk group(s) pages/map/index, pages/my/index, pages/auth/index, spot/guides/index, spot/field/index, spot/data-source/index, content/article/detail/index, content/plan/detail/index, content/plan/list/index, content/plan/edit/index, content/contribution/index, content/settings/index
 * css ../../node_modules/css-loader/dist/cjs.js??ruleSet[1].rules[1].oneOf[0].use[1]!../../node_modules/postcss-loader/dist/cjs.js??ruleSet[1].rules[1].oneOf[0].use[2]!../../node_modules/resolve-url-loader/index.js!../../node_modules/sass-loader/dist/cjs.js??ruleSet[1].rules[1].oneOf[0].use[4]!./src/components/semantic-asset.scss
   - couldn't fulfill desired order of chunk group(s) spot/plan/index, content/event/list/index, content/event/detail/index, content/spot-feedback/index
   - while fulfilling desired order of chunk group(s) pages/map/index, pages/my/index, pages/auth/index, spot/search/index, spot/guides/index, spot/field/index, spot/data-source/index, sky/detail/index, content/article/detail/index, content/plan/detail/index, content/plan/list/index, content/plan/edit/index, content/contribution/index, content/settings/index[39m[22m

[1m[33mWARNING[39m[22m in [1mchunk common [mini-css-extract-plugin]
[1m[31mConflicting[39m[22m[1m order. Following module has been added:
 * css ../../node_modules/css-loader/dist/cjs.js??ruleSet[1].rules[1].oneOf[0].use[1]!../../node_modules/postcss-loader/dist/cjs.js??ruleSet[1].rules[1].oneOf[0].use[2]!../../node_modules/resolve-url-loader/index.js!../../node_modules/sass-loader/dist/cjs.js??ruleSet[1].rules[1].oneOf[0].use[4]!./src/components/semantic-asset.scss
despite it was not able to fulfill desired ordering with these modules:
 * css ../../node_modules/css-loader/dist/cjs.js??ruleSet[1].rules[1].oneOf[0].use[1]!../../node_modules/postcss-loader/dist/cjs.js??ruleSet[1].rules[1].oneOf[0].use[2]!../../node_modules/resolve-url-loader/index.js!../../node_modules/sass-loader/dist/cjs.js??ruleSet[1].rules[1].oneOf[0].use[4]!./src/components/status-panel.scss
   - couldn't fulfill desired order of chunk group(s) pages/map/index, content/contribution/index
   - while fulfilling desired order of chunk group(s) pages/my/index, pages/auth/index, spot/search/index, spot/guides/index, spot/field/index, spot/plan/index, spot/data-source/index, sky/detail/index, content/article/detail/index, content/plan/detail/index, content/plan/list/index, content/plan/edit/index, content/event/list/index, content/event/detail/index, content/spot-feedback/index, content/settings/index[39m[22m

[1m[33mWARNING[39m[22m in [1mchunk common [mini-css-extract-plugin]
[1m[31mConflicting[39m[22m[1m order. Following module has been added:
 * css ../../node_modules/css-loader/dist/cjs.js??ruleSet[1].rules[1].oneOf[0].use[1]!../../node_modules/postcss-loader/dist/cjs.js??ruleSet[1].rules[1].oneOf[0].use[2]!../../node_modules/resolve-url-loader/index.js!../../node_modules/sass-loader/dist/cjs.js??ruleSet[1].rules[1].oneOf[0].use[4]!./src/components/status-panel.scss
despite it was not able to fulfill desired ordering with these modules:
 * css ../../node_modules/css-loader/dist/cjs.js??ruleSet[1].rules[1].oneOf[0].use[1]!../../node_modules/postcss-loader/dist/cjs.js??ruleSet[1].rules[1].oneOf[0].use[2]!../../node_modules/resolve-url-loader/index.js!../../node_modules/sass-loader/dist/cjs.js??ruleSet[1].rules[1].oneOf[0].use[4]!./src/components/custom-nav.scss
   - couldn't fulfill desired order of chunk group(s) pages/my/index, pages/auth/index, spot/guides/index, spot/field/index, spot/plan/index, spot/data-source/index, content/article/detail/index, content/plan/detail/index, content/plan/list/index, content/plan/edit/index, content/event/list/index, content/event/detail/index, content/spot-feedback/index, content/settings/index
   - while fulfilling desired order of chunk group(s) pages/map/index, content/contribution/index[39m[22m

webpack 5.91.0 compiled with [1m[33m3 warnings[39m[22m in 17663 ms
