
> @starward/wechat-miniapp@0.1.0 build:weapp
> node ../../tools/run-node.cjs --bin @tarojs/cli taro build --type weapp

👽 Taro v4.2.1

Tips:
1. 建议开启持久化缓存功能，能有效提升二次编译速度，详情请参考: https://docs.taro.zone/docs/config-detail#cache。


提示  appid     wx2e43b8498cb45da7
生成  工具配置  E:\dev\Starward\apps\wechat-miniapp\dist\weapp/project.config.json
启动  开发者工具-项目目录  E:\dev\Starward\apps\wechat-miniapp\dist\weapp

● Webpack █████████████████████████  (0%)  
 

编译  发现入口  src/app.tsx
编译  发现页面  src/pages/map/index.tsx
编译  发现页面  src/pages/my/index.tsx
编译  发现页面  src/pages/auth/index.tsx
编译  发现页面  src/spot/search/index.tsx
编译  发现页面  src/spot/guides/index.tsx
编译  发现页面  src/spot/field/index.tsx
编译  发现页面  src/spot/plan/index.tsx
编译  发现页面  src/spot/data-source/index.tsx
编译  发现页面  src/sky/detail/index.tsx
编译  发现页面  src/content/article/detail/index.tsx
编译  发现页面  src/content/plan/detail/index.tsx
编译  发现页面  src/content/plan/list/index.tsx
编译  发现页面  src/content/plan/edit/index.tsx
编译  发现页面  src/content/event/list/index.tsx
编译  发现页面  src/content/event/detail/index.tsx
编译  发现页面  src/content/contribution/index.tsx
编译  发现页面  src/content/spot-feedback/index.tsx
编译  发现页面  src/content/settings/index.tsx
[2K[1A[2K[1A[2K[1A[2K[1A[2K[1A[2K[1A[2K[1A[2K[1A[2K[1A[2K[1A[2K[1A[2K[1A[2K[1A[2K[1A[2K[1A[2K[1A[2K[1A[2K[1A[2K[1A[2K[1A[2K[1A[2K[1A[2K[1A[2K[G
● Webpack █████████████████████████ setup (2%)  
 run

编译  发现入口  src/app.tsx
编译  发现页面  src/pages/map/index.tsx
编译  发现页面  src/pages/my/index.tsx
编译  发现页面  src/pages/auth/index.tsx
编译  发现页面  src/spot/search/index.tsx
编译  发现页面  src/spot/guides/index.tsx
编译  发现页面  src/spot/field/index.tsx
编译  发现页面  src/spot/plan/index.tsx
编译  发现页面  src/spot/data-source/index.tsx
编译  发现页面  src/sky/detail/index.tsx
编译  发现页面  src/content/article/detail/index.tsx
编译  发现页面  src/content/plan/detail/index.tsx
编译  发现页面  src/content/plan/list/index.tsx
编译  发现页面  src/content/plan/edit/index.tsx
编译  发现页面  src/content/event/list/index.tsx
编译  发现页面  src/content/event/detail/index.tsx
编译  发现页面  src/content/contribution/index.tsx
编译  发现页面  src/content/spot-feedback/index.tsx
编译  发现页面  src/content/settings/index.tsx
[2K[1A[2K[1A[2K[1A[2K[1A[2K[1A[2K[1A[2K[1A[2K[1A[2K[1A[2K[1A[2K[1A[2K[1A[2K[1A[2K[1A[2K[1A[2K[1A[2K[1A[2K[1A[2K[1A[2K[1A[2K[1A[2K[1A[2K[1A[2K[G
● Webpack █████████████████████████ building (10%) 0/40 entries 40/40 dependen
cies 0/40 modules 1 active 
 babel-loader › src\app.config.ts

编译  发现入口  src/app.tsx
编译  发现页面  src/pages/map/index.tsx
编译  发现页面  src/pages/my/index.tsx
编译  发现页面  src/pages/auth/index.tsx
编译  发现页面  src/spot/search/index.tsx
编译  发现页面  src/spot/guides/index.tsx
编译  发现页面  src/spot/field/index.tsx
编译  发现页面  src/spot/plan/index.tsx
编译  发现页面  src/spot/data-source/index.tsx
编译  发现页面  src/sky/detail/index.tsx
编译  发现页面  src/content/article/detail/index.tsx
编译  发现页面  src/content/plan/detail/index.tsx
编译  发现页面  src/content/plan/list/index.tsx
编译  发现页面  src/content/plan/edit/index.tsx
编译  发现页面  src/content/event/list/index.tsx
编译  发现页面  src/content/event/detail/index.tsx
编译  发现页面  src/content/contribution/index.tsx
编译  发现页面  src/content/spot-feedback/index.tsx
编译  发现页面  src/content/settings/index.tsx
[2K[1A[2K[1A[2K[1A[2K[1A[2K[1A[2K[1A[2K[1A[2K[1A[2K[1A[2K[1A[2K[1A[2K[1A[2K[1A[2K[1A[2K[1A[2K[1A[2K[1A[2K[1A[2K[1A[2K[1A[2K[1A[2K[1A[2K[1A[2K[1A[2K[G
● Webpack █████████████████████████ building (10%)  
 node_modules\@tarojs\webpack5-runner\dist\loaders\miniCompilerLoader.js

编译  发现入口  src/app.tsx
编译  发现页面  src/pages/map/index.tsx
编译  发现页面  src/pages/my/index.tsx
编译  发现页面  src/pages/auth/index.tsx
编译  发现页面  src/spot/search/index.tsx
编译  发现页面  src/spot/guides/index.tsx
编译  发现页面  src/spot/field/index.tsx
编译  发现页面  src/spot/plan/index.tsx
编译  发现页面  src/spot/data-source/index.tsx
编译  发现页面  src/sky/detail/index.tsx
编译  发现页面  src/content/article/detail/index.tsx
编译  发现页面  src/content/plan/detail/index.tsx
编译  发现页面  src/content/plan/list/index.tsx
编译  发现页面  src/content/plan/edit/index.tsx
编译  发现页面  src/content/event/list/index.tsx
编译  发现页面  src/content/event/detail/index.tsx
编译  发现页面  src/content/contribution/index.tsx
编译  发现页面  src/content/spot-feedback/index.tsx
编译  发现页面  src/content/settings/index.tsx
[2K[1A[2K[1A[2K[1A[2K[1A[2K[1A[2K[1A[2K[1A[2K[1A[2K[1A[2K[1A[2K[1A[2K[1A[2K[1A[2K[1A[2K[1A[2K[1A[2K[1A[2K[1A[2K[1A[2K[1A[2K[1A[2K[1A[2K[1A[2K[G
● Webpack █████████████████████████ building (10%) 0/40 entries 40/41 dependen
cies 0/40 modules 40 active 
 ...er › ..\..\node_modules\@tarojs\webpack5-runner\dist\template\custom-wrapp
er.js

编译  发现入口  src/app.tsx
编译  发现页面  src/pages/map/index.tsx
编译  发现页面  src/pages/my/index.tsx
编译  发现页面  src/pages/auth/index.tsx
编译  发现页面  src/spot/search/index.tsx
编译  发现页面  src/spot/guides/index.tsx
编译  发现页面  src/spot/field/index.tsx
编译  发现页面  src/spot/plan/index.tsx
编译  发现页面  src/spot/data-source/index.tsx
编译  发现页面  src/sky/detail/index.tsx
编译  发现页面  src/content/article/detail/index.tsx
编译  发现页面  src/content/plan/detail/index.tsx
编译  发现页面  src/content/plan/list/index.tsx
编译  发现页面  src/content/plan/edit/index.tsx
编译  发现页面  src/content/event/list/index.tsx
编译  发现页面  src/content/event/detail/index.tsx
编译  发现页面  src/content/contribution/index.tsx
编译  发现页面  src/content/spot-feedback/index.tsx
编译  发现页面  src/content/settings/index.tsx
[2K[1A[2K[1A[2K[1A[2K[1A[2K[1A[2K[1A[2K[1A[2K[1A[2K[1A[2K[1A[2K[1A[2K[1A[2K[1A[2K[1A[2K[1A[2K[1A[2K[1A[2K[1A[2K[1A[2K[1A[2K[1A[2K[1A[2K[1A[2K[1A[2K[1A[2K[G
● Webpack █████████████████████████ building (36%) 19/40 entries 232/305 depen
dencies 21/125 modules 43 active 
 babel-loader › src\theme\native-chrome.ts

编译  发现入口  src/app.tsx
编译  发现页面  src/pages/map/index.tsx
编译  发现页面  src/pages/my/index.tsx
编译  发现页面  src/pages/auth/index.tsx
编译  发现页面  src/spot/search/index.tsx
编译  发现页面  src/spot/guides/index.tsx
编译  发现页面  src/spot/field/index.tsx
编译  发现页面  src/spot/plan/index.tsx
编译  发现页面  src/spot/data-source/index.tsx
编译  发现页面  src/sky/detail/index.tsx
编译  发现页面  src/content/article/detail/index.tsx
编译  发现页面  src/content/plan/detail/index.tsx
编译  发现页面  src/content/plan/list/index.tsx
编译  发现页面  src/content/plan/edit/index.tsx
编译  发现页面  src/content/event/list/index.tsx
编译  发现页面  src/content/event/detail/index.tsx
编译  发现页面  src/content/contribution/index.tsx
编译  发现页面  src/content/spot-feedback/index.tsx
编译  发现页面  src/content/settings/index.tsx
[2K[1A[2K[1A[2K[1A[2K[1A[2K[1A[2K[1A[2K[1A[2K[1A[2K[1A[2K[1A[2K[1A[2K[1A[2K[1A[2K[1A[2K[1A[2K[1A[2K[1A[2K[1A[2K[1A[2K[1A[2K[1A[2K[1A[2K[1A[2K[1A[2K[G
● Webpack █████████████████████████ building (36%) 19/40 entries 298/340 depen
dencies 21/144 modules 92 active 
 node_modules\react\jsx-runtime.js

编译  发现入口  src/app.tsx
编译  发现页面  src/pages/map/index.tsx
编译  发现页面  src/pages/my/index.tsx
编译  发现页面  src/pages/auth/index.tsx
编译  发现页面  src/spot/search/index.tsx
编译  发现页面  src/spot/guides/index.tsx
编译  发现页面  src/spot/field/index.tsx
编译  发现页面  src/spot/plan/index.tsx
编译  发现页面  src/spot/data-source/index.tsx
编译  发现页面  src/sky/detail/index.tsx
编译  发现页面  src/content/article/detail/index.tsx
编译  发现页面  src/content/plan/detail/index.tsx
编译  发现页面  src/content/plan/list/index.tsx
编译  发现页面  src/content/plan/edit/index.tsx
编译  发现页面  src/content/event/list/index.tsx
编译  发现页面  src/content/event/detail/index.tsx
编译  发现页面  src/content/contribution/index.tsx
编译  发现页面  src/content/spot-feedback/index.tsx
编译  发现页面  src/content/settings/index.tsx
[2K[1A[2K[1A[2K[1A[2K[1A[2K[1A[2K[1A[2K[1A[2K[1A[2K[1A[2K[1A[2K[1A[2K[1A[2K[1A[2K[1A[2K[1A[2K[1A[2K[1A[2K[1A[2K[1A[2K[1A[2K[1A[2K[1A[2K[1A[2K[1A[2K[G
● Webpack █████████████████████████ building (36%) 19/40 entries 342/400 depen
dencies 21/186 modules 127 active 
 babel-loader › ..\..\node_modules\@tarojs\runtime\dist\bom\history.js

编译  发现入口  src/app.tsx
编译  发现页面  src/pages/map/index.tsx
编译  发现页面  src/pages/my/index.tsx
编译  发现页面  src/pages/auth/index.tsx
编译  发现页面  src/spot/search/index.tsx
编译  发现页面  src/spot/guides/index.tsx
编译  发现页面  src/spot/field/index.tsx
编译  发现页面  src/spot/plan/index.tsx
编译  发现页面  src/spot/data-source/index.tsx
编译  发现页面  src/sky/detail/index.tsx
编译  发现页面  src/content/article/detail/index.tsx
编译  发现页面  src/content/plan/detail/index.tsx
编译  发现页面  src/content/plan/list/index.tsx
编译  发现页面  src/content/plan/edit/index.tsx
编译  发现页面  src/content/event/list/index.tsx
编译  发现页面  src/content/event/detail/index.tsx
编译  发现页面  src/content/contribution/index.tsx
编译  发现页面  src/content/spot-feedback/index.tsx
编译  发现页面  src/content/settings/index.tsx
[2K[1A[2K[1A[2K[1A[2K[1A[2K[1A[2K[1A[2K[1A[2K[1A[2K[1A[2K[1A[2K[1A[2K[1A[2K[1A[2K[1A[2K[1A[2K[1A[2K[1A[2K[1A[2K[1A[2K[1A[2K[1A[2K[1A[2K[1A[2K[1A[2K[G
● Webpack █████████████████████████ building (36%) 19/40 entries 375/472 depen
dencies 22/191 modules 126 active 
 babel-loader › ..\..\node_modules\@tarojs\runtime\dist\bom\history.js

编译  发现入口  src/app.tsx
编译  发现页面  src/pages/map/index.tsx
编译  发现页面  src/pages/my/index.tsx
编译  发现页面  src/pages/auth/index.tsx
编译  发现页面  src/spot/search/index.tsx
编译  发现页面  src/spot/guides/index.tsx
编译  发现页面  src/spot/field/index.tsx
编译  发现页面  src/spot/plan/index.tsx
编译  发现页面  src/spot/data-source/index.tsx
编译  发现页面  src/sky/detail/index.tsx
编译  发现页面  src/content/article/detail/index.tsx
编译  发现页面  src/content/plan/detail/index.tsx
编译  发现页面  src/content/plan/list/index.tsx
编译  发现页面  src/content/plan/edit/index.tsx
编译  发现页面  src/content/event/list/index.tsx
编译  发现页面  src/content/event/detail/index.tsx
编译  发现页面  src/content/contribution/index.tsx
编译  发现页面  src/content/spot-feedback/index.tsx
编译  发现页面  src/content/settings/index.tsx
[2K[1A[2K[1A[2K[1A[2K[1A[2K[1A[2K[1A[2K[1A[2K[1A[2K[1A[2K[1A[2K[1A[2K[1A[2K[1A[2K[1A[2K[1A[2K[1A[2K[1A[2K[1A[2K[1A[2K[1A[2K[1A[2K[1A[2K[1A[2K[1A[2K[G
● Webpack █████████████████████████ building (36%) 19/40 entries 750/792 depen
dencies 37/261 modules 112 active 
 babel-loader › ..\..\node_modules\@tarojs\runtime\dist\bom\location.js

编译  发现入口  src/app.tsx
编译  发现页面  src/pages/map/index.tsx
编译  发现页面  src/pages/my/index.tsx
编译  发现页面  src/pages/auth/index.tsx
编译  发现页面  src/spot/search/index.tsx
编译  发现页面  src/spot/guides/index.tsx
编译  发现页面  src/spot/field/index.tsx
编译  发现页面  src/spot/plan/index.tsx
编译  发现页面  src/spot/data-source/index.tsx
编译  发现页面  src/sky/detail/index.tsx
编译  发现页面  src/content/article/detail/index.tsx
编译  发现页面  src/content/plan/detail/index.tsx
编译  发现页面  src/content/plan/list/index.tsx
编译  发现页面  src/content/plan/edit/index.tsx
编译  发现页面  src/content/event/list/index.tsx
编译  发现页面  src/content/event/detail/index.tsx
编译  发现页面  src/content/contribution/index.tsx
编译  发现页面  src/content/spot-feedback/index.tsx
编译  发现页面  src/content/settings/index.tsx
[2K[1A[2K[1A[2K[1A[2K[1A[2K[1A[2K[1A[2K[1A[2K[1A[2K[1A[2K[1A[2K[1A[2K[1A[2K[1A[2K[1A[2K[1A[2K[1A[2K[1A[2K[1A[2K[1A[2K[1A[2K[1A[2K[1A[2K[1A[2K[1A[2K[G
● Webpack █████████████████████████ building (36%)  
 node_modules\resolve-url-loader\index.js

编译  发现入口  src/app.tsx
编译  发现页面  src/pages/map/index.tsx
编译  发现页面  src/pages/my/index.tsx
编译  发现页面  src/pages/auth/index.tsx
编译  发现页面  src/spot/search/index.tsx
编译  发现页面  src/spot/guides/index.tsx
编译  发现页面  src/spot/field/index.tsx
编译  发现页面  src/spot/plan/index.tsx
编译  发现页面  src/spot/data-source/index.tsx
编译  发现页面  src/sky/detail/index.tsx
编译  发现页面  src/content/article/detail/index.tsx
编译  发现页面  src/content/plan/detail/index.tsx
编译  发现页面  src/content/plan/list/index.tsx
编译  发现页面  src/content/plan/edit/index.tsx
编译  发现页面  src/content/event/list/index.tsx
编译  发现页面  src/content/event/detail/index.tsx
编译  发现页面  src/content/contribution/index.tsx
编译  发现页面  src/content/spot-feedback/index.tsx
编译  发现页面  src/content/settings/index.tsx
[2K[1A[2K[1A[2K[1A[2K[1A[2K[1A[2K[1A[2K[1A[2K[1A[2K[1A[2K[1A[2K[1A[2K[1A[2K[1A[2K[1A[2K[1A[2K[1A[2K[1A[2K[1A[2K[1A[2K[1A[2K[1A[2K[1A[2K[1A[2K[G
● Webpack █████████████████████████ building (36%) 19/40 entries 750/793 depen
dencies 37/261 modules 138 active 
 ...› postcss-loader › resolve-url-loader › sass-loader › src\pages\auth\index
.scss

编译  发现入口  src/app.tsx
编译  发现页面  src/pages/map/index.tsx
编译  发现页面  src/pages/my/index.tsx
编译  发现页面  src/pages/auth/index.tsx
编译  发现页面  src/spot/search/index.tsx
编译  发现页面  src/spot/guides/index.tsx
编译  发现页面  src/spot/field/index.tsx
编译  发现页面  src/spot/plan/index.tsx
编译  发现页面  src/spot/data-source/index.tsx
编译  发现页面  src/sky/detail/index.tsx
编译  发现页面  src/content/article/detail/index.tsx
编译  发现页面  src/content/plan/detail/index.tsx
编译  发现页面  src/content/plan/list/index.tsx
编译  发现页面  src/content/plan/edit/index.tsx
编译  发现页面  src/content/event/list/index.tsx
编译  发现页面  src/content/event/detail/index.tsx
编译  发现页面  src/content/contribution/index.tsx
编译  发现页面  src/content/spot-feedback/index.tsx
编译  发现页面  src/content/settings/index.tsx
[2K[1A[2K[1A[2K[1A[2K[1A[2K[1A[2K[1A[2K[1A[2K[1A[2K[1A[2K[1A[2K[1A[2K[1A[2K[1A[2K[1A[2K[1A[2K[1A[2K[1A[2K[1A[2K[1A[2K[1A[2K[1A[2K[1A[2K[1A[2K[1A[2K[1A[2K[G
● Webpack █████████████████████████ building (36%) 19/40 entries 845/875 depen
dencies 47/319 modules 213 active 
 babel-loader › src\features\sky\sky-object-picking.ts

编译  发现入口  src/app.tsx
编译  发现页面  src/pages/map/index.tsx
编译  发现页面  src/pages/my/index.tsx
编译  发现页面  src/pages/auth/index.tsx
编译  发现页面  src/spot/search/index.tsx
编译  发现页面  src/spot/guides/index.tsx
编译  发现页面  src/spot/field/index.tsx
编译  发现页面  src/spot/plan/index.tsx
编译  发现页面  src/spot/data-source/index.tsx
编译  发现页面  src/sky/detail/index.tsx
编译  发现页面  src/content/article/detail/index.tsx
编译  发现页面  src/content/plan/detail/index.tsx
编译  发现页面  src/content/plan/list/index.tsx
编译  发现页面  src/content/plan/edit/index.tsx
编译  发现页面  src/content/event/list/index.tsx
编译  发现页面  src/content/event/detail/index.tsx
编译  发现页面  src/content/contribution/index.tsx
编译  发现页面  src/content/spot-feedback/index.tsx
编译  发现页面  src/content/settings/index.tsx
[2K[1A[2K[1A[2K[1A[2K[1A[2K[1A[2K[1A[2K[1A[2K[1A[2K[1A[2K[1A[2K[1A[2K[1A[2K[1A[2K[1A[2K[1A[2K[1A[2K[1A[2K[1A[2K[1A[2K[1A[2K[1A[2K[1A[2K[1A[2K[1A[2K[G
● Webpack █████████████████████████ building (36%) 19/40 entries 917/1100 depe
ndencies 57/324 modules 203 active 
 babel-loader › src\features\sky\sky-object-picking.ts

编译  发现入口  src/app.tsx
编译  发现页面  src/pages/map/index.tsx
编译  发现页面  src/pages/my/index.tsx
编译  发现页面  src/pages/auth/index.tsx
编译  发现页面  src/spot/search/index.tsx
编译  发现页面  src/spot/guides/index.tsx
编译  发现页面  src/spot/field/index.tsx
编译  发现页面  src/spot/plan/index.tsx
编译  发现页面  src/spot/data-source/index.tsx
编译  发现页面  src/sky/detail/index.tsx
编译  发现页面  src/content/article/detail/index.tsx
编译  发现页面  src/content/plan/detail/index.tsx
编译  发现页面  src/content/plan/list/index.tsx
编译  发现页面  src/content/plan/edit/index.tsx
编译  发现页面  src/content/event/list/index.tsx
编译  发现页面  src/content/event/detail/index.tsx
编译  发现页面  src/content/contribution/index.tsx
编译  发现页面  src/content/spot-feedback/index.tsx
编译  发现页面  src/content/settings/index.tsx
[2K[1A[2K[1A[2K[1A[2K[1A[2K[1A[2K[1A[2K[1A[2K[1A[2K[1A[2K[1A[2K[1A[2K[1A[2K[1A[2K[1A[2K[1A[2K[1A[2K[1A[2K[1A[2K[1A[2K[1A[2K[1A[2K[1A[2K[1A[2K[1A[2K[G
● Webpack █████████████████████████ building (36%) 19/40 entries 1206/1256 dep
endencies 91/369 modules 169 active 
 babel-loader › src\features\sky\sky-view-projection.ts

编译  发现入口  src/app.tsx
编译  发现页面  src/pages/map/index.tsx
编译  发现页面  src/pages/my/index.tsx
编译  发现页面  src/pages/auth/index.tsx
编译  发现页面  src/spot/search/index.tsx
编译  发现页面  src/spot/guides/index.tsx
编译  发现页面  src/spot/field/index.tsx
编译  发现页面  src/spot/plan/index.tsx
编译  发现页面  src/spot/data-source/index.tsx
编译  发现页面  src/sky/detail/index.tsx
编译  发现页面  src/content/article/detail/index.tsx
编译  发现页面  src/content/plan/detail/index.tsx
编译  发现页面  src/content/plan/list/index.tsx
编译  发现页面  src/content/plan/edit/index.tsx
编译  发现页面  src/content/event/list/index.tsx
编译  发现页面  src/content/event/detail/index.tsx
编译  发现页面  src/content/contribution/index.tsx
编译  发现页面  src/content/spot-feedback/index.tsx
编译  发现页面  src/content/settings/index.tsx
[2K[1A[2K[1A[2K[1A[2K[1A[2K[1A[2K[1A[2K[1A[2K[1A[2K[1A[2K[1A[2K[1A[2K[1A[2K[1A[2K[1A[2K[1A[2K[1A[2K[1A[2K[1A[2K[1A[2K[1A[2K[1A[2K[1A[2K[1A[2K[1A[2K[G
● Webpack █████████████████████████ building (36%) 19/40 entries 1252/1264 dep
endencies 108/385 modules 246 active 
 ...\wechat-miniapp\node_modules\@tanstack\react-query\build\modern\queryOptio
ns.js

编译  发现入口  src/app.tsx
编译  发现页面  src/pages/map/index.tsx
编译  发现页面  src/pages/my/index.tsx
编译  发现页面  src/pages/auth/index.tsx
编译  发现页面  src/spot/search/index.tsx
编译  发现页面  src/spot/guides/index.tsx
编译  发现页面  src/spot/field/index.tsx
编译  发现页面  src/spot/plan/index.tsx
编译  发现页面  src/spot/data-source/index.tsx
编译  发现页面  src/sky/detail/index.tsx
编译  发现页面  src/content/article/detail/index.tsx
编译  发现页面  src/content/plan/detail/index.tsx
编译  发现页面  src/content/plan/list/index.tsx
编译  发现页面  src/content/plan/edit/index.tsx
编译  发现页面  src/content/event/list/index.tsx
编译  发现页面  src/content/event/detail/index.tsx
编译  发现页面  src/content/contribution/index.tsx
编译  发现页面  src/content/spot-feedback/index.tsx
编译  发现页面  src/content/settings/index.tsx
[2K[1A[2K[1A[2K[1A[2K[1A[2K[1A[2K[1A[2K[1A[2K[1A[2K[1A[2K[1A[2K[1A[2K[1A[2K[1A[2K[1A[2K[1A[2K[1A[2K[1A[2K[1A[2K[1A[2K[1A[2K[1A[2K[1A[2K[1A[2K[1A[2K[1A[2K[G
● Webpack █████████████████████████ building (36%) 19/40 entries 1303/1344 dep
endencies 150/394 modules 209 active 
 ...wechat-miniapp\node_modules\@tanstack\react-query\build\modern\useIsFetchi
ng.js

编译  发现入口  src/app.tsx
编译  发现页面  src/pages/map/index.tsx
编译  发现页面  src/pages/my/index.tsx
编译  发现页面  src/pages/auth/index.tsx
编译  发现页面  src/spot/search/index.tsx
编译  发现页面  src/spot/guides/index.tsx
编译  发现页面  src/spot/field/index.tsx
编译  发现页面  src/spot/plan/index.tsx
编译  发现页面  src/spot/data-source/index.tsx
编译  发现页面  src/sky/detail/index.tsx
编译  发现页面  src/content/article/detail/index.tsx
编译  发现页面  src/content/plan/detail/index.tsx
编译  发现页面  src/content/plan/list/index.tsx
编译  发现页面  src/content/plan/edit/index.tsx
编译  发现页面  src/content/event/list/index.tsx
编译  发现页面  src/content/event/detail/index.tsx
编译  发现页面  src/content/contribution/index.tsx
编译  发现页面  src/content/spot-feedback/index.tsx
编译  发现页面  src/content/settings/index.tsx
[2K[1A[2K[1A[2K[1A[2K[1A[2K[1A[2K[1A[2K[1A[2K[1A[2K[1A[2K[1A[2K[1A[2K[1A[2K[1A[2K[1A[2K[1A[2K[1A[2K[1A[2K[1A[2K[1A[2K[1A[2K[1A[2K[1A[2K[1A[2K[1A[2K[1A[2K[G
● Webpack █████████████████████████ building (36%) 19/40 entries 1430/1450 dep
endencies 236/410 modules 170 active 
 ...pt\esm|E:\dev\Starward\node_modules\@babel\runtime\helpers\esm\superPropBa
se.js

编译  发现入口  src/app.tsx
编译  发现页面  src/pages/map/index.tsx
编译  发现页面  src/pages/my/index.tsx
编译  发现页面  src/pages/auth/index.tsx
编译  发现页面  src/spot/search/index.tsx
编译  发现页面  src/spot/guides/index.tsx
编译  发现页面  src/spot/field/index.tsx
编译  发现页面  src/spot/plan/index.tsx
编译  发现页面  src/spot/data-source/index.tsx
编译  发现页面  src/sky/detail/index.tsx
编译  发现页面  src/content/article/detail/index.tsx
编译  发现页面  src/content/plan/detail/index.tsx
编译  发现页面  src/content/plan/list/index.tsx
编译  发现页面  src/content/plan/edit/index.tsx
编译  发现页面  src/content/event/list/index.tsx
编译  发现页面  src/content/event/detail/index.tsx
编译  发现页面  src/content/contribution/index.tsx
编译  发现页面  src/content/spot-feedback/index.tsx
编译  发现页面  src/content/settings/index.tsx
[2K[1A[2K[1A[2K[1A[2K[1A[2K[1A[2K[1A[2K[1A[2K[1A[2K[1A[2K[1A[2K[1A[2K[1A[2K[1A[2K[1A[2K[1A[2K[1A[2K[1A[2K[1A[2K[1A[2K[1A[2K[1A[2K[1A[2K[1A[2K[1A[2K[1A[2K[G
● Webpack █████████████████████████ building (37%) 20/40 entries 1449/1462 dep
endencies 259/413 modules 154 active 
 javascript\esm|E:\dev\Starward\node_modules\zustand\esm\vanilla.mjs

编译  发现入口  src/app.tsx
编译  发现页面  src/pages/map/index.tsx
编译  发现页面  src/pages/my/index.tsx
编译  发现页面  src/pages/auth/index.tsx
编译  发现页面  src/spot/search/index.tsx
编译  发现页面  src/spot/guides/index.tsx
编译  发现页面  src/spot/field/index.tsx
编译  发现页面  src/spot/plan/index.tsx
编译  发现页面  src/spot/data-source/index.tsx
编译  发现页面  src/sky/detail/index.tsx
编译  发现页面  src/content/article/detail/index.tsx
编译  发现页面  src/content/plan/detail/index.tsx
编译  发现页面  src/content/plan/list/index.tsx
编译  发现页面  src/content/plan/edit/index.tsx
编译  发现页面  src/content/event/list/index.tsx
编译  发现页面  src/content/event/detail/index.tsx
编译  发现页面  src/content/contribution/index.tsx
编译  发现页面  src/content/spot-feedback/index.tsx
编译  发现页面  src/content/settings/index.tsx
[2K[1A[2K[1A[2K[1A[2K[1A[2K[1A[2K[1A[2K[1A[2K[1A[2K[1A[2K[1A[2K[1A[2K[1A[2K[1A[2K[1A[2K[1A[2K[1A[2K[1A[2K[1A[2K[1A[2K[1A[2K[1A[2K[1A[2K[1A[2K[1A[2K[G
● Webpack █████████████████████████ building (38%) 21/40 entries 1516/1525 dep
endencies 271/436 modules 165 active 
 babel-loader › ..\..\node_modules\@tarojs\api\dist\interceptor\index.js

编译  发现入口  src/app.tsx
编译  发现页面  src/pages/map/index.tsx
编译  发现页面  src/pages/my/index.tsx
编译  发现页面  src/pages/auth/index.tsx
编译  发现页面  src/spot/search/index.tsx
编译  发现页面  src/spot/guides/index.tsx
编译  发现页面  src/spot/field/index.tsx
编译  发现页面  src/spot/plan/index.tsx
编译  发现页面  src/spot/data-source/index.tsx
编译  发现页面  src/sky/detail/index.tsx
编译  发现页面  src/content/article/detail/index.tsx
编译  发现页面  src/content/plan/detail/index.tsx
编译  发现页面  src/content/plan/list/index.tsx
编译  发现页面  src/content/plan/edit/index.tsx
编译  发现页面  src/content/event/list/index.tsx
编译  发现页面  src/content/event/detail/index.tsx
编译  发现页面  src/content/contribution/index.tsx
编译  发现页面  src/content/spot-feedback/index.tsx
编译  发现页面  src/content/settings/index.tsx
[2K[1A[2K[1A[2K[1A[2K[1A[2K[1A[2K[1A[2K[1A[2K[1A[2K[1A[2K[1A[2K[1A[2K[1A[2K[1A[2K[1A[2K[1A[2K[1A[2K[1A[2K[1A[2K[1A[2K[1A[2K[1A[2K[1A[2K[1A[2K[1A[2K[G
● Webpack █████████████████████████ building (38%) 21/40 entries 1568/1568 dep
endencies 327/445 modules 117 active 
 ..\..\node_modules\css-loader\dist\runtime\noSourceMaps.js

编译  发现入口  src/app.tsx
编译  发现页面  src/pages/map/index.tsx
编译  发现页面  src/pages/my/index.tsx
编译  发现页面  src/pages/auth/index.tsx
编译  发现页面  src/spot/search/index.tsx
编译  发现页面  src/spot/guides/index.tsx
编译  发现页面  src/spot/field/index.tsx
编译  发现页面  src/spot/plan/index.tsx
编译  发现页面  src/spot/data-source/index.tsx
编译  发现页面  src/sky/detail/index.tsx
编译  发现页面  src/content/article/detail/index.tsx
编译  发现页面  src/content/plan/detail/index.tsx
编译  发现页面  src/content/plan/list/index.tsx
编译  发现页面  src/content/plan/edit/index.tsx
编译  发现页面  src/content/event/list/index.tsx
编译  发现页面  src/content/event/detail/index.tsx
编译  发现页面  src/content/contribution/index.tsx
编译  发现页面  src/content/spot-feedback/index.tsx
编译  发现页面  src/content/settings/index.tsx
[2K[1A[2K[1A[2K[1A[2K[1A[2K[1A[2K[1A[2K[1A[2K[1A[2K[1A[2K[1A[2K[1A[2K[1A[2K[1A[2K[1A[2K[1A[2K[1A[2K[1A[2K[1A[2K[1A[2K[1A[2K[1A[2K[1A[2K[1A[2K[1A[2K[G
● Webpack █████████████████████████ building (40%) 22/40 entries 1595/1595 dep
endencies 342/454 modules 105 active 
 ...er › resolve-url-loader › sass-loader › src\components\status-panel.scss|0
|||}}

编译  发现入口  src/app.tsx
编译  发现页面  src/pages/map/index.tsx
编译  发现页面  src/pages/my/index.tsx
编译  发现页面  src/pages/auth/index.tsx
编译  发现页面  src/spot/search/index.tsx
编译  发现页面  src/spot/guides/index.tsx
编译  发现页面  src/spot/field/index.tsx
编译  发现页面  src/spot/plan/index.tsx
编译  发现页面  src/spot/data-source/index.tsx
编译  发现页面  src/sky/detail/index.tsx
编译  发现页面  src/content/article/detail/index.tsx
编译  发现页面  src/content/plan/detail/index.tsx
编译  发现页面  src/content/plan/list/index.tsx
编译  发现页面  src/content/plan/edit/index.tsx
编译  发现页面  src/content/event/list/index.tsx
编译  发现页面  src/content/event/detail/index.tsx
编译  发现页面  src/content/contribution/index.tsx
编译  发现页面  src/content/spot-feedback/index.tsx
编译  发现页面  src/content/settings/index.tsx
[2K[1A[2K[1A[2K[1A[2K[1A[2K[1A[2K[1A[2K[1A[2K[1A[2K[1A[2K[1A[2K[1A[2K[1A[2K[1A[2K[1A[2K[1A[2K[1A[2K[1A[2K[1A[2K[1A[2K[1A[2K[1A[2K[1A[2K[1A[2K[1A[2K[1A[2K[G
● Webpack █████████████████████████ building (40%) 22/40 entries 1628/1630 dep
endencies 386/465 modules 71 active 
 ...resolve-url-loader › sass-loader › src\spot\data-source\data-source.scss|0
|||}}

编译  发现入口  src/app.tsx
编译  发现页面  src/pages/map/index.tsx
编译  发现页面  src/pages/my/index.tsx
编译  发现页面  src/pages/auth/index.tsx
编译  发现页面  src/spot/search/index.tsx
编译  发现页面  src/spot/guides/index.tsx
编译  发现页面  src/spot/field/index.tsx
编译  发现页面  src/spot/plan/index.tsx
编译  发现页面  src/spot/data-source/index.tsx
编译  发现页面  src/sky/detail/index.tsx
编译  发现页面  src/content/article/detail/index.tsx
编译  发现页面  src/content/plan/detail/index.tsx
编译  发现页面  src/content/plan/list/index.tsx
编译  发现页面  src/content/plan/edit/index.tsx
编译  发现页面  src/content/event/list/index.tsx
编译  发现页面  src/content/event/detail/index.tsx
编译  发现页面  src/content/contribution/index.tsx
编译  发现页面  src/content/spot-feedback/index.tsx
编译  发现页面  src/content/settings/index.tsx
[2K[1A[2K[1A[2K[1A[2K[1A[2K[1A[2K[1A[2K[1A[2K[1A[2K[1A[2K[1A[2K[1A[2K[1A[2K[1A[2K[1A[2K[1A[2K[1A[2K[1A[2K[1A[2K[1A[2K[1A[2K[1A[2K[1A[2K[1A[2K[1A[2K[1A[2K[G
● Webpack █████████████████████████ sealing (70%) finish module graph 
 InnerGraphPlugin

编译  发现入口  src/app.tsx
编译  发现页面  src/pages/map/index.tsx
编译  发现页面  src/pages/my/index.tsx
编译  发现页面  src/pages/auth/index.tsx
编译  发现页面  src/spot/search/index.tsx
编译  发现页面  src/spot/guides/index.tsx
编译  发现页面  src/spot/field/index.tsx
编译  发现页面  src/spot/plan/index.tsx
编译  发现页面  src/spot/data-source/index.tsx
编译  发现页面  src/sky/detail/index.tsx
编译  发现页面  src/content/article/detail/index.tsx
编译  发现页面  src/content/plan/detail/index.tsx
编译  发现页面  src/content/plan/list/index.tsx
编译  发现页面  src/content/plan/edit/index.tsx
编译  发现页面  src/content/event/list/index.tsx
编译  发现页面  src/content/event/detail/index.tsx
编译  发现页面  src/content/contribution/index.tsx
编译  发现页面  src/content/spot-feedback/index.tsx
编译  发现页面  src/content/settings/index.tsx
[2K[1A[2K[1A[2K[1A[2K[1A[2K[1A[2K[1A[2K[1A[2K[1A[2K[1A[2K[1A[2K[1A[2K[1A[2K[1A[2K[1A[2K[1A[2K[1A[2K[1A[2K[1A[2K[1A[2K[1A[2K[1A[2K[1A[2K[1A[2K[G
● Webpack █████████████████████████ sealing (73%)  
 after chunk graph

编译  发现入口  src/app.tsx
编译  发现页面  src/pages/map/index.tsx
编译  发现页面  src/pages/my/index.tsx
编译  发现页面  src/pages/auth/index.tsx
编译  发现页面  src/spot/search/index.tsx
编译  发现页面  src/spot/guides/index.tsx
编译  发现页面  src/spot/field/index.tsx
编译  发现页面  src/spot/plan/index.tsx
编译  发现页面  src/spot/data-source/index.tsx
编译  发现页面  src/sky/detail/index.tsx
编译  发现页面  src/content/article/detail/index.tsx
编译  发现页面  src/content/plan/detail/index.tsx
编译  发现页面  src/content/plan/list/index.tsx
编译  发现页面  src/content/plan/edit/index.tsx
编译  发现页面  src/content/event/list/index.tsx
编译  发现页面  src/content/event/detail/index.tsx
编译  发现页面  src/content/contribution/index.tsx
编译  发现页面  src/content/spot-feedback/index.tsx
编译  发现页面  src/content/settings/index.tsx
[2K[1A[2K[1A[2K[1A[2K[1A[2K[1A[2K[1A[2K[1A[2K[1A[2K[1A[2K[1A[2K[1A[2K[1A[2K[1A[2K[1A[2K[1A[2K[1A[2K[1A[2K[1A[2K[1A[2K[1A[2K[1A[2K[1A[2K[1A[2K[G
● Webpack █████████████████████████ sealing (78%)  
 chunk modules optimization

编译  发现入口  src/app.tsx
编译  发现页面  src/pages/map/index.tsx
编译  发现页面  src/pages/my/index.tsx
编译  发现页面  src/pages/auth/index.tsx
编译  发现页面  src/spot/search/index.tsx
编译  发现页面  src/spot/guides/index.tsx
编译  发现页面  src/spot/field/index.tsx
编译  发现页面  src/spot/plan/index.tsx
编译  发现页面  src/spot/data-source/index.tsx
编译  发现页面  src/sky/detail/index.tsx
编译  发现页面  src/content/article/detail/index.tsx
编译  发现页面  src/content/plan/detail/index.tsx
编译  发现页面  src/content/plan/list/index.tsx
编译  发现页面  src/content/plan/edit/index.tsx
编译  发现页面  src/content/event/list/index.tsx
编译  发现页面  src/content/event/detail/index.tsx
编译  发现页面  src/content/contribution/index.tsx
编译  发现页面  src/content/spot-feedback/index.tsx
编译  发现页面  src/content/settings/index.tsx
[2K[1A[2K[1A[2K[1A[2K[1A[2K[1A[2K[1A[2K[1A[2K[1A[2K[1A[2K[1A[2K[1A[2K[1A[2K[1A[2K[1A[2K[1A[2K[1A[2K[1A[2K[1A[2K[1A[2K[1A[2K[1A[2K[1A[2K[1A[2K[G
● Webpack █████████████████████████ sealing (88%)  
 runtime requirements

编译  发现入口  src/app.tsx
编译  发现页面  src/pages/map/index.tsx
编译  发现页面  src/pages/my/index.tsx
编译  发现页面  src/pages/auth/index.tsx
编译  发现页面  src/spot/search/index.tsx
编译  发现页面  src/spot/guides/index.tsx
编译  发现页面  src/spot/field/index.tsx
编译  发现页面  src/spot/plan/index.tsx
编译  发现页面  src/spot/data-source/index.tsx
编译  发现页面  src/sky/detail/index.tsx
编译  发现页面  src/content/article/detail/index.tsx
编译  发现页面  src/content/plan/detail/index.tsx
编译  发现页面  src/content/plan/list/index.tsx
编译  发现页面  src/content/plan/edit/index.tsx
编译  发现页面  src/content/event/list/index.tsx
编译  发现页面  src/content/event/detail/index.tsx
编译  发现页面  src/content/contribution/index.tsx
编译  发现页面  src/content/spot-feedback/index.tsx
编译  发现页面  src/content/settings/index.tsx
[2K[1A[2K[1A[2K[1A[2K[1A[2K[1A[2K[1A[2K[1A[2K[1A[2K[1A[2K[1A[2K[1A[2K[1A[2K[1A[2K[1A[2K[1A[2K[1A[2K[1A[2K[1A[2K[1A[2K[1A[2K[1A[2K[1A[2K[1A[2K[G
● Webpack █████████████████████████ sealing (92%) asset processing 
 TaroMiniPlugin

编译  发现入口  src/app.tsx
编译  发现页面  src/pages/map/index.tsx
编译  发现页面  src/pages/my/index.tsx
编译  发现页面  src/pages/auth/index.tsx
编译  发现页面  src/spot/search/index.tsx
编译  发现页面  src/spot/guides/index.tsx
编译  发现页面  src/spot/field/index.tsx
编译  发现页面  src/spot/plan/index.tsx
编译  发现页面  src/spot/data-source/index.tsx
编译  发现页面  src/sky/detail/index.tsx
编译  发现页面  src/content/article/detail/index.tsx
编译  发现页面  src/content/plan/detail/index.tsx
编译  发现页面  src/content/plan/list/index.tsx
编译  发现页面  src/content/plan/edit/index.tsx
编译  发现页面  src/content/event/list/index.tsx
编译  发现页面  src/content/event/detail/index.tsx
编译  发现页面  src/content/contribution/index.tsx
编译  发现页面  src/content/spot-feedback/index.tsx
编译  发现页面  src/content/settings/index.tsx
[2K[1A[2K[1A[2K[1A[2K[1A[2K[1A[2K[1A[2K[1A[2K[1A[2K[1A[2K[1A[2K[1A[2K[1A[2K[1A[2K[1A[2K[1A[2K[1A[2K[1A[2K[1A[2K[1A[2K[1A[2K[1A[2K[1A[2K[1A[2K[G
● Webpack █████████████████████████ sealing (92%) asset processing 
 CssMinimizerPlugin

编译  发现入口  src/app.tsx
编译  发现页面  src/pages/map/index.tsx
编译  发现页面  src/pages/my/index.tsx
编译  发现页面  src/pages/auth/index.tsx
编译  发现页面  src/spot/search/index.tsx
编译  发现页面  src/spot/guides/index.tsx
编译  发现页面  src/spot/field/index.tsx
编译  发现页面  src/spot/plan/index.tsx
编译  发现页面  src/spot/data-source/index.tsx
编译  发现页面  src/sky/detail/index.tsx
编译  发现页面  src/content/article/detail/index.tsx
编译  发现页面  src/content/plan/detail/index.tsx
编译  发现页面  src/content/plan/list/index.tsx
编译  发现页面  src/content/plan/edit/index.tsx
编译  发现页面  src/content/event/list/index.tsx
编译  发现页面  src/content/event/detail/index.tsx
编译  发现页面  src/content/contribution/index.tsx
编译  发现页面  src/content/spot-feedback/index.tsx
编译  发现页面  src/content/settings/index.tsx
[2K[1A[2K[1A[2K[1A[2K[1A[2K[1A[2K[1A[2K[1A[2K[1A[2K[1A[2K[1A[2K[1A[2K[1A[2K[1A[2K[1A[2K[1A[2K[1A[2K[1A[2K[1A[2K[1A[2K[1A[2K[1A[2K[1A[2K[1A[2K[G
● Webpack █████████████████████████ sealing (92%) asset processing 
 RealContentHashPlugin

编译  发现入口  src/app.tsx
编译  发现页面  src/pages/map/index.tsx
编译  发现页面  src/pages/my/index.tsx
编译  发现页面  src/pages/auth/index.tsx
编译  发现页面  src/spot/search/index.tsx
编译  发现页面  src/spot/guides/index.tsx
编译  发现页面  src/spot/field/index.tsx
编译  发现页面  src/spot/plan/index.tsx
编译  发现页面  src/spot/data-source/index.tsx
编译  发现页面  src/sky/detail/index.tsx
编译  发现页面  src/content/article/detail/index.tsx
编译  发现页面  src/content/plan/detail/index.tsx
编译  发现页面  src/content/plan/list/index.tsx
编译  发现页面  src/content/plan/edit/index.tsx
编译  发现页面  src/content/event/list/index.tsx
编译  发现页面  src/content/event/detail/index.tsx
编译  发现页面  src/content/contribution/index.tsx
编译  发现页面  src/content/spot-feedback/index.tsx
编译  发现页面  src/content/settings/index.tsx
[2K[1A[2K[1A[2K[1A[2K[1A[2K[1A[2K[1A[2K[1A[2K[1A[2K[1A[2K[1A[2K[1A[2K[1A[2K[1A[2K[1A[2K[1A[2K[1A[2K[1A[2K[1A[2K[1A[2K[1A[2K[1A[2K[1A[2K[1A[2K[G
● Webpack █████████████████████████ sealing (92%) asset processing 
 taro-compile-mode-plugin

编译  发现入口  src/app.tsx
编译  发现页面  src/pages/map/index.tsx
编译  发现页面  src/pages/my/index.tsx
编译  发现页面  src/pages/auth/index.tsx
编译  发现页面  src/spot/search/index.tsx
编译  发现页面  src/spot/guides/index.tsx
编译  发现页面  src/spot/field/index.tsx
编译  发现页面  src/spot/plan/index.tsx
编译  发现页面  src/spot/data-source/index.tsx
编译  发现页面  src/sky/detail/index.tsx
编译  发现页面  src/content/article/detail/index.tsx
编译  发现页面  src/content/plan/detail/index.tsx
编译  发现页面  src/content/plan/list/index.tsx
编译  发现页面  src/content/plan/edit/index.tsx
编译  发现页面  src/content/event/list/index.tsx
编译  发现页面  src/content/event/detail/index.tsx
编译  发现页面  src/content/contribution/index.tsx
编译  发现页面  src/content/spot-feedback/index.tsx
编译  发现页面  src/content/settings/index.tsx
[2K[1A[2K[1A[2K[1A[2K[1A[2K[1A[2K[1A[2K[1A[2K[1A[2K[1A[2K[1A[2K[1A[2K[1A[2K[1A[2K[1A[2K[1A[2K[1A[2K[1A[2K[1A[2K[1A[2K[1A[2K[1A[2K[1A[2K[1A[2K[G
● Webpack █████████████████████████ emitting (98%)  
 after emit

编译  发现入口  src/app.tsx
编译  发现页面  src/pages/map/index.tsx
编译  发现页面  src/pages/my/index.tsx
编译  发现页面  src/pages/auth/index.tsx
编译  发现页面  src/spot/search/index.tsx
编译  发现页面  src/spot/guides/index.tsx
编译  发现页面  src/spot/field/index.tsx
编译  发现页面  src/spot/plan/index.tsx
编译  发现页面  src/spot/data-source/index.tsx
编译  发现页面  src/sky/detail/index.tsx
编译  发现页面  src/content/article/detail/index.tsx
编译  发现页面  src/content/plan/detail/index.tsx
编译  发现页面  src/content/plan/list/index.tsx
编译  发现页面  src/content/plan/edit/index.tsx
编译  发现页面  src/content/event/list/index.tsx
编译  发现页面  src/content/event/detail/index.tsx
编译  发现页面  src/content/contribution/index.tsx
编译  发现页面  src/content/spot-feedback/index.tsx
编译  发现页面  src/content/settings/index.tsx
[2K[1A[2K[1A[2K[1A[2K[1A[2K[1A[2K[1A[2K[1A[2K[1A[2K[1A[2K[1A[2K[1A[2K[1A[2K[1A[2K[1A[2K[1A[2K[1A[2K[1A[2K[1A[2K[1A[2K[1A[2K[1A[2K[1A[2K[1A[2K[G
√ Webpack
  Compiled successfully in 14.65s

编译  发现入口  src/app.tsx
编译  发现页面  src/pages/map/index.tsx
编译  发现页面  src/pages/my/index.tsx
编译  发现页面  src/pages/auth/index.tsx
编译  发现页面  src/spot/search/index.tsx
编译  发现页面  src/spot/guides/index.tsx
编译  发现页面  src/spot/field/index.tsx
编译  发现页面  src/spot/plan/index.tsx
编译  发现页面  src/spot/data-source/index.tsx
编译  发现页面  src/sky/detail/index.tsx
编译  发现页面  src/content/article/detail/index.tsx
编译  发现页面  src/content/plan/detail/index.tsx
编译  发现页面  src/content/plan/list/index.tsx
编译  发现页面  src/content/plan/edit/index.tsx
编译  发现页面  src/content/event/list/index.tsx
编译  发现页面  src/content/event/detail/index.tsx
编译  发现页面  src/content/contribution/index.tsx
编译  发现页面  src/content/spot-feedback/index.tsx
编译  发现页面  src/content/settings/index.tsx
⚠️ Warnings: 

Error: chunk common [mini-css-extract-plugin]
Conflicting order. Following module has been added:
 * css ../../node_modules/css-loader/dist/cjs.js??ruleSet[1].rules[1].oneOf[0].use[1]!../../node_modules/postcss-loader/dist/cjs.js??ruleSet[1].rules[1].oneOf[0].use[2]!../../node_modules/resolve-url-loader/index.js!../../node_modules/sass-loader/dist/cjs.js??ruleSet[1].rules[1].oneOf[0].use[4]!./src/components/notification.scss
despite it was not able to fulfill desired ordering with these modules:
 * css ../../node_modules/css-loader/dist/cjs.js??ruleSet[1].rules[1].oneOf[0].use[1]!../../node_modules/postcss-loader/dist/cjs.js??ruleSet[1].rules[1].oneOf[0].use[2]!../../node_modules/resolve-url-loader/index.js!../../node_modules/sass-loader/dist/cjs.js??ruleSet[1].rules[1].oneOf[0].use[4]!./src/components/custom-nav.scss
   - couldn't fulfill desired order of chunk group(s) spot/plan/index, content/event/list/index, content/event/detail/index, content/spot-feedback/index
   - while fulfilling desired order of chunk group(s) pages/map/index, pages/my/index, pages/auth/index, spot/guides/index, spot/field/index, spot/data-source/index, content/article/detail/index, content/plan/detail/index, content/plan/list/index, content/plan/edit/index, content/contribution/index, content/settings/index
 * css ../../node_modules/css-loader/dist/cjs.js??ruleSet[1].rules[1].oneOf[0].use[1]!../../node_modules/postcss-loader/dist/cjs.js??ruleSet[1].rules[1].oneOf[0].use[2]!../../node_modules/resolve-url-loader/index.js!../../node_modules/sass-loader/dist/cjs.js??ruleSet[1].rules[1].oneOf[0].use[4]!./src/components/semantic-asset.scss
   - couldn't fulfill desired order of chunk group(s) spot/plan/index, content/event/list/index, content/event/detail/index, content/spot-feedback/index
   - while fulfilling desired order of chunk group(s) pages/map/index, pages/my/index, pages/auth/index, spot/search/index, spot/guides/index, spot/field/index, spot/data-source/index, sky/detail/index, content/article/detail/index, content/plan/detail/index, content/plan/list/index, content/plan/edit/index, content/contribution/index, content/settings/index
    at Array.forEach (<anonymous>)

Error: chunk common [mini-css-extract-plugin]
Conflicting order. Following module has been added:
 * css ../../node_modules/css-loader/dist/cjs.js??ruleSet[1].rules[1].oneOf[0].use[1]!../../node_modules/postcss-loader/dist/cjs.js??ruleSet[1].rules[1].oneOf[0].use[2]!../../node_modules/resolve-url-loader/index.js!../../node_modules/sass-loader/dist/cjs.js??ruleSet[1].rules[1].oneOf[0].use[4]!./src/components/semantic-asset.scss
despite it was not able to fulfill desired ordering with these modules:
 * css ../../node_modules/css-loader/dist/cjs.js??ruleSet[1].rules[1].oneOf[0].use[1]!../../node_modules/postcss-loader/dist/cjs.js??ruleSet[1].rules[1].oneOf[0].use[2]!../../node_modules/resolve-url-loader/index.js!../../node_modules/sass-loader/dist/cjs.js??ruleSet[1].rules[1].oneOf[0].use[4]!./src/components/status-panel.scss
   - couldn't fulfill desired order of chunk group(s) pages/map/index, content/contribution/index
   - while fulfilling desired order of chunk group(s) pages/my/index, pages/auth/index, spot/search/index, spot/guides/index, spot/field/index, spot/plan/index, spot/data-source/index, sky/detail/index, content/article/detail/index, content/plan/detail/index, content/plan/list/index, content/plan/edit/index, content/event/list/index, content/event/detail/index, content/spot-feedback/index, content/settings/index
    at Array.forEach (<anonymous>)

Error: chunk common [mini-css-extract-plugin]
Conflicting order. Following module has been added:
 * css ../../node_modules/css-loader/dist/cjs.js??ruleSet[1].rules[1].oneOf[0].use[1]!../../node_modules/postcss-loader/dist/cjs.js??ruleSet[1].rules[1].oneOf[0].use[2]!../../node_modules/resolve-url-loader/index.js!../../node_modules/sass-loader/dist/cjs.js??ruleSet[1].rules[1].oneOf[0].use[4]!./src/components/status-panel.scss
despite it was not able to fulfill desired ordering with these modules:
 * css ../../node_modules/css-loader/dist/cjs.js??ruleSet[1].rules[1].oneOf[0].use[1]!../../node_modules/postcss-loader/dist/cjs.js??ruleSet[1].rules[1].oneOf[0].use[2]!../../node_modules/resolve-url-loader/index.js!../../node_modules/sass-loader/dist/cjs.js??ruleSet[1].rules[1].oneOf[0].use[4]!./src/components/custom-nav.scss
   - couldn't fulfill desired order of chunk group(s) pages/my/index, pages/auth/index, spot/guides/index, spot/field/index, spot/plan/index, spot/data-source/index, content/article/detail/index, content/plan/detail/index, content/plan/list/index, content/plan/edit/index, content/event/list/index, content/event/detail/index, content/spot-feedback/index, content/settings/index
   - while fulfilling desired order of chunk group(s) pages/map/index, content/contribution/index
    at Array.forEach (<anonymous>)

ℹ Stats: 

assets by path [1m[32massets/[39m[22m 528 KiB 119 assets
assets by path [1m[32mcontent/[39m[22m 196 KiB 44 assets
assets by path [1m[32mspot/[39m[22m 91.2 KiB 29 assets
assets by path [1m[32mpages/[39m[22m 207 KiB 13 assets
assets by path [1m[32m*.js[39m[22m 507 KiB 6 assets
assets by path [1m[32msky/detail/[39m[22m 108 KiB 5 assets
assets by path [1m[32m*.wxml[39m[22m 82.3 KiB 3 assets
assets by path [1m[32m*.wxss[39m[22m 54.7 KiB
  asset [1m[32mcommon.wxss[39m[22m 41.3 KiB [1m[32m[emitted][39m[22m [1m[32m[minimized][39m[22m (name: common) (id hint: common)
  + 2 assets
assets by path [1m[32m*.json[39m[22m 1.33 KiB
  asset [1m[32mapp.json[39m[22m 1.25 KiB [1m[32m[emitted][39m[22m
  asset [1m[32mcomp.json[39m[22m 86 bytes [1m[32m[emitted][39m[22m
asset [1m[32mutils.wxs[39m[22m 997 bytes [1m[32m[emitted][39m[22m

[1m[33mWARNING[39m[22m in [1mchunk common [mini-css-extract-plugin]
[1m[31mConflicting[39m[22m[1m order. Following module has been added:
 * css ../../node_modules/css-loader/dist/cjs.js??ruleSet[1].rules[1].oneOf[0].use[1]!../../node_modules/postcss-loader/dist/cjs.js??ruleSet[1].rules[1].oneOf[0].use[2]!../../node_modules/resolve-url-loader/index.js!../../node_modules/sass-loader/dist/cjs.js??ruleSet[1].rules[1].oneOf[0].use[4]!./src/components/notification.scss
despite it was not able to fulfill desired ordering with these modules:
 * css ../../node_modules/css-loader/dist/cjs.js??ruleSet[1].rules[1].oneOf[0].use[1]!../../node_modules/postcss-loader/dist/cjs.js??ruleSet[1].rules[1].oneOf[0].use[2]!../../node_modules/resolve-url-loader/index.js!../../node_modules/sass-loader/dist/cjs.js??ruleSet[1].rules[1].oneOf[0].use[4]!./src/components/custom-nav.scss
   - couldn't fulfill desired order of chunk group(s) spot/plan/index, content/event/list/index, content/event/detail/index, content/spot-feedback/index
   - while fulfilling desired order of chunk group(s) pages/map/index, pages/my/index, pages/auth/index, spot/guides/index, spot/field/index, spot/data-source/index, content/article/detail/index, content/plan/detail/index, content/plan/list/index, content/plan/edit/index, content/contribution/index, content/settings/index
 * css ../../node_modules/css-loader/dist/cjs.js??ruleSet[1].rules[1].oneOf[0].use[1]!../../node_modules/postcss-loader/dist/cjs.js??ruleSet[1].rules[1].oneOf[0].use[2]!../../node_modules/resolve-url-loader/index.js!../../node_modules/sass-loader/dist/cjs.js??ruleSet[1].rules[1].oneOf[0].use[4]!./src/components/semantic-asset.scss
   - couldn't fulfill desired order of chunk group(s) spot/plan/index, content/event/list/index, content/event/detail/index, content/spot-feedback/index
   - while fulfilling desired order of chunk group(s) pages/map/index, pages/my/index, pages/auth/index, spot/search/index, spot/guides/index, spot/field/index, spot/data-source/index, sky/detail/index, content/article/detail/index, content/plan/detail/index, content/plan/list/index, content/plan/edit/index, content/contribution/index, content/settings/index[39m[22m

[1m[33mWARNING[39m[22m in [1mchunk common [mini-css-extract-plugin]
[1m[31mConflicting[39m[22m[1m order. Following module has been added:
 * css ../../node_modules/css-loader/dist/cjs.js??ruleSet[1].rules[1].oneOf[0].use[1]!../../node_modules/postcss-loader/dist/cjs.js??ruleSet[1].rules[1].oneOf[0].use[2]!../../node_modules/resolve-url-loader/index.js!../../node_modules/sass-loader/dist/cjs.js??ruleSet[1].rules[1].oneOf[0].use[4]!./src/components/semantic-asset.scss
despite it was not able to fulfill desired ordering with these modules:
 * css ../../node_modules/css-loader/dist/cjs.js??ruleSet[1].rules[1].oneOf[0].use[1]!../../node_modules/postcss-loader/dist/cjs.js??ruleSet[1].rules[1].oneOf[0].use[2]!../../node_modules/resolve-url-loader/index.js!../../node_modules/sass-loader/dist/cjs.js??ruleSet[1].rules[1].oneOf[0].use[4]!./src/components/status-panel.scss
   - couldn't fulfill desired order of chunk group(s) pages/map/index, content/contribution/index
   - while fulfilling desired order of chunk group(s) pages/my/index, pages/auth/index, spot/search/index, spot/guides/index, spot/field/index, spot/plan/index, spot/data-source/index, sky/detail/index, content/article/detail/index, content/plan/detail/index, content/plan/list/index, content/plan/edit/index, content/event/list/index, content/event/detail/index, content/spot-feedback/index, content/settings/index[39m[22m

[1m[33mWARNING[39m[22m in [1mchunk common [mini-css-extract-plugin]
[1m[31mConflicting[39m[22m[1m order. Following module has been added:
 * css ../../node_modules/css-loader/dist/cjs.js??ruleSet[1].rules[1].oneOf[0].use[1]!../../node_modules/postcss-loader/dist/cjs.js??ruleSet[1].rules[1].oneOf[0].use[2]!../../node_modules/resolve-url-loader/index.js!../../node_modules/sass-loader/dist/cjs.js??ruleSet[1].rules[1].oneOf[0].use[4]!./src/components/status-panel.scss
despite it was not able to fulfill desired ordering with these modules:
 * css ../../node_modules/css-loader/dist/cjs.js??ruleSet[1].rules[1].oneOf[0].use[1]!../../node_modules/postcss-loader/dist/cjs.js??ruleSet[1].rules[1].oneOf[0].use[2]!../../node_modules/resolve-url-loader/index.js!../../node_modules/sass-loader/dist/cjs.js??ruleSet[1].rules[1].oneOf[0].use[4]!./src/components/custom-nav.scss
   - couldn't fulfill desired order of chunk group(s) pages/my/index, pages/auth/index, spot/guides/index, spot/field/index, spot/plan/index, spot/data-source/index, content/article/detail/index, content/plan/detail/index, content/plan/list/index, content/plan/edit/index, content/event/list/index, content/event/detail/index, content/spot-feedback/index, content/settings/index
   - while fulfilling desired order of chunk group(s) pages/map/index, content/contribution/index[39m[22m

webpack 5.91.0 compiled with [1m[33m3 warnings[39m[22m in 14823 ms
