
> @starward/wechat-miniapp@0.1.0 build:weapp
> node ../../tools/run-node.cjs --bin @tarojs/cli taro build --type weapp

👽 Taro v4.2.1

Tips:
1. 建议开启持久化缓存功能，能有效提升二次编译速度，详情请参考: https://docs.taro.zone/docs/config-detail#cache。


提示  appid     wx2e43b8498cb45da7
生成  工具配置  E:\dev\Starward\apps\wechat-miniapp\dist\weapp/project.config.json
启动  开发者工具-项目目录  E:\dev\Starward\apps\wechat-miniapp\dist\weapp

● Webpack █████████████████████████  (0%)  
 

编译  发现入口  src/app.tsx
编译  发现页面  src/pages/map/index.tsx
编译  发现页面  src/pages/my/index.tsx
编译  发现页面  src/pages/auth/index.tsx
编译  发现页面  src/spot/search/index.tsx
编译  发现页面  src/spot/guides/index.tsx
编译  发现页面  src/spot/field/index.tsx
编译  发现页面  src/spot/plan/index.tsx
编译  发现页面  src/spot/data-source/index.tsx
编译  发现页面  src/sky/detail/index.tsx
编译  发现页面  src/content/article/detail/index.tsx
编译  发现页面  src/content/plan/detail/index.tsx
编译  发现页面  src/content/plan/list/index.tsx
编译  发现页面  src/content/plan/edit/index.tsx
编译  发现页面  src/content/event/list/index.tsx
编译  发现页面  src/content/event/detail/index.tsx
编译  发现页面  src/content/contribution/index.tsx
编译  发现页面  src/content/spot-feedback/index.tsx
编译  发现页面  src/content/settings/index.tsx
[2K[1A[2K[1A[2K[1A[2K[1A[2K[1A[2K[1A[2K[1A[2K[1A[2K[1A[2K[1A[2K[1A[2K[1A[2K[1A[2K[1A[2K[1A[2K[1A[2K[1A[2K[1A[2K[1A[2K[1A[2K[1A[2K[1A[2K[1A[2K[G
● Webpack █████████████████████████ setup (2%)  
 run

编译  发现入口  src/app.tsx
编译  发现页面  src/pages/map/index.tsx
编译  发现页面  src/pages/my/index.tsx
编译  发现页面  src/pages/auth/index.tsx
编译  发现页面  src/spot/search/index.tsx
编译  发现页面  src/spot/guides/index.tsx
编译  发现页面  src/spot/field/index.tsx
编译  发现页面  src/spot/plan/index.tsx
编译  发现页面  src/spot/data-source/index.tsx
编译  发现页面  src/sky/detail/index.tsx
编译  发现页面  src/content/article/detail/index.tsx
编译  发现页面  src/content/plan/detail/index.tsx
编译  发现页面  src/content/plan/list/index.tsx
编译  发现页面  src/content/plan/edit/index.tsx
编译  发现页面  src/content/event/list/index.tsx
编译  发现页面  src/content/event/detail/index.tsx
编译  发现页面  src/content/contribution/index.tsx
编译  发现页面  src/content/spot-feedback/index.tsx
编译  发现页面  src/content/settings/index.tsx
[2K[1A[2K[1A[2K[1A[2K[1A[2K[1A[2K[1A[2K[1A[2K[1A[2K[1A[2K[1A[2K[1A[2K[1A[2K[1A[2K[1A[2K[1A[2K[1A[2K[1A[2K[1A[2K[1A[2K[1A[2K[1A[2K[1A[2K[1A[2K[G
● Webpack █████████████████████████ setup (9%) compilation 
 NoEmitOnErrorsPlugin

编译  发现入口  src/app.tsx
编译  发现页面  src/pages/map/index.tsx
编译  发现页面  src/pages/my/index.tsx
编译  发现页面  src/pages/auth/index.tsx
编译  发现页面  src/spot/search/index.tsx
编译  发现页面  src/spot/guides/index.tsx
编译  发现页面  src/spot/field/index.tsx
编译  发现页面  src/spot/plan/index.tsx
编译  发现页面  src/spot/data-source/index.tsx
编译  发现页面  src/sky/detail/index.tsx
编译  发现页面  src/content/article/detail/index.tsx
编译  发现页面  src/content/plan/detail/index.tsx
编译  发现页面  src/content/plan/list/index.tsx
编译  发现页面  src/content/plan/edit/index.tsx
编译  发现页面  src/content/event/list/index.tsx
编译  发现页面  src/content/event/detail/index.tsx
编译  发现页面  src/content/contribution/index.tsx
编译  发现页面  src/content/spot-feedback/index.tsx
编译  发现页面  src/content/settings/index.tsx
[2K[1A[2K[1A[2K[1A[2K[1A[2K[1A[2K[1A[2K[1A[2K[1A[2K[1A[2K[1A[2K[1A[2K[1A[2K[1A[2K[1A[2K[1A[2K[1A[2K[1A[2K[1A[2K[1A[2K[1A[2K[1A[2K[1A[2K[1A[2K[G
● Webpack █████████████████████████ building (10%) 0/40 entries 40/40 dependen
cies 0/40 modules 1 active 
 babel-loader › src\app.config.ts

编译  发现入口  src/app.tsx
编译  发现页面  src/pages/map/index.tsx
编译  发现页面  src/pages/my/index.tsx
编译  发现页面  src/pages/auth/index.tsx
编译  发现页面  src/spot/search/index.tsx
编译  发现页面  src/spot/guides/index.tsx
编译  发现页面  src/spot/field/index.tsx
编译  发现页面  src/spot/plan/index.tsx
编译  发现页面  src/spot/data-source/index.tsx
编译  发现页面  src/sky/detail/index.tsx
编译  发现页面  src/content/article/detail/index.tsx
编译  发现页面  src/content/plan/detail/index.tsx
编译  发现页面  src/content/plan/list/index.tsx
编译  发现页面  src/content/plan/edit/index.tsx
编译  发现页面  src/content/event/list/index.tsx
编译  发现页面  src/content/event/detail/index.tsx
编译  发现页面  src/content/contribution/index.tsx
编译  发现页面  src/content/spot-feedback/index.tsx
编译  发现页面  src/content/settings/index.tsx
[2K[1A[2K[1A[2K[1A[2K[1A[2K[1A[2K[1A[2K[1A[2K[1A[2K[1A[2K[1A[2K[1A[2K[1A[2K[1A[2K[1A[2K[1A[2K[1A[2K[1A[2K[1A[2K[1A[2K[1A[2K[1A[2K[1A[2K[1A[2K[1A[2K[G
● Webpack █████████████████████████ building (10%)  
 node_modules\@tarojs\webpack5-runner\dist\loaders\miniCompilerLoader.js

编译  发现入口  src/app.tsx
编译  发现页面  src/pages/map/index.tsx
编译  发现页面  src/pages/my/index.tsx
编译  发现页面  src/pages/auth/index.tsx
编译  发现页面  src/spot/search/index.tsx
编译  发现页面  src/spot/guides/index.tsx
编译  发现页面  src/spot/field/index.tsx
编译  发现页面  src/spot/plan/index.tsx
编译  发现页面  src/spot/data-source/index.tsx
编译  发现页面  src/sky/detail/index.tsx
编译  发现页面  src/content/article/detail/index.tsx
编译  发现页面  src/content/plan/detail/index.tsx
编译  发现页面  src/content/plan/list/index.tsx
编译  发现页面  src/content/plan/edit/index.tsx
编译  发现页面  src/content/event/list/index.tsx
编译  发现页面  src/content/event/detail/index.tsx
编译  发现页面  src/content/contribution/index.tsx
编译  发现页面  src/content/spot-feedback/index.tsx
编译  发现页面  src/content/settings/index.tsx
[2K[1A[2K[1A[2K[1A[2K[1A[2K[1A[2K[1A[2K[1A[2K[1A[2K[1A[2K[1A[2K[1A[2K[1A[2K[1A[2K[1A[2K[1A[2K[1A[2K[1A[2K[1A[2K[1A[2K[1A[2K[1A[2K[1A[2K[1A[2K[G
● Webpack █████████████████████████ building (10%) 0/40 entries 40/41 dependen
cies 0/40 modules 40 active 
 ...er › ..\..\node_modules\@tarojs\webpack5-runner\dist\template\custom-wrapp
er.js

编译  发现入口  src/app.tsx
编译  发现页面  src/pages/map/index.tsx
编译  发现页面  src/pages/my/index.tsx
编译  发现页面  src/pages/auth/index.tsx
编译  发现页面  src/spot/search/index.tsx
编译  发现页面  src/spot/guides/index.tsx
编译  发现页面  src/spot/field/index.tsx
编译  发现页面  src/spot/plan/index.tsx
编译  发现页面  src/spot/data-source/index.tsx
编译  发现页面  src/sky/detail/index.tsx
编译  发现页面  src/content/article/detail/index.tsx
编译  发现页面  src/content/plan/detail/index.tsx
编译  发现页面  src/content/plan/list/index.tsx
编译  发现页面  src/content/plan/edit/index.tsx
编译  发现页面  src/content/event/list/index.tsx
编译  发现页面  src/content/event/detail/index.tsx
编译  发现页面  src/content/contribution/index.tsx
编译  发现页面  src/content/spot-feedback/index.tsx
编译  发现页面  src/content/settings/index.tsx
[2K[1A[2K[1A[2K[1A[2K[1A[2K[1A[2K[1A[2K[1A[2K[1A[2K[1A[2K[1A[2K[1A[2K[1A[2K[1A[2K[1A[2K[1A[2K[1A[2K[1A[2K[1A[2K[1A[2K[1A[2K[1A[2K[1A[2K[1A[2K[1A[2K[1A[2K[G
● Webpack █████████████████████████ building (36%) 19/40 entries 284/340 depen
dencies 21/142 modules 43 active 
 babel-loader › src\content\spot-document-fields.tsx

编译  发现入口  src/app.tsx
编译  发现页面  src/pages/map/index.tsx
编译  发现页面  src/pages/my/index.tsx
编译  发现页面  src/pages/auth/index.tsx
编译  发现页面  src/spot/search/index.tsx
编译  发现页面  src/spot/guides/index.tsx
编译  发现页面  src/spot/field/index.tsx
编译  发现页面  src/spot/plan/index.tsx
编译  发现页面  src/spot/data-source/index.tsx
编译  发现页面  src/sky/detail/index.tsx
编译  发现页面  src/content/article/detail/index.tsx
编译  发现页面  src/content/plan/detail/index.tsx
编译  发现页面  src/content/plan/list/index.tsx
编译  发现页面  src/content/plan/edit/index.tsx
编译  发现页面  src/content/event/list/index.tsx
编译  发现页面  src/content/event/detail/index.tsx
编译  发现页面  src/content/contribution/index.tsx
编译  发现页面  src/content/spot-feedback/index.tsx
编译  发现页面  src/content/settings/index.tsx
[2K[1A[2K[1A[2K[1A[2K[1A[2K[1A[2K[1A[2K[1A[2K[1A[2K[1A[2K[1A[2K[1A[2K[1A[2K[1A[2K[1A[2K[1A[2K[1A[2K[1A[2K[1A[2K[1A[2K[1A[2K[1A[2K[1A[2K[1A[2K[1A[2K[G
● Webpack █████████████████████████ building (36%) 19/40 entries 324/340 depen
dencies 21/170 modules 86 active 
 babel-loader › src\pages\map\pending-proposal-panel.tsx

编译  发现入口  src/app.tsx
编译  发现页面  src/pages/map/index.tsx
编译  发现页面  src/pages/my/index.tsx
编译  发现页面  src/pages/auth/index.tsx
编译  发现页面  src/spot/search/index.tsx
编译  发现页面  src/spot/guides/index.tsx
编译  发现页面  src/spot/field/index.tsx
编译  发现页面  src/spot/plan/index.tsx
编译  发现页面  src/spot/data-source/index.tsx
编译  发现页面  src/sky/detail/index.tsx
编译  发现页面  src/content/article/detail/index.tsx
编译  发现页面  src/content/plan/detail/index.tsx
编译  发现页面  src/content/plan/list/index.tsx
编译  发现页面  src/content/plan/edit/index.tsx
编译  发现页面  src/content/event/list/index.tsx
编译  发现页面  src/content/event/detail/index.tsx
编译  发现页面  src/content/contribution/index.tsx
编译  发现页面  src/content/spot-feedback/index.tsx
编译  发现页面  src/content/settings/index.tsx
[2K[1A[2K[1A[2K[1A[2K[1A[2K[1A[2K[1A[2K[1A[2K[1A[2K[1A[2K[1A[2K[1A[2K[1A[2K[1A[2K[1A[2K[1A[2K[1A[2K[1A[2K[1A[2K[1A[2K[1A[2K[1A[2K[1A[2K[1A[2K[1A[2K[G
● Webpack █████████████████████████ building (36%) 19/40 entries 340/349 depen
dencies 21/184 modules 128 active 
 babel-loader › ..\..\node_modules\@tarojs\runtime\dist\bom\navigator.js

编译  发现入口  src/app.tsx
编译  发现页面  src/pages/map/index.tsx
编译  发现页面  src/pages/my/index.tsx
编译  发现页面  src/pages/auth/index.tsx
编译  发现页面  src/spot/search/index.tsx
编译  发现页面  src/spot/guides/index.tsx
编译  发现页面  src/spot/field/index.tsx
编译  发现页面  src/spot/plan/index.tsx
编译  发现页面  src/spot/data-source/index.tsx
编译  发现页面  src/sky/detail/index.tsx
编译  发现页面  src/content/article/detail/index.tsx
编译  发现页面  src/content/plan/detail/index.tsx
编译  发现页面  src/content/plan/list/index.tsx
编译  发现页面  src/content/plan/edit/index.tsx
编译  发现页面  src/content/event/list/index.tsx
编译  发现页面  src/content/event/detail/index.tsx
编译  发现页面  src/content/contribution/index.tsx
编译  发现页面  src/content/spot-feedback/index.tsx
编译  发现页面  src/content/settings/index.tsx
[2K[1A[2K[1A[2K[1A[2K[1A[2K[1A[2K[1A[2K[1A[2K[1A[2K[1A[2K[1A[2K[1A[2K[1A[2K[1A[2K[1A[2K[1A[2K[1A[2K[1A[2K[1A[2K[1A[2K[1A[2K[1A[2K[1A[2K[1A[2K[1A[2K[G
● Webpack █████████████████████████ building (36%) 19/40 entries 348/352 depen
dencies 22/189 modules 132 active 
 babel-loader › ..\..\node_modules\@tarojs\runtime\dist\dom\element.js

编译  发现入口  src/app.tsx
编译  发现页面  src/pages/map/index.tsx
编译  发现页面  src/pages/my/index.tsx
编译  发现页面  src/pages/auth/index.tsx
编译  发现页面  src/spot/search/index.tsx
编译  发现页面  src/spot/guides/index.tsx
编译  发现页面  src/spot/field/index.tsx
编译  发现页面  src/spot/plan/index.tsx
编译  发现页面  src/spot/data-source/index.tsx
编译  发现页面  src/sky/detail/index.tsx
编译  发现页面  src/content/article/detail/index.tsx
编译  发现页面  src/content/plan/detail/index.tsx
编译  发现页面  src/content/plan/list/index.tsx
编译  发现页面  src/content/plan/edit/index.tsx
编译  发现页面  src/content/event/list/index.tsx
编译  发现页面  src/content/event/detail/index.tsx
编译  发现页面  src/content/contribution/index.tsx
编译  发现页面  src/content/spot-feedback/index.tsx
编译  发现页面  src/content/settings/index.tsx
[2K[1A[2K[1A[2K[1A[2K[1A[2K[1A[2K[1A[2K[1A[2K[1A[2K[1A[2K[1A[2K[1A[2K[1A[2K[1A[2K[1A[2K[1A[2K[1A[2K[1A[2K[1A[2K[1A[2K[1A[2K[1A[2K[1A[2K[1A[2K[1A[2K[G
● Webpack █████████████████████████ building (36%) 19/40 entries 823/872 depen
dencies 45/271 modules 110 active 
 babel-loader › ..\..\node_modules\@tarojs\runtime\dist\dom\event.js

编译  发现入口  src/app.tsx
编译  发现页面  src/pages/map/index.tsx
编译  发现页面  src/pages/my/index.tsx
编译  发现页面  src/pages/auth/index.tsx
编译  发现页面  src/spot/search/index.tsx
编译  发现页面  src/spot/guides/index.tsx
编译  发现页面  src/spot/field/index.tsx
编译  发现页面  src/spot/plan/index.tsx
编译  发现页面  src/spot/data-source/index.tsx
编译  发现页面  src/sky/detail/index.tsx
编译  发现页面  src/content/article/detail/index.tsx
编译  发现页面  src/content/plan/detail/index.tsx
编译  发现页面  src/content/plan/list/index.tsx
编译  发现页面  src/content/plan/edit/index.tsx
编译  发现页面  src/content/event/list/index.tsx
编译  发现页面  src/content/event/detail/index.tsx
编译  发现页面  src/content/contribution/index.tsx
编译  发现页面  src/content/spot-feedback/index.tsx
编译  发现页面  src/content/settings/index.tsx
[2K[1A[2K[1A[2K[1A[2K[1A[2K[1A[2K[1A[2K[1A[2K[1A[2K[1A[2K[1A[2K[1A[2K[1A[2K[1A[2K[1A[2K[1A[2K[1A[2K[1A[2K[1A[2K[1A[2K[1A[2K[1A[2K[1A[2K[1A[2K[1A[2K[G
● Webpack █████████████████████████ building (36%)  
 node_modules\resolve-url-loader\index.js

编译  发现入口  src/app.tsx
编译  发现页面  src/pages/map/index.tsx
编译  发现页面  src/pages/my/index.tsx
编译  发现页面  src/pages/auth/index.tsx
编译  发现页面  src/spot/search/index.tsx
编译  发现页面  src/spot/guides/index.tsx
编译  发现页面  src/spot/field/index.tsx
编译  发现页面  src/spot/plan/index.tsx
编译  发现页面  src/spot/data-source/index.tsx
编译  发现页面  src/sky/detail/index.tsx
编译  发现页面  src/content/article/detail/index.tsx
编译  发现页面  src/content/plan/detail/index.tsx
编译  发现页面  src/content/plan/list/index.tsx
编译  发现页面  src/content/plan/edit/index.tsx
编译  发现页面  src/content/event/list/index.tsx
编译  发现页面  src/content/event/detail/index.tsx
编译  发现页面  src/content/contribution/index.tsx
编译  发现页面  src/content/spot-feedback/index.tsx
编译  发现页面  src/content/settings/index.tsx
[2K[1A[2K[1A[2K[1A[2K[1A[2K[1A[2K[1A[2K[1A[2K[1A[2K[1A[2K[1A[2K[1A[2K[1A[2K[1A[2K[1A[2K[1A[2K[1A[2K[1A[2K[1A[2K[1A[2K[1A[2K[1A[2K[1A[2K[1A[2K[G
● Webpack █████████████████████████ building (36%) 19/40 entries 823/873 depen
dencies 45/271 modules 130 active 
 ...loader › resolve-url-loader › sass-loader › src\content\contribution\index
.scss

编译  发现入口  src/app.tsx
编译  发现页面  src/pages/map/index.tsx
编译  发现页面  src/pages/my/index.tsx
编译  发现页面  src/pages/auth/index.tsx
编译  发现页面  src/spot/search/index.tsx
编译  发现页面  src/spot/guides/index.tsx
编译  发现页面  src/spot/field/index.tsx
编译  发现页面  src/spot/plan/index.tsx
编译  发现页面  src/spot/data-source/index.tsx
编译  发现页面  src/sky/detail/index.tsx
编译  发现页面  src/content/article/detail/index.tsx
编译  发现页面  src/content/plan/detail/index.tsx
编译  发现页面  src/content/plan/list/index.tsx
编译  发现页面  src/content/plan/edit/index.tsx
编译  发现页面  src/content/event/list/index.tsx
编译  发现页面  src/content/event/detail/index.tsx
编译  发现页面  src/content/contribution/index.tsx
编译  发现页面  src/content/spot-feedback/index.tsx
编译  发现页面  src/content/settings/index.tsx
[2K[1A[2K[1A[2K[1A[2K[1A[2K[1A[2K[1A[2K[1A[2K[1A[2K[1A[2K[1A[2K[1A[2K[1A[2K[1A[2K[1A[2K[1A[2K[1A[2K[1A[2K[1A[2K[1A[2K[1A[2K[1A[2K[1A[2K[1A[2K[1A[2K[1A[2K[G
● Webpack █████████████████████████ building (36%) 19/40 entries 888/900 depen
dencies 53/323 modules 219 active 
 node_modules\react\cjs\react.production.min.js

编译  发现入口  src/app.tsx
编译  发现页面  src/pages/map/index.tsx
编译  发现页面  src/pages/my/index.tsx
编译  发现页面  src/pages/auth/index.tsx
编译  发现页面  src/spot/search/index.tsx
编译  发现页面  src/spot/guides/index.tsx
编译  发现页面  src/spot/field/index.tsx
编译  发现页面  src/spot/plan/index.tsx
编译  发现页面  src/spot/data-source/index.tsx
编译  发现页面  src/sky/detail/index.tsx
编译  发现页面  src/content/article/detail/index.tsx
编译  发现页面  src/content/plan/detail/index.tsx
编译  发现页面  src/content/plan/list/index.tsx
编译  发现页面  src/content/plan/edit/index.tsx
编译  发现页面  src/content/event/list/index.tsx
编译  发现页面  src/content/event/detail/index.tsx
编译  发现页面  src/content/contribution/index.tsx
编译  发现页面  src/content/spot-feedback/index.tsx
编译  发现页面  src/content/settings/index.tsx
[2K[1A[2K[1A[2K[1A[2K[1A[2K[1A[2K[1A[2K[1A[2K[1A[2K[1A[2K[1A[2K[1A[2K[1A[2K[1A[2K[1A[2K[1A[2K[1A[2K[1A[2K[1A[2K[1A[2K[1A[2K[1A[2K[1A[2K[1A[2K[1A[2K[G
● Webpack █████████████████████████ building (36%) 19/40 entries 1059/1200 dep
endencies 71/345 modules 201 active 
 node_modules\react\cjs\react.production.min.js

编译  发现入口  src/app.tsx
编译  发现页面  src/pages/map/index.tsx
编译  发现页面  src/pages/my/index.tsx
编译  发现页面  src/pages/auth/index.tsx
编译  发现页面  src/spot/search/index.tsx
编译  发现页面  src/spot/guides/index.tsx
编译  发现页面  src/spot/field/index.tsx
编译  发现页面  src/spot/plan/index.tsx
编译  发现页面  src/spot/data-source/index.tsx
编译  发现页面  src/sky/detail/index.tsx
编译  发现页面  src/content/article/detail/index.tsx
编译  发现页面  src/content/plan/detail/index.tsx
编译  发现页面  src/content/plan/list/index.tsx
编译  发现页面  src/content/plan/edit/index.tsx
编译  发现页面  src/content/event/list/index.tsx
编译  发现页面  src/content/event/detail/index.tsx
编译  发现页面  src/content/contribution/index.tsx
编译  发现页面  src/content/spot-feedback/index.tsx
编译  发现页面  src/content/settings/index.tsx
[2K[1A[2K[1A[2K[1A[2K[1A[2K[1A[2K[1A[2K[1A[2K[1A[2K[1A[2K[1A[2K[1A[2K[1A[2K[1A[2K[1A[2K[1A[2K[1A[2K[1A[2K[1A[2K[1A[2K[1A[2K[1A[2K[1A[2K[1A[2K[1A[2K[G
● Webpack █████████████████████████ building (36%) 19/40 entries 1280/1289 dep
endencies 122/387 modules 248 active 
 babel-loader › src\content\settings\display-mode-gesture.ts

编译  发现入口  src/app.tsx
编译  发现页面  src/pages/map/index.tsx
编译  发现页面  src/pages/my/index.tsx
编译  发现页面  src/pages/auth/index.tsx
编译  发现页面  src/spot/search/index.tsx
编译  发现页面  src/spot/guides/index.tsx
编译  发现页面  src/spot/field/index.tsx
编译  发现页面  src/spot/plan/index.tsx
编译  发现页面  src/spot/data-source/index.tsx
编译  发现页面  src/sky/detail/index.tsx
编译  发现页面  src/content/article/detail/index.tsx
编译  发现页面  src/content/plan/detail/index.tsx
编译  发现页面  src/content/plan/list/index.tsx
编译  发现页面  src/content/plan/edit/index.tsx
编译  发现页面  src/content/event/list/index.tsx
编译  发现页面  src/content/event/detail/index.tsx
编译  发现页面  src/content/contribution/index.tsx
编译  发现页面  src/content/spot-feedback/index.tsx
编译  发现页面  src/content/settings/index.tsx
[2K[1A[2K[1A[2K[1A[2K[1A[2K[1A[2K[1A[2K[1A[2K[1A[2K[1A[2K[1A[2K[1A[2K[1A[2K[1A[2K[1A[2K[1A[2K[1A[2K[1A[2K[1A[2K[1A[2K[1A[2K[1A[2K[1A[2K[1A[2K[1A[2K[G
● Webpack █████████████████████████ building (36%) 19/40 entries 1355/1362 dep
endencies 176/396 modules 199 active 
 babel-loader › ..\..\node_modules\@tarojs\shared\dist\is.js

编译  发现入口  src/app.tsx
编译  发现页面  src/pages/map/index.tsx
编译  发现页面  src/pages/my/index.tsx
编译  发现页面  src/pages/auth/index.tsx
编译  发现页面  src/spot/search/index.tsx
编译  发现页面  src/spot/guides/index.tsx
编译  发现页面  src/spot/field/index.tsx
编译  发现页面  src/spot/plan/index.tsx
编译  发现页面  src/spot/data-source/index.tsx
编译  发现页面  src/sky/detail/index.tsx
编译  发现页面  src/content/article/detail/index.tsx
编译  发现页面  src/content/plan/detail/index.tsx
编译  发现页面  src/content/plan/list/index.tsx
编译  发现页面  src/content/plan/edit/index.tsx
编译  发现页面  src/content/event/list/index.tsx
编译  发现页面  src/content/event/detail/index.tsx
编译  发现页面  src/content/contribution/index.tsx
编译  发现页面  src/content/spot-feedback/index.tsx
编译  发现页面  src/content/settings/index.tsx
[2K[1A[2K[1A[2K[1A[2K[1A[2K[1A[2K[1A[2K[1A[2K[1A[2K[1A[2K[1A[2K[1A[2K[1A[2K[1A[2K[1A[2K[1A[2K[1A[2K[1A[2K[1A[2K[1A[2K[1A[2K[1A[2K[1A[2K[1A[2K[1A[2K[G
● Webpack █████████████████████████ building (36%) 19/40 entries 1404/1418 dep
endencies 192/407 modules 205 active 
 babel-loader › src\content\contribution\local-draft.ts

编译  发现入口  src/app.tsx
编译  发现页面  src/pages/map/index.tsx
编译  发现页面  src/pages/my/index.tsx
编译  发现页面  src/pages/auth/index.tsx
编译  发现页面  src/spot/search/index.tsx
编译  发现页面  src/spot/guides/index.tsx
编译  发现页面  src/spot/field/index.tsx
编译  发现页面  src/spot/plan/index.tsx
编译  发现页面  src/spot/data-source/index.tsx
编译  发现页面  src/sky/detail/index.tsx
编译  发现页面  src/content/article/detail/index.tsx
编译  发现页面  src/content/plan/detail/index.tsx
编译  发现页面  src/content/plan/list/index.tsx
编译  发现页面  src/content/plan/edit/index.tsx
编译  发现页面  src/content/event/list/index.tsx
编译  发现页面  src/content/event/detail/index.tsx
编译  发现页面  src/content/contribution/index.tsx
编译  发现页面  src/content/spot-feedback/index.tsx
编译  发现页面  src/content/settings/index.tsx
[2K[1A[2K[1A[2K[1A[2K[1A[2K[1A[2K[1A[2K[1A[2K[1A[2K[1A[2K[1A[2K[1A[2K[1A[2K[1A[2K[1A[2K[1A[2K[1A[2K[1A[2K[1A[2K[1A[2K[1A[2K[1A[2K[1A[2K[1A[2K[1A[2K[G
● Webpack █████████████████████████ building (37%) 20/40 entries 1438/1449 dep
endencies 256/409 modules 152 active 
 node_modules\react-reconciler\index.js

编译  发现入口  src/app.tsx
编译  发现页面  src/pages/map/index.tsx
编译  发现页面  src/pages/my/index.tsx
编译  发现页面  src/pages/auth/index.tsx
编译  发现页面  src/spot/search/index.tsx
编译  发现页面  src/spot/guides/index.tsx
编译  发现页面  src/spot/field/index.tsx
编译  发现页面  src/spot/plan/index.tsx
编译  发现页面  src/spot/data-source/index.tsx
编译  发现页面  src/sky/detail/index.tsx
编译  发现页面  src/content/article/detail/index.tsx
编译  发现页面  src/content/plan/detail/index.tsx
编译  发现页面  src/content/plan/list/index.tsx
编译  发现页面  src/content/plan/edit/index.tsx
编译  发现页面  src/content/event/list/index.tsx
编译  发现页面  src/content/event/detail/index.tsx
编译  发现页面  src/content/contribution/index.tsx
编译  发现页面  src/content/spot-feedback/index.tsx
编译  发现页面  src/content/settings/index.tsx
[2K[1A[2K[1A[2K[1A[2K[1A[2K[1A[2K[1A[2K[1A[2K[1A[2K[1A[2K[1A[2K[1A[2K[1A[2K[1A[2K[1A[2K[1A[2K[1A[2K[1A[2K[1A[2K[1A[2K[1A[2K[1A[2K[1A[2K[1A[2K[1A[2K[G
● Webpack █████████████████████████ building (38%) 21/40 entries 1491/1495 dep
endencies 268/434 modules 147 active 
 babel-loader › ..\..\node_modules\@tarojs\api\dist\env.js

编译  发现入口  src/app.tsx
编译  发现页面  src/pages/map/index.tsx
编译  发现页面  src/pages/my/index.tsx
编译  发现页面  src/pages/auth/index.tsx
编译  发现页面  src/spot/search/index.tsx
编译  发现页面  src/spot/guides/index.tsx
编译  发现页面  src/spot/field/index.tsx
编译  发现页面  src/spot/plan/index.tsx
编译  发现页面  src/spot/data-source/index.tsx
编译  发现页面  src/sky/detail/index.tsx
编译  发现页面  src/content/article/detail/index.tsx
编译  发现页面  src/content/plan/detail/index.tsx
编译  发现页面  src/content/plan/list/index.tsx
编译  发现页面  src/content/plan/edit/index.tsx
编译  发现页面  src/content/event/list/index.tsx
编译  发现页面  src/content/event/detail/index.tsx
编译  发现页面  src/content/contribution/index.tsx
编译  发现页面  src/content/spot-feedback/index.tsx
编译  发现页面  src/content/settings/index.tsx
[2K[1A[2K[1A[2K[1A[2K[1A[2K[1A[2K[1A[2K[1A[2K[1A[2K[1A[2K[1A[2K[1A[2K[1A[2K[1A[2K[1A[2K[1A[2K[1A[2K[1A[2K[1A[2K[1A[2K[1A[2K[1A[2K[1A[2K[1A[2K[1A[2K[G
● Webpack █████████████████████████ building (38%) 21/40 entries 1523/1535 dep
endencies 271/436 modules 165 active 
 babel-loader › ..\..\node_modules\@tarojs\api\dist\interceptor\index.js

编译  发现入口  src/app.tsx
编译  发现页面  src/pages/map/index.tsx
编译  发现页面  src/pages/my/index.tsx
编译  发现页面  src/pages/auth/index.tsx
编译  发现页面  src/spot/search/index.tsx
编译  发现页面  src/spot/guides/index.tsx
编译  发现页面  src/spot/field/index.tsx
编译  发现页面  src/spot/plan/index.tsx
编译  发现页面  src/spot/data-source/index.tsx
编译  发现页面  src/sky/detail/index.tsx
编译  发现页面  src/content/article/detail/index.tsx
编译  发现页面  src/content/plan/detail/index.tsx
编译  发现页面  src/content/plan/list/index.tsx
编译  发现页面  src/content/plan/edit/index.tsx
编译  发现页面  src/content/event/list/index.tsx
编译  发现页面  src/content/event/detail/index.tsx
编译  发现页面  src/content/contribution/index.tsx
编译  发现页面  src/content/spot-feedback/index.tsx
编译  发现页面  src/content/settings/index.tsx
[2K[1A[2K[1A[2K[1A[2K[1A[2K[1A[2K[1A[2K[1A[2K[1A[2K[1A[2K[1A[2K[1A[2K[1A[2K[1A[2K[1A[2K[1A[2K[1A[2K[1A[2K[1A[2K[1A[2K[1A[2K[1A[2K[1A[2K[1A[2K[1A[2K[G
● Webpack █████████████████████████ building (38%) 21/40 entries 1568/1568 dep
endencies 327/445 modules 117 active 
 ..\..\node_modules\css-loader\dist\runtime\noSourceMaps.js

编译  发现入口  src/app.tsx
编译  发现页面  src/pages/map/index.tsx
编译  发现页面  src/pages/my/index.tsx
编译  发现页面  src/pages/auth/index.tsx
编译  发现页面  src/spot/search/index.tsx
编译  发现页面  src/spot/guides/index.tsx
编译  发现页面  src/spot/field/index.tsx
编译  发现页面  src/spot/plan/index.tsx
编译  发现页面  src/spot/data-source/index.tsx
编译  发现页面  src/sky/detail/index.tsx
编译  发现页面  src/content/article/detail/index.tsx
编译  发现页面  src/content/plan/detail/index.tsx
编译  发现页面  src/content/plan/list/index.tsx
编译  发现页面  src/content/plan/edit/index.tsx
编译  发现页面  src/content/event/list/index.tsx
编译  发现页面  src/content/event/detail/index.tsx
编译  发现页面  src/content/contribution/index.tsx
编译  发现页面  src/content/spot-feedback/index.tsx
编译  发现页面  src/content/settings/index.tsx
[2K[1A[2K[1A[2K[1A[2K[1A[2K[1A[2K[1A[2K[1A[2K[1A[2K[1A[2K[1A[2K[1A[2K[1A[2K[1A[2K[1A[2K[1A[2K[1A[2K[1A[2K[1A[2K[1A[2K[1A[2K[1A[2K[1A[2K[1A[2K[1A[2K[G
● Webpack █████████████████████████ building (40%) 22/40 entries 1595/1595 dep
endencies 342/454 modules 105 active 
 ...er › resolve-url-loader › sass-loader › src\components\status-panel.scss|0
|||}}

编译  发现入口  src/app.tsx
编译  发现页面  src/pages/map/index.tsx
编译  发现页面  src/pages/my/index.tsx
编译  发现页面  src/pages/auth/index.tsx
编译  发现页面  src/spot/search/index.tsx
编译  发现页面  src/spot/guides/index.tsx
编译  发现页面  src/spot/field/index.tsx
编译  发现页面  src/spot/plan/index.tsx
编译  发现页面  src/spot/data-source/index.tsx
编译  发现页面  src/sky/detail/index.tsx
编译  发现页面  src/content/article/detail/index.tsx
编译  发现页面  src/content/plan/detail/index.tsx
编译  发现页面  src/content/plan/list/index.tsx
编译  发现页面  src/content/plan/edit/index.tsx
编译  发现页面  src/content/event/list/index.tsx
编译  发现页面  src/content/event/detail/index.tsx
编译  发现页面  src/content/contribution/index.tsx
编译  发现页面  src/content/spot-feedback/index.tsx
编译  发现页面  src/content/settings/index.tsx
[2K[1A[2K[1A[2K[1A[2K[1A[2K[1A[2K[1A[2K[1A[2K[1A[2K[1A[2K[1A[2K[1A[2K[1A[2K[1A[2K[1A[2K[1A[2K[1A[2K[1A[2K[1A[2K[1A[2K[1A[2K[1A[2K[1A[2K[1A[2K[1A[2K[1A[2K[G
● Webpack █████████████████████████ building (40%) 22/40 entries 1631/1631 dep
endencies 387/466 modules 70 active 
 ...ss-loader › resolve-url-loader › sass-loader › src\pages\auth\index.scss|0
|||}}

编译  发现入口  src/app.tsx
编译  发现页面  src/pages/map/index.tsx
编译  发现页面  src/pages/my/index.tsx
编译  发现页面  src/pages/auth/index.tsx
编译  发现页面  src/spot/search/index.tsx
编译  发现页面  src/spot/guides/index.tsx
编译  发现页面  src/spot/field/index.tsx
编译  发现页面  src/spot/plan/index.tsx
编译  发现页面  src/spot/data-source/index.tsx
编译  发现页面  src/sky/detail/index.tsx
编译  发现页面  src/content/article/detail/index.tsx
编译  发现页面  src/content/plan/detail/index.tsx
编译  发现页面  src/content/plan/list/index.tsx
编译  发现页面  src/content/plan/edit/index.tsx
编译  发现页面  src/content/event/list/index.tsx
编译  发现页面  src/content/event/detail/index.tsx
编译  发现页面  src/content/contribution/index.tsx
编译  发现页面  src/content/spot-feedback/index.tsx
编译  发现页面  src/content/settings/index.tsx
[2K[1A[2K[1A[2K[1A[2K[1A[2K[1A[2K[1A[2K[1A[2K[1A[2K[1A[2K[1A[2K[1A[2K[1A[2K[1A[2K[1A[2K[1A[2K[1A[2K[1A[2K[1A[2K[1A[2K[1A[2K[1A[2K[1A[2K[1A[2K[1A[2K[1A[2K[G
● Webpack █████████████████████████ sealing (70%) finish module graph 
 InnerGraphPlugin

编译  发现入口  src/app.tsx
编译  发现页面  src/pages/map/index.tsx
编译  发现页面  src/pages/my/index.tsx
编译  发现页面  src/pages/auth/index.tsx
编译  发现页面  src/spot/search/index.tsx
编译  发现页面  src/spot/guides/index.tsx
编译  发现页面  src/spot/field/index.tsx
编译  发现页面  src/spot/plan/index.tsx
编译  发现页面  src/spot/data-source/index.tsx
编译  发现页面  src/sky/detail/index.tsx
编译  发现页面  src/content/article/detail/index.tsx
编译  发现页面  src/content/plan/detail/index.tsx
编译  发现页面  src/content/plan/list/index.tsx
编译  发现页面  src/content/plan/edit/index.tsx
编译  发现页面  src/content/event/list/index.tsx
编译  发现页面  src/content/event/detail/index.tsx
编译  发现页面  src/content/contribution/index.tsx
编译  发现页面  src/content/spot-feedback/index.tsx
编译  发现页面  src/content/settings/index.tsx
[2K[1A[2K[1A[2K[1A[2K[1A[2K[1A[2K[1A[2K[1A[2K[1A[2K[1A[2K[1A[2K[1A[2K[1A[2K[1A[2K[1A[2K[1A[2K[1A[2K[1A[2K[1A[2K[1A[2K[1A[2K[1A[2K[1A[2K[1A[2K[G
● Webpack █████████████████████████ sealing (73%)  
 after chunk graph

编译  发现入口  src/app.tsx
编译  发现页面  src/pages/map/index.tsx
编译  发现页面  src/pages/my/index.tsx
编译  发现页面  src/pages/auth/index.tsx
编译  发现页面  src/spot/search/index.tsx
编译  发现页面  src/spot/guides/index.tsx
编译  发现页面  src/spot/field/index.tsx
编译  发现页面  src/spot/plan/index.tsx
编译  发现页面  src/spot/data-source/index.tsx
编译  发现页面  src/sky/detail/index.tsx
编译  发现页面  src/content/article/detail/index.tsx
编译  发现页面  src/content/plan/detail/index.tsx
编译  发现页面  src/content/plan/list/index.tsx
编译  发现页面  src/content/plan/edit/index.tsx
编译  发现页面  src/content/event/list/index.tsx
编译  发现页面  src/content/event/detail/index.tsx
编译  发现页面  src/content/contribution/index.tsx
编译  发现页面  src/content/spot-feedback/index.tsx
编译  发现页面  src/content/settings/index.tsx
[2K[1A[2K[1A[2K[1A[2K[1A[2K[1A[2K[1A[2K[1A[2K[1A[2K[1A[2K[1A[2K[1A[2K[1A[2K[1A[2K[1A[2K[1A[2K[1A[2K[1A[2K[1A[2K[1A[2K[1A[2K[1A[2K[1A[2K[1A[2K[G
● Webpack █████████████████████████ sealing (78%)  
 chunk modules optimization

编译  发现入口  src/app.tsx
编译  发现页面  src/pages/map/index.tsx
编译  发现页面  src/pages/my/index.tsx
编译  发现页面  src/pages/auth/index.tsx
编译  发现页面  src/spot/search/index.tsx
编译  发现页面  src/spot/guides/index.tsx
编译  发现页面  src/spot/field/index.tsx
编译  发现页面  src/spot/plan/index.tsx
编译  发现页面  src/spot/data-source/index.tsx
编译  发现页面  src/sky/detail/index.tsx
编译  发现页面  src/content/article/detail/index.tsx
编译  发现页面  src/content/plan/detail/index.tsx
编译  发现页面  src/content/plan/list/index.tsx
编译  发现页面  src/content/plan/edit/index.tsx
编译  发现页面  src/content/event/list/index.tsx
编译  发现页面  src/content/event/detail/index.tsx
编译  发现页面  src/content/contribution/index.tsx
编译  发现页面  src/content/spot-feedback/index.tsx
编译  发现页面  src/content/settings/index.tsx
[2K[1A[2K[1A[2K[1A[2K[1A[2K[1A[2K[1A[2K[1A[2K[1A[2K[1A[2K[1A[2K[1A[2K[1A[2K[1A[2K[1A[2K[1A[2K[1A[2K[1A[2K[1A[2K[1A[2K[1A[2K[1A[2K[1A[2K[1A[2K[G
● Webpack █████████████████████████ sealing (88%)  
 runtime requirements

编译  发现入口  src/app.tsx
编译  发现页面  src/pages/map/index.tsx
编译  发现页面  src/pages/my/index.tsx
编译  发现页面  src/pages/auth/index.tsx
编译  发现页面  src/spot/search/index.tsx
编译  发现页面  src/spot/guides/index.tsx
编译  发现页面  src/spot/field/index.tsx
编译  发现页面  src/spot/plan/index.tsx
编译  发现页面  src/spot/data-source/index.tsx
编译  发现页面  src/sky/detail/index.tsx
编译  发现页面  src/content/article/detail/index.tsx
编译  发现页面  src/content/plan/detail/index.tsx
编译  发现页面  src/content/plan/list/index.tsx
编译  发现页面  src/content/plan/edit/index.tsx
编译  发现页面  src/content/event/list/index.tsx
编译  发现页面  src/content/event/detail/index.tsx
编译  发现页面  src/content/contribution/index.tsx
编译  发现页面  src/content/spot-feedback/index.tsx
编译  发现页面  src/content/settings/index.tsx
[2K[1A[2K[1A[2K[1A[2K[1A[2K[1A[2K[1A[2K[1A[2K[1A[2K[1A[2K[1A[2K[1A[2K[1A[2K[1A[2K[1A[2K[1A[2K[1A[2K[1A[2K[1A[2K[1A[2K[1A[2K[1A[2K[1A[2K[1A[2K[G
● Webpack █████████████████████████ sealing (92%) asset processing 
 TaroMiniPlugin

编译  发现入口  src/app.tsx
编译  发现页面  src/pages/map/index.tsx
编译  发现页面  src/pages/my/index.tsx
编译  发现页面  src/pages/auth/index.tsx
编译  发现页面  src/spot/search/index.tsx
编译  发现页面  src/spot/guides/index.tsx
编译  发现页面  src/spot/field/index.tsx
编译  发现页面  src/spot/plan/index.tsx
编译  发现页面  src/spot/data-source/index.tsx
编译  发现页面  src/sky/detail/index.tsx
编译  发现页面  src/content/article/detail/index.tsx
编译  发现页面  src/content/plan/detail/index.tsx
编译  发现页面  src/content/plan/list/index.tsx
编译  发现页面  src/content/plan/edit/index.tsx
编译  发现页面  src/content/event/list/index.tsx
编译  发现页面  src/content/event/detail/index.tsx
编译  发现页面  src/content/contribution/index.tsx
编译  发现页面  src/content/spot-feedback/index.tsx
编译  发现页面  src/content/settings/index.tsx
[2K[1A[2K[1A[2K[1A[2K[1A[2K[1A[2K[1A[2K[1A[2K[1A[2K[1A[2K[1A[2K[1A[2K[1A[2K[1A[2K[1A[2K[1A[2K[1A[2K[1A[2K[1A[2K[1A[2K[1A[2K[1A[2K[1A[2K[1A[2K[G
● Webpack █████████████████████████ sealing (92%) asset processing 
 CssMinimizerPlugin

编译  发现入口  src/app.tsx
编译  发现页面  src/pages/map/index.tsx
编译  发现页面  src/pages/my/index.tsx
编译  发现页面  src/pages/auth/index.tsx
编译  发现页面  src/spot/search/index.tsx
编译  发现页面  src/spot/guides/index.tsx
编译  发现页面  src/spot/field/index.tsx
编译  发现页面  src/spot/plan/index.tsx
编译  发现页面  src/spot/data-source/index.tsx
编译  发现页面  src/sky/detail/index.tsx
编译  发现页面  src/content/article/detail/index.tsx
编译  发现页面  src/content/plan/detail/index.tsx
编译  发现页面  src/content/plan/list/index.tsx
编译  发现页面  src/content/plan/edit/index.tsx
编译  发现页面  src/content/event/list/index.tsx
编译  发现页面  src/content/event/detail/index.tsx
编译  发现页面  src/content/contribution/index.tsx
编译  发现页面  src/content/spot-feedback/index.tsx
编译  发现页面  src/content/settings/index.tsx
[2K[1A[2K[1A[2K[1A[2K[1A[2K[1A[2K[1A[2K[1A[2K[1A[2K[1A[2K[1A[2K[1A[2K[1A[2K[1A[2K[1A[2K[1A[2K[1A[2K[1A[2K[1A[2K[1A[2K[1A[2K[1A[2K[1A[2K[1A[2K[G
● Webpack █████████████████████████ sealing (92%) asset processing 
 RealContentHashPlugin

编译  发现入口  src/app.tsx
编译  发现页面  src/pages/map/index.tsx
编译  发现页面  src/pages/my/index.tsx
编译  发现页面  src/pages/auth/index.tsx
编译  发现页面  src/spot/search/index.tsx
编译  发现页面  src/spot/guides/index.tsx
编译  发现页面  src/spot/field/index.tsx
编译  发现页面  src/spot/plan/index.tsx
编译  发现页面  src/spot/data-source/index.tsx
编译  发现页面  src/sky/detail/index.tsx
编译  发现页面  src/content/article/detail/index.tsx
编译  发现页面  src/content/plan/detail/index.tsx
编译  发现页面  src/content/plan/list/index.tsx
编译  发现页面  src/content/plan/edit/index.tsx
编译  发现页面  src/content/event/list/index.tsx
编译  发现页面  src/content/event/detail/index.tsx
编译  发现页面  src/content/contribution/index.tsx
编译  发现页面  src/content/spot-feedback/index.tsx
编译  发现页面  src/content/settings/index.tsx
[2K[1A[2K[1A[2K[1A[2K[1A[2K[1A[2K[1A[2K[1A[2K[1A[2K[1A[2K[1A[2K[1A[2K[1A[2K[1A[2K[1A[2K[1A[2K[1A[2K[1A[2K[1A[2K[1A[2K[1A[2K[1A[2K[1A[2K[1A[2K[G
● Webpack █████████████████████████ sealing (92%) asset processing 
 taro-compile-mode-plugin

编译  发现入口  src/app.tsx
编译  发现页面  src/pages/map/index.tsx
编译  发现页面  src/pages/my/index.tsx
编译  发现页面  src/pages/auth/index.tsx
编译  发现页面  src/spot/search/index.tsx
编译  发现页面  src/spot/guides/index.tsx
编译  发现页面  src/spot/field/index.tsx
编译  发现页面  src/spot/plan/index.tsx
编译  发现页面  src/spot/data-source/index.tsx
编译  发现页面  src/sky/detail/index.tsx
编译  发现页面  src/content/article/detail/index.tsx
编译  发现页面  src/content/plan/detail/index.tsx
编译  发现页面  src/content/plan/list/index.tsx
编译  发现页面  src/content/plan/edit/index.tsx
编译  发现页面  src/content/event/list/index.tsx
编译  发现页面  src/content/event/detail/index.tsx
编译  发现页面  src/content/contribution/index.tsx
编译  发现页面  src/content/spot-feedback/index.tsx
编译  发现页面  src/content/settings/index.tsx
[2K[1A[2K[1A[2K[1A[2K[1A[2K[1A[2K[1A[2K[1A[2K[1A[2K[1A[2K[1A[2K[1A[2K[1A[2K[1A[2K[1A[2K[1A[2K[1A[2K[1A[2K[1A[2K[1A[2K[1A[2K[1A[2K[1A[2K[1A[2K[G
● Webpack █████████████████████████ emitting (98%)  
 after emit

编译  发现入口  src/app.tsx
编译  发现页面  src/pages/map/index.tsx
编译  发现页面  src/pages/my/index.tsx
编译  发现页面  src/pages/auth/index.tsx
编译  发现页面  src/spot/search/index.tsx
编译  发现页面  src/spot/guides/index.tsx
编译  发现页面  src/spot/field/index.tsx
编译  发现页面  src/spot/plan/index.tsx
编译  发现页面  src/spot/data-source/index.tsx
编译  发现页面  src/sky/detail/index.tsx
编译  发现页面  src/content/article/detail/index.tsx
编译  发现页面  src/content/plan/detail/index.tsx
编译  发现页面  src/content/plan/list/index.tsx
编译  发现页面  src/content/plan/edit/index.tsx
编译  发现页面  src/content/event/list/index.tsx
编译  发现页面  src/content/event/detail/index.tsx
编译  发现页面  src/content/contribution/index.tsx
编译  发现页面  src/content/spot-feedback/index.tsx
编译  发现页面  src/content/settings/index.tsx
[2K[1A[2K[1A[2K[1A[2K[1A[2K[1A[2K[1A[2K[1A[2K[1A[2K[1A[2K[1A[2K[1A[2K[1A[2K[1A[2K[1A[2K[1A[2K[1A[2K[1A[2K[1A[2K[1A[2K[1A[2K[1A[2K[1A[2K[1A[2K[G
√ Webpack
  Compiled successfully in 13.99s

编译  发现入口  src/app.tsx
编译  发现页面  src/pages/map/index.tsx
编译  发现页面  src/pages/my/index.tsx
编译  发现页面  src/pages/auth/index.tsx
编译  发现页面  src/spot/search/index.tsx
编译  发现页面  src/spot/guides/index.tsx
编译  发现页面  src/spot/field/index.tsx
编译  发现页面  src/spot/plan/index.tsx
编译  发现页面  src/spot/data-source/index.tsx
编译  发现页面  src/sky/detail/index.tsx
编译  发现页面  src/content/article/detail/index.tsx
编译  发现页面  src/content/plan/detail/index.tsx
编译  发现页面  src/content/plan/list/index.tsx
编译  发现页面  src/content/plan/edit/index.tsx
编译  发现页面  src/content/event/list/index.tsx
编译  发现页面  src/content/event/detail/index.tsx
编译  发现页面  src/content/contribution/index.tsx
编译  发现页面  src/content/spot-feedback/index.tsx
编译  发现页面  src/content/settings/index.tsx
⚠️ Warnings: 

Error: chunk common [mini-css-extract-plugin]
Conflicting order. Following module has been added:
 * css ../../node_modules/css-loader/dist/cjs.js??ruleSet[1].rules[1].oneOf[0].use[1]!../../node_modules/postcss-loader/dist/cjs.js??ruleSet[1].rules[1].oneOf[0].use[2]!../../node_modules/resolve-url-loader/index.js!../../node_modules/sass-loader/dist/cjs.js??ruleSet[1].rules[1].oneOf[0].use[4]!./src/components/notification.scss
despite it was not able to fulfill desired ordering with these modules:
 * css ../../node_modules/css-loader/dist/cjs.js??ruleSet[1].rules[1].oneOf[0].use[1]!../../node_modules/postcss-loader/dist/cjs.js??ruleSet[1].rules[1].oneOf[0].use[2]!../../node_modules/resolve-url-loader/index.js!../../node_modules/sass-loader/dist/cjs.js??ruleSet[1].rules[1].oneOf[0].use[4]!./src/components/custom-nav.scss
   - couldn't fulfill desired order of chunk group(s) spot/plan/index, content/event/list/index, content/event/detail/index, content/spot-feedback/index
   - while fulfilling desired order of chunk group(s) pages/map/index, pages/my/index, pages/auth/index, spot/guides/index, spot/field/index, spot/data-source/index, content/article/detail/index, content/plan/detail/index, content/plan/list/index, content/plan/edit/index, content/contribution/index, content/settings/index
 * css ../../node_modules/css-loader/dist/cjs.js??ruleSet[1].rules[1].oneOf[0].use[1]!../../node_modules/postcss-loader/dist/cjs.js??ruleSet[1].rules[1].oneOf[0].use[2]!../../node_modules/resolve-url-loader/index.js!../../node_modules/sass-loader/dist/cjs.js??ruleSet[1].rules[1].oneOf[0].use[4]!./src/components/semantic-asset.scss
   - couldn't fulfill desired order of chunk group(s) spot/plan/index, content/event/list/index, content/event/detail/index, content/spot-feedback/index
   - while fulfilling desired order of chunk group(s) pages/map/index, pages/my/index, pages/auth/index, spot/search/index, spot/guides/index, spot/field/index, spot/data-source/index, sky/detail/index, content/article/detail/index, content/plan/detail/index, content/plan/list/index, content/plan/edit/index, content/contribution/index, content/settings/index
    at Array.forEach (<anonymous>)

Error: chunk common [mini-css-extract-plugin]
Conflicting order. Following module has been added:
 * css ../../node_modules/css-loader/dist/cjs.js??ruleSet[1].rules[1].oneOf[0].use[1]!../../node_modules/postcss-loader/dist/cjs.js??ruleSet[1].rules[1].oneOf[0].use[2]!../../node_modules/resolve-url-loader/index.js!../../node_modules/sass-loader/dist/cjs.js??ruleSet[1].rules[1].oneOf[0].use[4]!./src/components/semantic-asset.scss
despite it was not able to fulfill desired ordering with these modules:
 * css ../../node_modules/css-loader/dist/cjs.js??ruleSet[1].rules[1].oneOf[0].use[1]!../../node_modules/postcss-loader/dist/cjs.js??ruleSet[1].rules[1].oneOf[0].use[2]!../../node_modules/resolve-url-loader/index.js!../../node_modules/sass-loader/dist/cjs.js??ruleSet[1].rules[1].oneOf[0].use[4]!./src/components/status-panel.scss
   - couldn't fulfill desired order of chunk group(s) pages/map/index, content/contribution/index
   - while fulfilling desired order of chunk group(s) pages/my/index, pages/auth/index, spot/search/index, spot/guides/index, spot/field/index, spot/plan/index, spot/data-source/index, sky/detail/index, content/article/detail/index, content/plan/detail/index, content/plan/list/index, content/plan/edit/index, content/event/list/index, content/event/detail/index, content/spot-feedback/index, content/settings/index
    at Array.forEach (<anonymous>)

Error: chunk common [mini-css-extract-plugin]
Conflicting order. Following module has been added:
 * css ../../node_modules/css-loader/dist/cjs.js??ruleSet[1].rules[1].oneOf[0].use[1]!../../node_modules/postcss-loader/dist/cjs.js??ruleSet[1].rules[1].oneOf[0].use[2]!../../node_modules/resolve-url-loader/index.js!../../node_modules/sass-loader/dist/cjs.js??ruleSet[1].rules[1].oneOf[0].use[4]!./src/components/status-panel.scss
despite it was not able to fulfill desired ordering with these modules:
 * css ../../node_modules/css-loader/dist/cjs.js??ruleSet[1].rules[1].oneOf[0].use[1]!../../node_modules/postcss-loader/dist/cjs.js??ruleSet[1].rules[1].oneOf[0].use[2]!../../node_modules/resolve-url-loader/index.js!../../node_modules/sass-loader/dist/cjs.js??ruleSet[1].rules[1].oneOf[0].use[4]!./src/components/custom-nav.scss
   - couldn't fulfill desired order of chunk group(s) pages/my/index, pages/auth/index, spot/guides/index, spot/field/index, spot/plan/index, spot/data-source/index, content/article/detail/index, content/plan/detail/index, content/plan/list/index, content/plan/edit/index, content/event/list/index, content/event/detail/index, content/spot-feedback/index, content/settings/index
   - while fulfilling desired order of chunk group(s) pages/map/index, content/contribution/index
    at Array.forEach (<anonymous>)

ℹ Stats: 

assets by path [1m[32massets/[39m[22m 528 KiB 119 assets
assets by path [1m[32mcontent/[39m[22m 196 KiB 44 assets
assets by path [1m[32mspot/[39m[22m 91 KiB 29 assets
assets by path [1m[32mpages/[39m[22m 208 KiB 13 assets
assets by path [1m[32m*.js[39m[22m 506 KiB 6 assets
assets by path [1m[32msky/detail/[39m[22m 108 KiB 5 assets
assets by path [1m[32m*.wxml[39m[22m 82.3 KiB 3 assets
assets by path [1m[32m*.wxss[39m[22m 54.7 KiB
  asset [1m[32mcommon.wxss[39m[22m 41.3 KiB [1m[32m[emitted][39m[22m [1m[32m[minimized][39m[22m (name: common) (id hint: common)
  + 2 assets
assets by path [1m[32m*.json[39m[22m 1.33 KiB
  asset [1m[32mapp.json[39m[22m 1.25 KiB [1m[32m[emitted][39m[22m
  asset [1m[32mcomp.json[39m[22m 86 bytes [1m[32m[emitted][39m[22m
asset [1m[32mutils.wxs[39m[22m 997 bytes [1m[32m[emitted][39m[22m

[1m[33mWARNING[39m[22m in [1mchunk common [mini-css-extract-plugin]
[1m[31mConflicting[39m[22m[1m order. Following module has been added:
 * css ../../node_modules/css-loader/dist/cjs.js??ruleSet[1].rules[1].oneOf[0].use[1]!../../node_modules/postcss-loader/dist/cjs.js??ruleSet[1].rules[1].oneOf[0].use[2]!../../node_modules/resolve-url-loader/index.js!../../node_modules/sass-loader/dist/cjs.js??ruleSet[1].rules[1].oneOf[0].use[4]!./src/components/notification.scss
despite it was not able to fulfill desired ordering with these modules:
 * css ../../node_modules/css-loader/dist/cjs.js??ruleSet[1].rules[1].oneOf[0].use[1]!../../node_modules/postcss-loader/dist/cjs.js??ruleSet[1].rules[1].oneOf[0].use[2]!../../node_modules/resolve-url-loader/index.js!../../node_modules/sass-loader/dist/cjs.js??ruleSet[1].rules[1].oneOf[0].use[4]!./src/components/custom-nav.scss
   - couldn't fulfill desired order of chunk group(s) spot/plan/index, content/event/list/index, content/event/detail/index, content/spot-feedback/index
   - while fulfilling desired order of chunk group(s) pages/map/index, pages/my/index, pages/auth/index, spot/guides/index, spot/field/index, spot/data-source/index, content/article/detail/index, content/plan/detail/index, content/plan/list/index, content/plan/edit/index, content/contribution/index, content/settings/index
 * css ../../node_modules/css-loader/dist/cjs.js??ruleSet[1].rules[1].oneOf[0].use[1]!../../node_modules/postcss-loader/dist/cjs.js??ruleSet[1].rules[1].oneOf[0].use[2]!../../node_modules/resolve-url-loader/index.js!../../node_modules/sass-loader/dist/cjs.js??ruleSet[1].rules[1].oneOf[0].use[4]!./src/components/semantic-asset.scss
   - couldn't fulfill desired order of chunk group(s) spot/plan/index, content/event/list/index, content/event/detail/index, content/spot-feedback/index
   - while fulfilling desired order of chunk group(s) pages/map/index, pages/my/index, pages/auth/index, spot/search/index, spot/guides/index, spot/field/index, spot/data-source/index, sky/detail/index, content/article/detail/index, content/plan/detail/index, content/plan/list/index, content/plan/edit/index, content/contribution/index, content/settings/index[39m[22m

[1m[33mWARNING[39m[22m in [1mchunk common [mini-css-extract-plugin]
[1m[31mConflicting[39m[22m[1m order. Following module has been added:
 * css ../../node_modules/css-loader/dist/cjs.js??ruleSet[1].rules[1].oneOf[0].use[1]!../../node_modules/postcss-loader/dist/cjs.js??ruleSet[1].rules[1].oneOf[0].use[2]!../../node_modules/resolve-url-loader/index.js!../../node_modules/sass-loader/dist/cjs.js??ruleSet[1].rules[1].oneOf[0].use[4]!./src/components/semantic-asset.scss
despite it was not able to fulfill desired ordering with these modules:
 * css ../../node_modules/css-loader/dist/cjs.js??ruleSet[1].rules[1].oneOf[0].use[1]!../../node_modules/postcss-loader/dist/cjs.js??ruleSet[1].rules[1].oneOf[0].use[2]!../../node_modules/resolve-url-loader/index.js!../../node_modules/sass-loader/dist/cjs.js??ruleSet[1].rules[1].oneOf[0].use[4]!./src/components/status-panel.scss
   - couldn't fulfill desired order of chunk group(s) pages/map/index, content/contribution/index
   - while fulfilling desired order of chunk group(s) pages/my/index, pages/auth/index, spot/search/index, spot/guides/index, spot/field/index, spot/plan/index, spot/data-source/index, sky/detail/index, content/article/detail/index, content/plan/detail/index, content/plan/list/index, content/plan/edit/index, content/event/list/index, content/event/detail/index, content/spot-feedback/index, content/settings/index[39m[22m

[1m[33mWARNING[39m[22m in [1mchunk common [mini-css-extract-plugin]
[1m[31mConflicting[39m[22m[1m order. Following module has been added:
 * css ../../node_modules/css-loader/dist/cjs.js??ruleSet[1].rules[1].oneOf[0].use[1]!../../node_modules/postcss-loader/dist/cjs.js??ruleSet[1].rules[1].oneOf[0].use[2]!../../node_modules/resolve-url-loader/index.js!../../node_modules/sass-loader/dist/cjs.js??ruleSet[1].rules[1].oneOf[0].use[4]!./src/components/status-panel.scss
despite it was not able to fulfill desired ordering with these modules:
 * css ../../node_modules/css-loader/dist/cjs.js??ruleSet[1].rules[1].oneOf[0].use[1]!../../node_modules/postcss-loader/dist/cjs.js??ruleSet[1].rules[1].oneOf[0].use[2]!../../node_modules/resolve-url-loader/index.js!../../node_modules/sass-loader/dist/cjs.js??ruleSet[1].rules[1].oneOf[0].use[4]!./src/components/custom-nav.scss
   - couldn't fulfill desired order of chunk group(s) pages/my/index, pages/auth/index, spot/guides/index, spot/field/index, spot/plan/index, spot/data-source/index, content/article/detail/index, content/plan/detail/index, content/plan/list/index, content/plan/edit/index, content/event/list/index, content/event/detail/index, content/spot-feedback/index, content/settings/index
   - while fulfilling desired order of chunk group(s) pages/map/index, content/contribution/index[39m[22m

webpack 5.91.0 compiled with [1m[33m3 warnings[39m[22m in 14181 ms
