
> @starward/wechat-miniapp@0.1.0 build:weapp
> node ../../tools/run-node.cjs --bin @tarojs/cli taro build --type weapp

👽 Taro v4.2.1

Tips:
1. 建议开启持久化缓存功能，能有效提升二次编译速度，详情请参考: https://docs.taro.zone/docs/config-detail#cache。


提示  appid     [redacted]
生成  工具配置  E:\dev\Starward\apps\wechat-miniapp\dist\weapp/project.config.json
启动  开发者工具-项目目录  E:\dev\Starward\apps\wechat-miniapp\dist\weapp

● Webpack █████████████████████████  (0%)  
 

编译  发现入口  src/app.tsx
编译  发现页面  src/pages/map/index.tsx
编译  发现页面  src/pages/my/index.tsx
编译  发现页面  src/pages/auth/index.tsx
编译  发现页面  src/spot/search/index.tsx
编译  发现页面  src/spot/guides/index.tsx
编译  发现页面  src/spot/field/index.tsx
编译  发现页面  src/spot/plan/index.tsx
编译  发现页面  src/spot/data-source/index.tsx
编译  发现页面  src/sky/detail/index.tsx
编译  发现页面  src/content/article/detail/index.tsx
编译  发现页面  src/content/plan/detail/index.tsx
编译  发现页面  src/content/plan/list/index.tsx
编译  发现页面  src/content/plan/edit/index.tsx
编译  发现页面  src/content/event/list/index.tsx
编译  发现页面  src/content/event/detail/index.tsx
编译  发现页面  src/content/contribution/index.tsx
编译  发现页面  src/content/spot-feedback/index.tsx
编译  发现页面  src/content/settings/index.tsx
[2K[1A[2K[1A[2K[1A[2K[1A[2K[1A[2K[1A[2K[1A[2K[1A[2K[1A[2K[1A[2K[1A[2K[1A[2K[1A[2K[1A[2K[1A[2K[1A[2K[1A[2K[1A[2K[1A[2K[1A[2K[1A[2K[1A[2K[1A[2K[G
● Webpack █████████████████████████ setup (2%)  
 run

编译  发现入口  src/app.tsx
编译  发现页面  src/pages/map/index.tsx
编译  发现页面  src/pages/my/index.tsx
编译  发现页面  src/pages/auth/index.tsx
编译  发现页面  src/spot/search/index.tsx
编译  发现页面  src/spot/guides/index.tsx
编译  发现页面  src/spot/field/index.tsx
编译  发现页面  src/spot/plan/index.tsx
编译  发现页面  src/spot/data-source/index.tsx
编译  发现页面  src/sky/detail/index.tsx
编译  发现页面  src/content/article/detail/index.tsx
编译  发现页面  src/content/plan/detail/index.tsx
编译  发现页面  src/content/plan/list/index.tsx
编译  发现页面  src/content/plan/edit/index.tsx
编译  发现页面  src/content/event/list/index.tsx
编译  发现页面  src/content/event/detail/index.tsx
编译  发现页面  src/content/contribution/index.tsx
编译  发现页面  src/content/spot-feedback/index.tsx
编译  发现页面  src/content/settings/index.tsx
[2K[1A[2K[1A[2K[1A[2K[1A[2K[1A[2K[1A[2K[1A[2K[1A[2K[1A[2K[1A[2K[1A[2K[1A[2K[1A[2K[1A[2K[1A[2K[1A[2K[1A[2K[1A[2K[1A[2K[1A[2K[1A[2K[1A[2K[1A[2K[G
● Webpack █████████████████████████ building (10%) 0/40 entries 40/40 dependen
cies 0/40 modules 1 active 
 babel-loader › src\app.config.ts

编译  发现入口  src/app.tsx
编译  发现页面  src/pages/map/index.tsx
编译  发现页面  src/pages/my/index.tsx
编译  发现页面  src/pages/auth/index.tsx
编译  发现页面  src/spot/search/index.tsx
编译  发现页面  src/spot/guides/index.tsx
编译  发现页面  src/spot/field/index.tsx
编译  发现页面  src/spot/plan/index.tsx
编译  发现页面  src/spot/data-source/index.tsx
编译  发现页面  src/sky/detail/index.tsx
编译  发现页面  src/content/article/detail/index.tsx
编译  发现页面  src/content/plan/detail/index.tsx
编译  发现页面  src/content/plan/list/index.tsx
编译  发现页面  src/content/plan/edit/index.tsx
编译  发现页面  src/content/event/list/index.tsx
编译  发现页面  src/content/event/detail/index.tsx
编译  发现页面  src/content/contribution/index.tsx
编译  发现页面  src/content/spot-feedback/index.tsx
编译  发现页面  src/content/settings/index.tsx
[2K[1A[2K[1A[2K[1A[2K[1A[2K[1A[2K[1A[2K[1A[2K[1A[2K[1A[2K[1A[2K[1A[2K[1A[2K[1A[2K[1A[2K[1A[2K[1A[2K[1A[2K[1A[2K[1A[2K[1A[2K[1A[2K[1A[2K[1A[2K[1A[2K[G
● Webpack █████████████████████████ building (10%)  
 node_modules\@tarojs\webpack5-runner\dist\loaders\miniCompilerLoader.js

编译  发现入口  src/app.tsx
编译  发现页面  src/pages/map/index.tsx
编译  发现页面  src/pages/my/index.tsx
编译  发现页面  src/pages/auth/index.tsx
编译  发现页面  src/spot/search/index.tsx
编译  发现页面  src/spot/guides/index.tsx
编译  发现页面  src/spot/field/index.tsx
编译  发现页面  src/spot/plan/index.tsx
编译  发现页面  src/spot/data-source/index.tsx
编译  发现页面  src/sky/detail/index.tsx
编译  发现页面  src/content/article/detail/index.tsx
编译  发现页面  src/content/plan/detail/index.tsx
编译  发现页面  src/content/plan/list/index.tsx
编译  发现页面  src/content/plan/edit/index.tsx
编译  发现页面  src/content/event/list/index.tsx
编译  发现页面  src/content/event/detail/index.tsx
编译  发现页面  src/content/contribution/index.tsx
编译  发现页面  src/content/spot-feedback/index.tsx
编译  发现页面  src/content/settings/index.tsx
[2K[1A[2K[1A[2K[1A[2K[1A[2K[1A[2K[1A[2K[1A[2K[1A[2K[1A[2K[1A[2K[1A[2K[1A[2K[1A[2K[1A[2K[1A[2K[1A[2K[1A[2K[1A[2K[1A[2K[1A[2K[1A[2K[1A[2K[1A[2K[G
● Webpack █████████████████████████ building (10%) 0/40 entries 40/41 dependen
cies 0/40 modules 40 active 
 ...er › ..\..\node_modules\@tarojs\webpack5-runner\dist\template\custom-wrapp
er.js

编译  发现入口  src/app.tsx
编译  发现页面  src/pages/map/index.tsx
编译  发现页面  src/pages/my/index.tsx
编译  发现页面  src/pages/auth/index.tsx
编译  发现页面  src/spot/search/index.tsx
编译  发现页面  src/spot/guides/index.tsx
编译  发现页面  src/spot/field/index.tsx
编译  发现页面  src/spot/plan/index.tsx
编译  发现页面  src/spot/data-source/index.tsx
编译  发现页面  src/sky/detail/index.tsx
编译  发现页面  src/content/article/detail/index.tsx
编译  发现页面  src/content/plan/detail/index.tsx
编译  发现页面  src/content/plan/list/index.tsx
编译  发现页面  src/content/plan/edit/index.tsx
编译  发现页面  src/content/event/list/index.tsx
编译  发现页面  src/content/event/detail/index.tsx
编译  发现页面  src/content/contribution/index.tsx
编译  发现页面  src/content/spot-feedback/index.tsx
编译  发现页面  src/content/settings/index.tsx
[2K[1A[2K[1A[2K[1A[2K[1A[2K[1A[2K[1A[2K[1A[2K[1A[2K[1A[2K[1A[2K[1A[2K[1A[2K[1A[2K[1A[2K[1A[2K[1A[2K[1A[2K[1A[2K[1A[2K[1A[2K[1A[2K[1A[2K[1A[2K[1A[2K[1A[2K[G
● Webpack █████████████████████████ building (36%) 19/40 entries 284/305 depen
dencies 21/136 modules 43 active 
 babel-loader › src\theme\native-chrome.ts

编译  发现入口  src/app.tsx
编译  发现页面  src/pages/map/index.tsx
编译  发现页面  src/pages/my/index.tsx
编译  发现页面  src/pages/auth/index.tsx
编译  发现页面  src/spot/search/index.tsx
编译  发现页面  src/spot/guides/index.tsx
编译  发现页面  src/spot/field/index.tsx
编译  发现页面  src/spot/plan/index.tsx
编译  发现页面  src/spot/data-source/index.tsx
编译  发现页面  src/sky/detail/index.tsx
编译  发现页面  src/content/article/detail/index.tsx
编译  发现页面  src/content/plan/detail/index.tsx
编译  发现页面  src/content/plan/list/index.tsx
编译  发现页面  src/content/plan/edit/index.tsx
编译  发现页面  src/content/event/list/index.tsx
编译  发现页面  src/content/event/detail/index.tsx
编译  发现页面  src/content/contribution/index.tsx
编译  发现页面  src/content/spot-feedback/index.tsx
编译  发现页面  src/content/settings/index.tsx
[2K[1A[2K[1A[2K[1A[2K[1A[2K[1A[2K[1A[2K[1A[2K[1A[2K[1A[2K[1A[2K[1A[2K[1A[2K[1A[2K[1A[2K[1A[2K[1A[2K[1A[2K[1A[2K[1A[2K[1A[2K[1A[2K[1A[2K[1A[2K[1A[2K[G
● Webpack █████████████████████████ building (36%) 19/40 entries 335/349 depen
dencies 21/180 modules 116 active 
 babel-loader › node_modules\@tarojs\react\dist\react.esm.js

编译  发现入口  src/app.tsx
编译  发现页面  src/pages/map/index.tsx
编译  发现页面  src/pages/my/index.tsx
编译  发现页面  src/pages/auth/index.tsx
编译  发现页面  src/spot/search/index.tsx
编译  发现页面  src/spot/guides/index.tsx
编译  发现页面  src/spot/field/index.tsx
编译  发现页面  src/spot/plan/index.tsx
编译  发现页面  src/spot/data-source/index.tsx
编译  发现页面  src/sky/detail/index.tsx
编译  发现页面  src/content/article/detail/index.tsx
编译  发现页面  src/content/plan/detail/index.tsx
编译  发现页面  src/content/plan/list/index.tsx
编译  发现页面  src/content/plan/edit/index.tsx
编译  发现页面  src/content/event/list/index.tsx
编译  发现页面  src/content/event/detail/index.tsx
编译  发现页面  src/content/contribution/index.tsx
编译  发现页面  src/content/spot-feedback/index.tsx
编译  发现页面  src/content/settings/index.tsx
[2K[1A[2K[1A[2K[1A[2K[1A[2K[1A[2K[1A[2K[1A[2K[1A[2K[1A[2K[1A[2K[1A[2K[1A[2K[1A[2K[1A[2K[1A[2K[1A[2K[1A[2K[1A[2K[1A[2K[1A[2K[1A[2K[1A[2K[1A[2K[1A[2K[G
● Webpack █████████████████████████ building (36%) 19/40 entries 796/814 depen
dencies 42/274 modules 108 active 
 babel-loader › ..\..\node_modules\@tarojs\runtime\dist\bom\window.js

编译  发现入口  src/app.tsx
编译  发现页面  src/pages/map/index.tsx
编译  发现页面  src/pages/my/index.tsx
编译  发现页面  src/pages/auth/index.tsx
编译  发现页面  src/spot/search/index.tsx
编译  发现页面  src/spot/guides/index.tsx
编译  发现页面  src/spot/field/index.tsx
编译  发现页面  src/spot/plan/index.tsx
编译  发现页面  src/spot/data-source/index.tsx
编译  发现页面  src/sky/detail/index.tsx
编译  发现页面  src/content/article/detail/index.tsx
编译  发现页面  src/content/plan/detail/index.tsx
编译  发现页面  src/content/plan/list/index.tsx
编译  发现页面  src/content/plan/edit/index.tsx
编译  发现页面  src/content/event/list/index.tsx
编译  发现页面  src/content/event/detail/index.tsx
编译  发现页面  src/content/contribution/index.tsx
编译  发现页面  src/content/spot-feedback/index.tsx
编译  发现页面  src/content/settings/index.tsx
[2K[1A[2K[1A[2K[1A[2K[1A[2K[1A[2K[1A[2K[1A[2K[1A[2K[1A[2K[1A[2K[1A[2K[1A[2K[1A[2K[1A[2K[1A[2K[1A[2K[1A[2K[1A[2K[1A[2K[1A[2K[1A[2K[1A[2K[1A[2K[1A[2K[G
● Webpack █████████████████████████ building (36%)  
 node_modules\postcss-loader\dist\cjs.js

编译  发现入口  src/app.tsx
编译  发现页面  src/pages/map/index.tsx
编译  发现页面  src/pages/my/index.tsx
编译  发现页面  src/pages/auth/index.tsx
编译  发现页面  src/spot/search/index.tsx
编译  发现页面  src/spot/guides/index.tsx
编译  发现页面  src/spot/field/index.tsx
编译  发现页面  src/spot/plan/index.tsx
编译  发现页面  src/spot/data-source/index.tsx
编译  发现页面  src/sky/detail/index.tsx
编译  发现页面  src/content/article/detail/index.tsx
编译  发现页面  src/content/plan/detail/index.tsx
编译  发现页面  src/content/plan/list/index.tsx
编译  发现页面  src/content/plan/edit/index.tsx
编译  发现页面  src/content/event/list/index.tsx
编译  发现页面  src/content/event/detail/index.tsx
编译  发现页面  src/content/contribution/index.tsx
编译  发现页面  src/content/spot-feedback/index.tsx
编译  发现页面  src/content/settings/index.tsx
[2K[1A[2K[1A[2K[1A[2K[1A[2K[1A[2K[1A[2K[1A[2K[1A[2K[1A[2K[1A[2K[1A[2K[1A[2K[1A[2K[1A[2K[1A[2K[1A[2K[1A[2K[1A[2K[1A[2K[1A[2K[1A[2K[1A[2K[1A[2K[G
● Webpack █████████████████████████ building (36%) 19/40 entries 796/815 depen
dencies 42/274 modules 121 active 
 ...loader › resolve-url-loader › sass-loader › src\content\contribution\index
.scss

编译  发现入口  src/app.tsx
编译  发现页面  src/pages/map/index.tsx
编译  发现页面  src/pages/my/index.tsx
编译  发现页面  src/pages/auth/index.tsx
编译  发现页面  src/spot/search/index.tsx
编译  发现页面  src/spot/guides/index.tsx
编译  发现页面  src/spot/field/index.tsx
编译  发现页面  src/spot/plan/index.tsx
编译  发现页面  src/spot/data-source/index.tsx
编译  发现页面  src/sky/detail/index.tsx
编译  发现页面  src/content/article/detail/index.tsx
编译  发现页面  src/content/plan/detail/index.tsx
编译  发现页面  src/content/plan/list/index.tsx
编译  发现页面  src/content/plan/edit/index.tsx
编译  发现页面  src/content/event/list/index.tsx
编译  发现页面  src/content/event/detail/index.tsx
编译  发现页面  src/content/contribution/index.tsx
编译  发现页面  src/content/spot-feedback/index.tsx
编译  发现页面  src/content/settings/index.tsx
[2K[1A[2K[1A[2K[1A[2K[1A[2K[1A[2K[1A[2K[1A[2K[1A[2K[1A[2K[1A[2K[1A[2K[1A[2K[1A[2K[1A[2K[1A[2K[1A[2K[1A[2K[1A[2K[1A[2K[1A[2K[1A[2K[1A[2K[1A[2K[1A[2K[1A[2K[G
● Webpack █████████████████████████ building (36%) 19/40 entries 835/857 depen
dencies 44/300 modules 202 active 
 babel-loader › ..\..\node_modules\@tarojs\runtime\dist\dom-external\node.js

编译  发现入口  src/app.tsx
编译  发现页面  src/pages/map/index.tsx
编译  发现页面  src/pages/my/index.tsx
编译  发现页面  src/pages/auth/index.tsx
编译  发现页面  src/spot/search/index.tsx
编译  发现页面  src/spot/guides/index.tsx
编译  发现页面  src/spot/field/index.tsx
编译  发现页面  src/spot/plan/index.tsx
编译  发现页面  src/spot/data-source/index.tsx
编译  发现页面  src/sky/detail/index.tsx
编译  发现页面  src/content/article/detail/index.tsx
编译  发现页面  src/content/plan/detail/index.tsx
编译  发现页面  src/content/plan/list/index.tsx
编译  发现页面  src/content/plan/edit/index.tsx
编译  发现页面  src/content/event/list/index.tsx
编译  发现页面  src/content/event/detail/index.tsx
编译  发现页面  src/content/contribution/index.tsx
编译  发现页面  src/content/spot-feedback/index.tsx
编译  发现页面  src/content/settings/index.tsx
[2K[1A[2K[1A[2K[1A[2K[1A[2K[1A[2K[1A[2K[1A[2K[1A[2K[1A[2K[1A[2K[1A[2K[1A[2K[1A[2K[1A[2K[1A[2K[1A[2K[1A[2K[1A[2K[1A[2K[1A[2K[1A[2K[1A[2K[1A[2K[1A[2K[G
● Webpack █████████████████████████ building (36%) 19/40 entries 1151/1200 dep
endencies 81/353 modules 166 active 
 babel-loader › ..\..\node_modules\@tarojs\runtime\dist\dom\document.js

编译  发现入口  src/app.tsx
编译  发现页面  src/pages/map/index.tsx
编译  发现页面  src/pages/my/index.tsx
编译  发现页面  src/pages/auth/index.tsx
编译  发现页面  src/spot/search/index.tsx
编译  发现页面  src/spot/guides/index.tsx
编译  发现页面  src/spot/field/index.tsx
编译  发现页面  src/spot/plan/index.tsx
编译  发现页面  src/spot/data-source/index.tsx
编译  发现页面  src/sky/detail/index.tsx
编译  发现页面  src/content/article/detail/index.tsx
编译  发现页面  src/content/plan/detail/index.tsx
编译  发现页面  src/content/plan/list/index.tsx
编译  发现页面  src/content/plan/edit/index.tsx
编译  发现页面  src/content/event/list/index.tsx
编译  发现页面  src/content/event/detail/index.tsx
编译  发现页面  src/content/contribution/index.tsx
编译  发现页面  src/content/spot-feedback/index.tsx
编译  发现页面  src/content/settings/index.tsx
[2K[1A[2K[1A[2K[1A[2K[1A[2K[1A[2K[1A[2K[1A[2K[1A[2K[1A[2K[1A[2K[1A[2K[1A[2K[1A[2K[1A[2K[1A[2K[1A[2K[1A[2K[1A[2K[1A[2K[1A[2K[1A[2K[1A[2K[1A[2K[1A[2K[G
● Webpack █████████████████████████ building (36%) 19/40 entries 1248/1266 dep
endencies 105/382 modules 245 active 
 ...\wechat-miniapp\node_modules\@tanstack\react-query\build\modern\queryOptio
ns.js

编译  发现入口  src/app.tsx
编译  发现页面  src/pages/map/index.tsx
编译  发现页面  src/pages/my/index.tsx
编译  发现页面  src/pages/auth/index.tsx
编译  发现页面  src/spot/search/index.tsx
编译  发现页面  src/spot/guides/index.tsx
编译  发现页面  src/spot/field/index.tsx
编译  发现页面  src/spot/plan/index.tsx
编译  发现页面  src/spot/data-source/index.tsx
编译  发现页面  src/sky/detail/index.tsx
编译  发现页面  src/content/article/detail/index.tsx
编译  发现页面  src/content/plan/detail/index.tsx
编译  发现页面  src/content/plan/list/index.tsx
编译  发现页面  src/content/plan/edit/index.tsx
编译  发现页面  src/content/event/list/index.tsx
编译  发现页面  src/content/event/detail/index.tsx
编译  发现页面  src/content/contribution/index.tsx
编译  发现页面  src/content/spot-feedback/index.tsx
编译  发现页面  src/content/settings/index.tsx
[2K[1A[2K[1A[2K[1A[2K[1A[2K[1A[2K[1A[2K[1A[2K[1A[2K[1A[2K[1A[2K[1A[2K[1A[2K[1A[2K[1A[2K[1A[2K[1A[2K[1A[2K[1A[2K[1A[2K[1A[2K[1A[2K[1A[2K[1A[2K[1A[2K[1A[2K[G
● Webpack █████████████████████████ building (36%) 19/40 entries 1306/1323 dep
endencies 152/393 modules 199 active 
 ...miniapp\node_modules\@tanstack\react-query\build\modern\infiniteQueryOptio
ns.js

编译  发现入口  src/app.tsx
编译  发现页面  src/pages/map/index.tsx
编译  发现页面  src/pages/my/index.tsx
编译  发现页面  src/pages/auth/index.tsx
编译  发现页面  src/spot/search/index.tsx
编译  发现页面  src/spot/guides/index.tsx
编译  发现页面  src/spot/field/index.tsx
编译  发现页面  src/spot/plan/index.tsx
编译  发现页面  src/spot/data-source/index.tsx
编译  发现页面  src/sky/detail/index.tsx
编译  发现页面  src/content/article/detail/index.tsx
编译  发现页面  src/content/plan/detail/index.tsx
编译  发现页面  src/content/plan/list/index.tsx
编译  发现页面  src/content/plan/edit/index.tsx
编译  发现页面  src/content/event/list/index.tsx
编译  发现页面  src/content/event/detail/index.tsx
编译  发现页面  src/content/contribution/index.tsx
编译  发现页面  src/content/spot-feedback/index.tsx
编译  发现页面  src/content/settings/index.tsx
[2K[1A[2K[1A[2K[1A[2K[1A[2K[1A[2K[1A[2K[1A[2K[1A[2K[1A[2K[1A[2K[1A[2K[1A[2K[1A[2K[1A[2K[1A[2K[1A[2K[1A[2K[1A[2K[1A[2K[1A[2K[1A[2K[1A[2K[1A[2K[1A[2K[1A[2K[G
● Webpack █████████████████████████ building (36%) 19/40 entries 1416/1426 dep
endencies 220/408 modules 185 active 
 xml\compile-mode|f8

编译  发现入口  src/app.tsx
编译  发现页面  src/pages/map/index.tsx
编译  发现页面  src/pages/my/index.tsx
编译  发现页面  src/pages/auth/index.tsx
编译  发现页面  src/spot/search/index.tsx
编译  发现页面  src/spot/guides/index.tsx
编译  发现页面  src/spot/field/index.tsx
编译  发现页面  src/spot/plan/index.tsx
编译  发现页面  src/spot/data-source/index.tsx
编译  发现页面  src/sky/detail/index.tsx
编译  发现页面  src/content/article/detail/index.tsx
编译  发现页面  src/content/plan/detail/index.tsx
编译  发现页面  src/content/plan/list/index.tsx
编译  发现页面  src/content/plan/edit/index.tsx
编译  发现页面  src/content/event/list/index.tsx
编译  发现页面  src/content/event/detail/index.tsx
编译  发现页面  src/content/contribution/index.tsx
编译  发现页面  src/content/spot-feedback/index.tsx
编译  发现页面  src/content/settings/index.tsx
[2K[1A[2K[1A[2K[1A[2K[1A[2K[1A[2K[1A[2K[1A[2K[1A[2K[1A[2K[1A[2K[1A[2K[1A[2K[1A[2K[1A[2K[1A[2K[1A[2K[1A[2K[1A[2K[1A[2K[1A[2K[1A[2K[1A[2K[1A[2K[1A[2K[G
● Webpack █████████████████████████ building (36%) 19/40 entries 1439/1455 dep
endencies 241/411 modules 168 active 
 babel-loader › ..\..\node_modules\@tarojs\api\dist\index.js

编译  发现入口  src/app.tsx
编译  发现页面  src/pages/map/index.tsx
编译  发现页面  src/pages/my/index.tsx
编译  发现页面  src/pages/auth/index.tsx
编译  发现页面  src/spot/search/index.tsx
编译  发现页面  src/spot/guides/index.tsx
编译  发现页面  src/spot/field/index.tsx
编译  发现页面  src/spot/plan/index.tsx
编译  发现页面  src/spot/data-source/index.tsx
编译  发现页面  src/sky/detail/index.tsx
编译  发现页面  src/content/article/detail/index.tsx
编译  发现页面  src/content/plan/detail/index.tsx
编译  发现页面  src/content/plan/list/index.tsx
编译  发现页面  src/content/plan/edit/index.tsx
编译  发现页面  src/content/event/list/index.tsx
编译  发现页面  src/content/event/detail/index.tsx
编译  发现页面  src/content/contribution/index.tsx
编译  发现页面  src/content/spot-feedback/index.tsx
编译  发现页面  src/content/settings/index.tsx
[2K[1A[2K[1A[2K[1A[2K[1A[2K[1A[2K[1A[2K[1A[2K[1A[2K[1A[2K[1A[2K[1A[2K[1A[2K[1A[2K[1A[2K[1A[2K[1A[2K[1A[2K[1A[2K[1A[2K[1A[2K[1A[2K[1A[2K[1A[2K[1A[2K[G
● Webpack █████████████████████████ building (38%) 21/40 entries 1467/1467 dep
endencies 264/414 modules 149 active 
 javascript\esm|E:\dev\Starward\node_modules\zustand\esm\vanilla.mjs

编译  发现入口  src/app.tsx
编译  发现页面  src/pages/map/index.tsx
编译  发现页面  src/pages/my/index.tsx
编译  发现页面  src/pages/auth/index.tsx
编译  发现页面  src/spot/search/index.tsx
编译  发现页面  src/spot/guides/index.tsx
编译  发现页面  src/spot/field/index.tsx
编译  发现页面  src/spot/plan/index.tsx
编译  发现页面  src/spot/data-source/index.tsx
编译  发现页面  src/sky/detail/index.tsx
编译  发现页面  src/content/article/detail/index.tsx
编译  发现页面  src/content/plan/detail/index.tsx
编译  发现页面  src/content/plan/list/index.tsx
编译  发现页面  src/content/plan/edit/index.tsx
编译  发现页面  src/content/event/list/index.tsx
编译  发现页面  src/content/event/detail/index.tsx
编译  发现页面  src/content/contribution/index.tsx
编译  发现页面  src/content/spot-feedback/index.tsx
编译  发现页面  src/content/settings/index.tsx
[2K[1A[2K[1A[2K[1A[2K[1A[2K[1A[2K[1A[2K[1A[2K[1A[2K[1A[2K[1A[2K[1A[2K[1A[2K[1A[2K[1A[2K[1A[2K[1A[2K[1A[2K[1A[2K[1A[2K[1A[2K[1A[2K[1A[2K[1A[2K[1A[2K[G
● Webpack █████████████████████████ building (38%) 21/40 entries 1540/1556 dep
endencies 275/436 modules 161 active 
 babel-loader › ..\..\node_modules\@tarojs\api\dist\interceptor\index.js

编译  发现入口  src/app.tsx
编译  发现页面  src/pages/map/index.tsx
编译  发现页面  src/pages/my/index.tsx
编译  发现页面  src/pages/auth/index.tsx
编译  发现页面  src/spot/search/index.tsx
编译  发现页面  src/spot/guides/index.tsx
编译  发现页面  src/spot/field/index.tsx
编译  发现页面  src/spot/plan/index.tsx
编译  发现页面  src/spot/data-source/index.tsx
编译  发现页面  src/sky/detail/index.tsx
编译  发现页面  src/content/article/detail/index.tsx
编译  发现页面  src/content/plan/detail/index.tsx
编译  发现页面  src/content/plan/list/index.tsx
编译  发现页面  src/content/plan/edit/index.tsx
编译  发现页面  src/content/event/list/index.tsx
编译  发现页面  src/content/event/detail/index.tsx
编译  发现页面  src/content/contribution/index.tsx
编译  发现页面  src/content/spot-feedback/index.tsx
编译  发现页面  src/content/settings/index.tsx
[2K[1A[2K[1A[2K[1A[2K[1A[2K[1A[2K[1A[2K[1A[2K[1A[2K[1A[2K[1A[2K[1A[2K[1A[2K[1A[2K[1A[2K[1A[2K[1A[2K[1A[2K[1A[2K[1A[2K[1A[2K[1A[2K[1A[2K[1A[2K[1A[2K[G
● Webpack █████████████████████████ building (38%) 21/40 entries 1568/1568 dep
endencies 327/445 modules 117 active 
 ..\..\node_modules\css-loader\dist\runtime\noSourceMaps.js

编译  发现入口  src/app.tsx
编译  发现页面  src/pages/map/index.tsx
编译  发现页面  src/pages/my/index.tsx
编译  发现页面  src/pages/auth/index.tsx
编译  发现页面  src/spot/search/index.tsx
编译  发现页面  src/spot/guides/index.tsx
编译  发现页面  src/spot/field/index.tsx
编译  发现页面  src/spot/plan/index.tsx
编译  发现页面  src/spot/data-source/index.tsx
编译  发现页面  src/sky/detail/index.tsx
编译  发现页面  src/content/article/detail/index.tsx
编译  发现页面  src/content/plan/detail/index.tsx
编译  发现页面  src/content/plan/list/index.tsx
编译  发现页面  src/content/plan/edit/index.tsx
编译  发现页面  src/content/event/list/index.tsx
编译  发现页面  src/content/event/detail/index.tsx
编译  发现页面  src/content/contribution/index.tsx
编译  发现页面  src/content/spot-feedback/index.tsx
编译  发现页面  src/content/settings/index.tsx
[2K[1A[2K[1A[2K[1A[2K[1A[2K[1A[2K[1A[2K[1A[2K[1A[2K[1A[2K[1A[2K[1A[2K[1A[2K[1A[2K[1A[2K[1A[2K[1A[2K[1A[2K[1A[2K[1A[2K[1A[2K[1A[2K[1A[2K[1A[2K[1A[2K[G
● Webpack █████████████████████████ building (40%) 22/40 entries 1586/1586 dep
endencies 339/451 modules 108 active 
 ... › resolve-url-loader › sass-loader › src\components\semantic-asset.scss|0
|||}}

编译  发现入口  src/app.tsx
编译  发现页面  src/pages/map/index.tsx
编译  发现页面  src/pages/my/index.tsx
编译  发现页面  src/pages/auth/index.tsx
编译  发现页面  src/spot/search/index.tsx
编译  发现页面  src/spot/guides/index.tsx
编译  发现页面  src/spot/field/index.tsx
编译  发现页面  src/spot/plan/index.tsx
编译  发现页面  src/spot/data-source/index.tsx
编译  发现页面  src/sky/detail/index.tsx
编译  发现页面  src/content/article/detail/index.tsx
编译  发现页面  src/content/plan/detail/index.tsx
编译  发现页面  src/content/plan/list/index.tsx
编译  发现页面  src/content/plan/edit/index.tsx
编译  发现页面  src/content/event/list/index.tsx
编译  发现页面  src/content/event/detail/index.tsx
编译  发现页面  src/content/contribution/index.tsx
编译  发现页面  src/content/spot-feedback/index.tsx
编译  发现页面  src/content/settings/index.tsx
[2K[1A[2K[1A[2K[1A[2K[1A[2K[1A[2K[1A[2K[1A[2K[1A[2K[1A[2K[1A[2K[1A[2K[1A[2K[1A[2K[1A[2K[1A[2K[1A[2K[1A[2K[1A[2K[1A[2K[1A[2K[1A[2K[1A[2K[1A[2K[1A[2K[1A[2K[G
● Webpack █████████████████████████ building (40%) 22/40 entries 1622/1622 dep
endencies 384/463 modules 73 active 
 ...resolve-url-loader › sass-loader › src\spot\data-source\data-source.scss|0
|||}}

编译  发现入口  src/app.tsx
编译  发现页面  src/pages/map/index.tsx
编译  发现页面  src/pages/my/index.tsx
编译  发现页面  src/pages/auth/index.tsx
编译  发现页面  src/spot/search/index.tsx
编译  发现页面  src/spot/guides/index.tsx
编译  发现页面  src/spot/field/index.tsx
编译  发现页面  src/spot/plan/index.tsx
编译  发现页面  src/spot/data-source/index.tsx
编译  发现页面  src/sky/detail/index.tsx
编译  发现页面  src/content/article/detail/index.tsx
编译  发现页面  src/content/plan/detail/index.tsx
编译  发现页面  src/content/plan/list/index.tsx
编译  发现页面  src/content/plan/edit/index.tsx
编译  发现页面  src/content/event/list/index.tsx
编译  发现页面  src/content/event/detail/index.tsx
编译  发现页面  src/content/contribution/index.tsx
编译  发现页面  src/content/spot-feedback/index.tsx
编译  发现页面  src/content/settings/index.tsx
[2K[1A[2K[1A[2K[1A[2K[1A[2K[1A[2K[1A[2K[1A[2K[1A[2K[1A[2K[1A[2K[1A[2K[1A[2K[1A[2K[1A[2K[1A[2K[1A[2K[1A[2K[1A[2K[1A[2K[1A[2K[1A[2K[1A[2K[1A[2K[1A[2K[1A[2K[G
● Webpack █████████████████████████ building (56%) 34/40 entries 1649/1649 dep
endencies 446/472 modules 22 active 
 ...resolve-url-loader › sass-loader › src\content\article\detail\index.scss|0
|||}}

编译  发现入口  src/app.tsx
编译  发现页面  src/pages/map/index.tsx
编译  发现页面  src/pages/my/index.tsx
编译  发现页面  src/pages/auth/index.tsx
编译  发现页面  src/spot/search/index.tsx
编译  发现页面  src/spot/guides/index.tsx
编译  发现页面  src/spot/field/index.tsx
编译  发现页面  src/spot/plan/index.tsx
编译  发现页面  src/spot/data-source/index.tsx
编译  发现页面  src/sky/detail/index.tsx
编译  发现页面  src/content/article/detail/index.tsx
编译  发现页面  src/content/plan/detail/index.tsx
编译  发现页面  src/content/plan/list/index.tsx
编译  发现页面  src/content/plan/edit/index.tsx
编译  发现页面  src/content/event/list/index.tsx
编译  发现页面  src/content/event/detail/index.tsx
编译  发现页面  src/content/contribution/index.tsx
编译  发现页面  src/content/spot-feedback/index.tsx
编译  发现页面  src/content/settings/index.tsx
[2K[1A[2K[1A[2K[1A[2K[1A[2K[1A[2K[1A[2K[1A[2K[1A[2K[1A[2K[1A[2K[1A[2K[1A[2K[1A[2K[1A[2K[1A[2K[1A[2K[1A[2K[1A[2K[1A[2K[1A[2K[1A[2K[1A[2K[1A[2K[1A[2K[1A[2K[G
● Webpack █████████████████████████ sealing (71%)  
 dependencies optimization

编译  发现入口  src/app.tsx
编译  发现页面  src/pages/map/index.tsx
编译  发现页面  src/pages/my/index.tsx
编译  发现页面  src/pages/auth/index.tsx
编译  发现页面  src/spot/search/index.tsx
编译  发现页面  src/spot/guides/index.tsx
编译  发现页面  src/spot/field/index.tsx
编译  发现页面  src/spot/plan/index.tsx
编译  发现页面  src/spot/data-source/index.tsx
编译  发现页面  src/sky/detail/index.tsx
编译  发现页面  src/content/article/detail/index.tsx
编译  发现页面  src/content/plan/detail/index.tsx
编译  发现页面  src/content/plan/list/index.tsx
编译  发现页面  src/content/plan/edit/index.tsx
编译  发现页面  src/content/event/list/index.tsx
编译  发现页面  src/content/event/detail/index.tsx
编译  发现页面  src/content/contribution/index.tsx
编译  发现页面  src/content/spot-feedback/index.tsx
编译  发现页面  src/content/settings/index.tsx
[2K[1A[2K[1A[2K[1A[2K[1A[2K[1A[2K[1A[2K[1A[2K[1A[2K[1A[2K[1A[2K[1A[2K[1A[2K[1A[2K[1A[2K[1A[2K[1A[2K[1A[2K[1A[2K[1A[2K[1A[2K[1A[2K[1A[2K[1A[2K[G
● Webpack █████████████████████████ sealing (75%) chunk optimization 
 RemoveEmptyChunksPlugin

编译  发现入口  src/app.tsx
编译  发现页面  src/pages/map/index.tsx
编译  发现页面  src/pages/my/index.tsx
编译  发现页面  src/pages/auth/index.tsx
编译  发现页面  src/spot/search/index.tsx
编译  发现页面  src/spot/guides/index.tsx
编译  发现页面  src/spot/field/index.tsx
编译  发现页面  src/spot/plan/index.tsx
编译  发现页面  src/spot/data-source/index.tsx
编译  发现页面  src/sky/detail/index.tsx
编译  发现页面  src/content/article/detail/index.tsx
编译  发现页面  src/content/plan/detail/index.tsx
编译  发现页面  src/content/plan/list/index.tsx
编译  发现页面  src/content/plan/edit/index.tsx
编译  发现页面  src/content/event/list/index.tsx
编译  发现页面  src/content/event/detail/index.tsx
编译  发现页面  src/content/contribution/index.tsx
编译  发现页面  src/content/spot-feedback/index.tsx
编译  发现页面  src/content/settings/index.tsx
[2K[1A[2K[1A[2K[1A[2K[1A[2K[1A[2K[1A[2K[1A[2K[1A[2K[1A[2K[1A[2K[1A[2K[1A[2K[1A[2K[1A[2K[1A[2K[1A[2K[1A[2K[1A[2K[1A[2K[1A[2K[1A[2K[1A[2K[1A[2K[G
● Webpack █████████████████████████ sealing (87%)  
 module hashing

编译  发现入口  src/app.tsx
编译  发现页面  src/pages/map/index.tsx
编译  发现页面  src/pages/my/index.tsx
编译  发现页面  src/pages/auth/index.tsx
编译  发现页面  src/spot/search/index.tsx
编译  发现页面  src/spot/guides/index.tsx
编译  发现页面  src/spot/field/index.tsx
编译  发现页面  src/spot/plan/index.tsx
编译  发现页面  src/spot/data-source/index.tsx
编译  发现页面  src/sky/detail/index.tsx
编译  发现页面  src/content/article/detail/index.tsx
编译  发现页面  src/content/plan/detail/index.tsx
编译  发现页面  src/content/plan/list/index.tsx
编译  发现页面  src/content/plan/edit/index.tsx
编译  发现页面  src/content/event/list/index.tsx
编译  发现页面  src/content/event/detail/index.tsx
编译  发现页面  src/content/contribution/index.tsx
编译  发现页面  src/content/spot-feedback/index.tsx
编译  发现页面  src/content/settings/index.tsx
[2K[1A[2K[1A[2K[1A[2K[1A[2K[1A[2K[1A[2K[1A[2K[1A[2K[1A[2K[1A[2K[1A[2K[1A[2K[1A[2K[1A[2K[1A[2K[1A[2K[1A[2K[1A[2K[1A[2K[1A[2K[1A[2K[1A[2K[1A[2K[G
● Webpack █████████████████████████ sealing (88%)  
 runtime requirements

编译  发现入口  src/app.tsx
编译  发现页面  src/pages/map/index.tsx
编译  发现页面  src/pages/my/index.tsx
编译  发现页面  src/pages/auth/index.tsx
编译  发现页面  src/spot/search/index.tsx
编译  发现页面  src/spot/guides/index.tsx
编译  发现页面  src/spot/field/index.tsx
编译  发现页面  src/spot/plan/index.tsx
编译  发现页面  src/spot/data-source/index.tsx
编译  发现页面  src/sky/detail/index.tsx
编译  发现页面  src/content/article/detail/index.tsx
编译  发现页面  src/content/plan/detail/index.tsx
编译  发现页面  src/content/plan/list/index.tsx
编译  发现页面  src/content/plan/edit/index.tsx
编译  发现页面  src/content/event/list/index.tsx
编译  发现页面  src/content/event/detail/index.tsx
编译  发现页面  src/content/contribution/index.tsx
编译  发现页面  src/content/spot-feedback/index.tsx
编译  发现页面  src/content/settings/index.tsx
[2K[1A[2K[1A[2K[1A[2K[1A[2K[1A[2K[1A[2K[1A[2K[1A[2K[1A[2K[1A[2K[1A[2K[1A[2K[1A[2K[1A[2K[1A[2K[1A[2K[1A[2K[1A[2K[1A[2K[1A[2K[1A[2K[1A[2K[1A[2K[G
● Webpack █████████████████████████ sealing (92%) asset processing 
 TaroMiniPlugin

编译  发现入口  src/app.tsx
编译  发现页面  src/pages/map/index.tsx
编译  发现页面  src/pages/my/index.tsx
编译  发现页面  src/pages/auth/index.tsx
编译  发现页面  src/spot/search/index.tsx
编译  发现页面  src/spot/guides/index.tsx
编译  发现页面  src/spot/field/index.tsx
编译  发现页面  src/spot/plan/index.tsx
编译  发现页面  src/spot/data-source/index.tsx
编译  发现页面  src/sky/detail/index.tsx
编译  发现页面  src/content/article/detail/index.tsx
编译  发现页面  src/content/plan/detail/index.tsx
编译  发现页面  src/content/plan/list/index.tsx
编译  发现页面  src/content/plan/edit/index.tsx
编译  发现页面  src/content/event/list/index.tsx
编译  发现页面  src/content/event/detail/index.tsx
编译  发现页面  src/content/contribution/index.tsx
编译  发现页面  src/content/spot-feedback/index.tsx
编译  发现页面  src/content/settings/index.tsx
[2K[1A[2K[1A[2K[1A[2K[1A[2K[1A[2K[1A[2K[1A[2K[1A[2K[1A[2K[1A[2K[1A[2K[1A[2K[1A[2K[1A[2K[1A[2K[1A[2K[1A[2K[1A[2K[1A[2K[1A[2K[1A[2K[1A[2K[1A[2K[G
● Webpack █████████████████████████ sealing (92%) asset processing 
 CssMinimizerPlugin

编译  发现入口  src/app.tsx
编译  发现页面  src/pages/map/index.tsx
编译  发现页面  src/pages/my/index.tsx
编译  发现页面  src/pages/auth/index.tsx
编译  发现页面  src/spot/search/index.tsx
编译  发现页面  src/spot/guides/index.tsx
编译  发现页面  src/spot/field/index.tsx
编译  发现页面  src/spot/plan/index.tsx
编译  发现页面  src/spot/data-source/index.tsx
编译  发现页面  src/sky/detail/index.tsx
编译  发现页面  src/content/article/detail/index.tsx
编译  发现页面  src/content/plan/detail/index.tsx
编译  发现页面  src/content/plan/list/index.tsx
编译  发现页面  src/content/plan/edit/index.tsx
编译  发现页面  src/content/event/list/index.tsx
编译  发现页面  src/content/event/detail/index.tsx
编译  发现页面  src/content/contribution/index.tsx
编译  发现页面  src/content/spot-feedback/index.tsx
编译  发现页面  src/content/settings/index.tsx
[2K[1A[2K[1A[2K[1A[2K[1A[2K[1A[2K[1A[2K[1A[2K[1A[2K[1A[2K[1A[2K[1A[2K[1A[2K[1A[2K[1A[2K[1A[2K[1A[2K[1A[2K[1A[2K[1A[2K[1A[2K[1A[2K[1A[2K[1A[2K[G
● Webpack █████████████████████████ sealing (92%) asset processing 
 RealContentHashPlugin

编译  发现入口  src/app.tsx
编译  发现页面  src/pages/map/index.tsx
编译  发现页面  src/pages/my/index.tsx
编译  发现页面  src/pages/auth/index.tsx
编译  发现页面  src/spot/search/index.tsx
编译  发现页面  src/spot/guides/index.tsx
编译  发现页面  src/spot/field/index.tsx
编译  发现页面  src/spot/plan/index.tsx
编译  发现页面  src/spot/data-source/index.tsx
编译  发现页面  src/sky/detail/index.tsx
编译  发现页面  src/content/article/detail/index.tsx
编译  发现页面  src/content/plan/detail/index.tsx
编译  发现页面  src/content/plan/list/index.tsx
编译  发现页面  src/content/plan/edit/index.tsx
编译  发现页面  src/content/event/list/index.tsx
编译  发现页面  src/content/event/detail/index.tsx
编译  发现页面  src/content/contribution/index.tsx
编译  发现页面  src/content/spot-feedback/index.tsx
编译  发现页面  src/content/settings/index.tsx
[2K[1A[2K[1A[2K[1A[2K[1A[2K[1A[2K[1A[2K[1A[2K[1A[2K[1A[2K[1A[2K[1A[2K[1A[2K[1A[2K[1A[2K[1A[2K[1A[2K[1A[2K[1A[2K[1A[2K[1A[2K[1A[2K[1A[2K[1A[2K[G
● Webpack █████████████████████████ sealing (92%) asset processing 
 taro-compile-mode-plugin

编译  发现入口  src/app.tsx
编译  发现页面  src/pages/map/index.tsx
编译  发现页面  src/pages/my/index.tsx
编译  发现页面  src/pages/auth/index.tsx
编译  发现页面  src/spot/search/index.tsx
编译  发现页面  src/spot/guides/index.tsx
编译  发现页面  src/spot/field/index.tsx
编译  发现页面  src/spot/plan/index.tsx
编译  发现页面  src/spot/data-source/index.tsx
编译  发现页面  src/sky/detail/index.tsx
编译  发现页面  src/content/article/detail/index.tsx
编译  发现页面  src/content/plan/detail/index.tsx
编译  发现页面  src/content/plan/list/index.tsx
编译  发现页面  src/content/plan/edit/index.tsx
编译  发现页面  src/content/event/list/index.tsx
编译  发现页面  src/content/event/detail/index.tsx
编译  发现页面  src/content/contribution/index.tsx
编译  发现页面  src/content/spot-feedback/index.tsx
编译  发现页面  src/content/settings/index.tsx
[2K[1A[2K[1A[2K[1A[2K[1A[2K[1A[2K[1A[2K[1A[2K[1A[2K[1A[2K[1A[2K[1A[2K[1A[2K[1A[2K[1A[2K[1A[2K[1A[2K[1A[2K[1A[2K[1A[2K[1A[2K[1A[2K[1A[2K[1A[2K[G
● Webpack █████████████████████████ emitting (98%)  
 after emit

编译  发现入口  src/app.tsx
编译  发现页面  src/pages/map/index.tsx
编译  发现页面  src/pages/my/index.tsx
编译  发现页面  src/pages/auth/index.tsx
编译  发现页面  src/spot/search/index.tsx
编译  发现页面  src/spot/guides/index.tsx
编译  发现页面  src/spot/field/index.tsx
编译  发现页面  src/spot/plan/index.tsx
编译  发现页面  src/spot/data-source/index.tsx
编译  发现页面  src/sky/detail/index.tsx
编译  发现页面  src/content/article/detail/index.tsx
编译  发现页面  src/content/plan/detail/index.tsx
编译  发现页面  src/content/plan/list/index.tsx
编译  发现页面  src/content/plan/edit/index.tsx
编译  发现页面  src/content/event/list/index.tsx
编译  发现页面  src/content/event/detail/index.tsx
编译  发现页面  src/content/contribution/index.tsx
编译  发现页面  src/content/spot-feedback/index.tsx
编译  发现页面  src/content/settings/index.tsx
[2K[1A[2K[1A[2K[1A[2K[1A[2K[1A[2K[1A[2K[1A[2K[1A[2K[1A[2K[1A[2K[1A[2K[1A[2K[1A[2K[1A[2K[1A[2K[1A[2K[1A[2K[1A[2K[1A[2K[1A[2K[1A[2K[1A[2K[1A[2K[G
√ Webpack
  Compiled successfully in 13.84s

编译  发现入口  src/app.tsx
编译  发现页面  src/pages/map/index.tsx
编译  发现页面  src/pages/my/index.tsx
编译  发现页面  src/pages/auth/index.tsx
编译  发现页面  src/spot/search/index.tsx
编译  发现页面  src/spot/guides/index.tsx
编译  发现页面  src/spot/field/index.tsx
编译  发现页面  src/spot/plan/index.tsx
编译  发现页面  src/spot/data-source/index.tsx
编译  发现页面  src/sky/detail/index.tsx
编译  发现页面  src/content/article/detail/index.tsx
编译  发现页面  src/content/plan/detail/index.tsx
编译  发现页面  src/content/plan/list/index.tsx
编译  发现页面  src/content/plan/edit/index.tsx
编译  发现页面  src/content/event/list/index.tsx
编译  发现页面  src/content/event/detail/index.tsx
编译  发现页面  src/content/contribution/index.tsx
编译  发现页面  src/content/spot-feedback/index.tsx
编译  发现页面  src/content/settings/index.tsx
⚠️ Warnings: 

Error: chunk common [mini-css-extract-plugin]
Conflicting order. Following module has been added:
 * css ../../node_modules/css-loader/dist/cjs.js??ruleSet[1].rules[1].oneOf[0].use[1]!../../node_modules/postcss-loader/dist/cjs.js??ruleSet[1].rules[1].oneOf[0].use[2]!../../node_modules/resolve-url-loader/index.js!../../node_modules/sass-loader/dist/cjs.js??ruleSet[1].rules[1].oneOf[0].use[4]!./src/components/notification.scss
despite it was not able to fulfill desired ordering with these modules:
 * css ../../node_modules/css-loader/dist/cjs.js??ruleSet[1].rules[1].oneOf[0].use[1]!../../node_modules/postcss-loader/dist/cjs.js??ruleSet[1].rules[1].oneOf[0].use[2]!../../node_modules/resolve-url-loader/index.js!../../node_modules/sass-loader/dist/cjs.js??ruleSet[1].rules[1].oneOf[0].use[4]!./src/components/custom-nav.scss
   - couldn't fulfill desired order of chunk group(s) spot/plan/index, content/event/list/index, content/event/detail/index, content/spot-feedback/index
   - while fulfilling desired order of chunk group(s) pages/map/index, pages/my/index, pages/auth/index, spot/guides/index, spot/field/index, spot/data-source/index, content/article/detail/index, content/plan/detail/index, content/plan/list/index, content/plan/edit/index, content/contribution/index, content/settings/index
 * css ../../node_modules/css-loader/dist/cjs.js??ruleSet[1].rules[1].oneOf[0].use[1]!../../node_modules/postcss-loader/dist/cjs.js??ruleSet[1].rules[1].oneOf[0].use[2]!../../node_modules/resolve-url-loader/index.js!../../node_modules/sass-loader/dist/cjs.js??ruleSet[1].rules[1].oneOf[0].use[4]!./src/components/semantic-asset.scss
   - couldn't fulfill desired order of chunk group(s) spot/plan/index, content/event/list/index, content/event/detail/index, content/spot-feedback/index
   - while fulfilling desired order of chunk group(s) pages/map/index, pages/my/index, pages/auth/index, spot/search/index, spot/guides/index, spot/field/index, spot/data-source/index, sky/detail/index, content/article/detail/index, content/plan/detail/index, content/plan/list/index, content/plan/edit/index, content/contribution/index, content/settings/index
    at Array.forEach (<anonymous>)

Error: chunk common [mini-css-extract-plugin]
Conflicting order. Following module has been added:
 * css ../../node_modules/css-loader/dist/cjs.js??ruleSet[1].rules[1].oneOf[0].use[1]!../../node_modules/postcss-loader/dist/cjs.js??ruleSet[1].rules[1].oneOf[0].use[2]!../../node_modules/resolve-url-loader/index.js!../../node_modules/sass-loader/dist/cjs.js??ruleSet[1].rules[1].oneOf[0].use[4]!./src/components/semantic-asset.scss
despite it was not able to fulfill desired ordering with these modules:
 * css ../../node_modules/css-loader/dist/cjs.js??ruleSet[1].rules[1].oneOf[0].use[1]!../../node_modules/postcss-loader/dist/cjs.js??ruleSet[1].rules[1].oneOf[0].use[2]!../../node_modules/resolve-url-loader/index.js!../../node_modules/sass-loader/dist/cjs.js??ruleSet[1].rules[1].oneOf[0].use[4]!./src/components/status-panel.scss
   - couldn't fulfill desired order of chunk group(s) pages/map/index, content/contribution/index
   - while fulfilling desired order of chunk group(s) pages/my/index, pages/auth/index, spot/search/index, spot/guides/index, spot/field/index, spot/plan/index, spot/data-source/index, sky/detail/index, content/article/detail/index, content/plan/detail/index, content/plan/list/index, content/plan/edit/index, content/event/list/index, content/event/detail/index, content/spot-feedback/index, content/settings/index
    at Array.forEach (<anonymous>)

Error: chunk common [mini-css-extract-plugin]
Conflicting order. Following module has been added:
 * css ../../node_modules/css-loader/dist/cjs.js??ruleSet[1].rules[1].oneOf[0].use[1]!../../node_modules/postcss-loader/dist/cjs.js??ruleSet[1].rules[1].oneOf[0].use[2]!../../node_modules/resolve-url-loader/index.js!../../node_modules/sass-loader/dist/cjs.js??ruleSet[1].rules[1].oneOf[0].use[4]!./src/components/status-panel.scss
despite it was not able to fulfill desired ordering with these modules:
 * css ../../node_modules/css-loader/dist/cjs.js??ruleSet[1].rules[1].oneOf[0].use[1]!../../node_modules/postcss-loader/dist/cjs.js??ruleSet[1].rules[1].oneOf[0].use[2]!../../node_modules/resolve-url-loader/index.js!../../node_modules/sass-loader/dist/cjs.js??ruleSet[1].rules[1].oneOf[0].use[4]!./src/components/custom-nav.scss
   - couldn't fulfill desired order of chunk group(s) pages/my/index, pages/auth/index, spot/guides/index, spot/field/index, spot/plan/index, spot/data-source/index, content/article/detail/index, content/plan/detail/index, content/plan/list/index, content/plan/edit/index, content/event/list/index, content/event/detail/index, content/spot-feedback/index, content/settings/index
   - while fulfilling desired order of chunk group(s) pages/map/index, content/contribution/index
    at Array.forEach (<anonymous>)

ℹ Stats: 

assets by path [1m[32massets/[39m[22m 528 KiB 119 assets
assets by path [1m[32mcontent/[39m[22m 196 KiB 44 assets
assets by path [1m[32mspot/[39m[22m 91.2 KiB 29 assets
assets by path [1m[32mpages/[39m[22m 208 KiB 13 assets
assets by path [1m[32m*.js[39m[22m 507 KiB 6 assets
assets by path [1m[32msky/detail/[39m[22m 108 KiB 5 assets
assets by path [1m[32m*.wxml[39m[22m 82.3 KiB 3 assets
assets by path [1m[32m*.wxss[39m[22m 54.7 KiB
  asset [1m[32mcommon.wxss[39m[22m 41.3 KiB [1m[32m[emitted][39m[22m [1m[32m[minimized][39m[22m (name: common) (id hint: common)
  + 2 assets
assets by path [1m[32m*.json[39m[22m 1.33 KiB
  asset [1m[32mapp.json[39m[22m 1.25 KiB [1m[32m[emitted][39m[22m
  asset [1m[32mcomp.json[39m[22m 86 bytes [1m[32m[emitted][39m[22m
asset [1m[32mutils.wxs[39m[22m 997 bytes [1m[32m[emitted][39m[22m

[1m[33mWARNING[39m[22m in [1mchunk common [mini-css-extract-plugin]
[1m[31mConflicting[39m[22m[1m order. Following module has been added:
 * css ../../node_modules/css-loader/dist/cjs.js??ruleSet[1].rules[1].oneOf[0].use[1]!../../node_modules/postcss-loader/dist/cjs.js??ruleSet[1].rules[1].oneOf[0].use[2]!../../node_modules/resolve-url-loader/index.js!../../node_modules/sass-loader/dist/cjs.js??ruleSet[1].rules[1].oneOf[0].use[4]!./src/components/notification.scss
despite it was not able to fulfill desired ordering with these modules:
 * css ../../node_modules/css-loader/dist/cjs.js??ruleSet[1].rules[1].oneOf[0].use[1]!../../node_modules/postcss-loader/dist/cjs.js??ruleSet[1].rules[1].oneOf[0].use[2]!../../node_modules/resolve-url-loader/index.js!../../node_modules/sass-loader/dist/cjs.js??ruleSet[1].rules[1].oneOf[0].use[4]!./src/components/custom-nav.scss
   - couldn't fulfill desired order of chunk group(s) spot/plan/index, content/event/list/index, content/event/detail/index, content/spot-feedback/index
   - while fulfilling desired order of chunk group(s) pages/map/index, pages/my/index, pages/auth/index, spot/guides/index, spot/field/index, spot/data-source/index, content/article/detail/index, content/plan/detail/index, content/plan/list/index, content/plan/edit/index, content/contribution/index, content/settings/index
 * css ../../node_modules/css-loader/dist/cjs.js??ruleSet[1].rules[1].oneOf[0].use[1]!../../node_modules/postcss-loader/dist/cjs.js??ruleSet[1].rules[1].oneOf[0].use[2]!../../node_modules/resolve-url-loader/index.js!../../node_modules/sass-loader/dist/cjs.js??ruleSet[1].rules[1].oneOf[0].use[4]!./src/components/semantic-asset.scss
   - couldn't fulfill desired order of chunk group(s) spot/plan/index, content/event/list/index, content/event/detail/index, content/spot-feedback/index
   - while fulfilling desired order of chunk group(s) pages/map/index, pages/my/index, pages/auth/index, spot/search/index, spot/guides/index, spot/field/index, spot/data-source/index, sky/detail/index, content/article/detail/index, content/plan/detail/index, content/plan/list/index, content/plan/edit/index, content/contribution/index, content/settings/index[39m[22m

[1m[33mWARNING[39m[22m in [1mchunk common [mini-css-extract-plugin]
[1m[31mConflicting[39m[22m[1m order. Following module has been added:
 * css ../../node_modules/css-loader/dist/cjs.js??ruleSet[1].rules[1].oneOf[0].use[1]!../../node_modules/postcss-loader/dist/cjs.js??ruleSet[1].rules[1].oneOf[0].use[2]!../../node_modules/resolve-url-loader/index.js!../../node_modules/sass-loader/dist/cjs.js??ruleSet[1].rules[1].oneOf[0].use[4]!./src/components/semantic-asset.scss
despite it was not able to fulfill desired ordering with these modules:
 * css ../../node_modules/css-loader/dist/cjs.js??ruleSet[1].rules[1].oneOf[0].use[1]!../../node_modules/postcss-loader/dist/cjs.js??ruleSet[1].rules[1].oneOf[0].use[2]!../../node_modules/resolve-url-loader/index.js!../../node_modules/sass-loader/dist/cjs.js??ruleSet[1].rules[1].oneOf[0].use[4]!./src/components/status-panel.scss
   - couldn't fulfill desired order of chunk group(s) pages/map/index, content/contribution/index
   - while fulfilling desired order of chunk group(s) pages/my/index, pages/auth/index, spot/search/index, spot/guides/index, spot/field/index, spot/plan/index, spot/data-source/index, sky/detail/index, content/article/detail/index, content/plan/detail/index, content/plan/list/index, content/plan/edit/index, content/event/list/index, content/event/detail/index, content/spot-feedback/index, content/settings/index[39m[22m

[1m[33mWARNING[39m[22m in [1mchunk common [mini-css-extract-plugin]
[1m[31mConflicting[39m[22m[1m order. Following module has been added:
 * css ../../node_modules/css-loader/dist/cjs.js??ruleSet[1].rules[1].oneOf[0].use[1]!../../node_modules/postcss-loader/dist/cjs.js??ruleSet[1].rules[1].oneOf[0].use[2]!../../node_modules/resolve-url-loader/index.js!../../node_modules/sass-loader/dist/cjs.js??ruleSet[1].rules[1].oneOf[0].use[4]!./src/components/status-panel.scss
despite it was not able to fulfill desired ordering with these modules:
 * css ../../node_modules/css-loader/dist/cjs.js??ruleSet[1].rules[1].oneOf[0].use[1]!../../node_modules/postcss-loader/dist/cjs.js??ruleSet[1].rules[1].oneOf[0].use[2]!../../node_modules/resolve-url-loader/index.js!../../node_modules/sass-loader/dist/cjs.js??ruleSet[1].rules[1].oneOf[0].use[4]!./src/components/custom-nav.scss
   - couldn't fulfill desired order of chunk group(s) pages/my/index, pages/auth/index, spot/guides/index, spot/field/index, spot/plan/index, spot/data-source/index, content/article/detail/index, content/plan/detail/index, content/plan/list/index, content/plan/edit/index, content/event/list/index, content/event/detail/index, content/spot-feedback/index, content/settings/index
   - while fulfilling desired order of chunk group(s) pages/map/index, content/contribution/index[39m[22m

webpack 5.91.0 compiled with [1m[33m3 warnings[39m[22m in 13979 ms
