STARWARD_MOBILE_WEB_DIAGNOSTIC_PROGRESS_FILE:C:\Dev\Starward\tests\acceptance\test-results\mobile-design-diagnostic-progress.jsonl
[WebServer] {"level":30,"time":1785266722790,"pid":20840,"hostname":"DESKTOP-E0AA8CT","msg":"Server listening at http://127.0.0.1:60639"}

[WebServer] {"level":30,"time":1785266722916,"pid":20840,"hostname":"DESKTOP-E0AA8CT","reqId":"04db7ba5-8e08-408e-81c4-05ca9c687846","req":{"method":"GET","url":"/health/live","host":"127.0.0.1:60639","remoteAddress":"127.0.0.1","remotePort":60652},"msg":"incoming request"}

[WebServer] {"level":30,"time":1785266722922,"pid":20840,"hostname":"DESKTOP-E0AA8CT","reqId":"04db7ba5-8e08-408e-81c4-05ca9c687846","res":{"statusCode":200},"responseTime":5.369699999999966,"msg":"request completed"}

[WebServer] Starting project at C:\Dev\Starward\apps\mobile

[WebServer] Logs: C:\Dev\Starward\apps\mobile\.expo\dev\logs\start.log

[WebServer] Expo Autolinking module resolution enabled

[WebServer] Starting Metro Bundler
[WebServer] 

[WebServer] Waiting on http://localhost:60635

[WebServer] 
[WebServer] An update for expo is available: 57.0.7 → ~57.0.8
[WebServer] 10 other packages may need updating. Run npx expo install --check for details.
[WebServer] Logs for your project will appear below.


Running 1 test using 1 worker

[1/1] [chromium-mobile-design-diagnostic] › ui\mobile-design-diagnostic.spec.mjs:15:1 › [diagnostic-only] selected mobile design comparison [outcome:tonight-decision]












[WebServer] Web Bundled 18928ms apps\mobile\index.web.js (1615 modules)

[WebServer] Web  INFO  %cDownload the React DevTools for a better development experience: https://react.dev/link/react-devtools font-weight:bold

[WebServer] Web  LOG  Running application "main" with appParams:
[WebServer]  {"hydrate": undefined, "rootTag": "#root"} 
[WebServer] Development-level warnings: ON.
[WebServer] Performance optimizations: OFF.

[WebServer] {"level":30,"time":1785266786044,"pid":20840,"hostname":"DESKTOP-E0AA8CT","reqId":"a98299f1-bca3-4fcc-9e38-a5575b1c9c7c","req":{"method":"OPTIONS","url":"/v1/profile","host":"127.0.0.1:60639","remoteAddress":"127.0.0.1","remotePort":56262},"msg":"incoming request"}

[WebServer] {"level":30,"time":1785266786045,"pid":20840,"hostname":"DESKTOP-E0AA8CT","reqId":"a98299f1-bca3-4fcc-9e38-a5575b1c9c7c","res":{"statusCode":204},"responseTime":1.2753000000011525,"msg":"request completed"}

[WebServer] {"level":30,"time":1785266786046,"pid":20840,"hostname":"DESKTOP-E0AA8CT","reqId":"6d047294-8269-41f8-b9a0-7ac4c566de1c","req":{"method":"GET","url":"/v1/profile","host":"127.0.0.1:60639","remoteAddress":"127.0.0.1","remotePort":56262},"msg":"incoming request"}

[WebServer] {"level":30,"time":1785266786048,"pid":20840,"hostname":"DESKTOP-E0AA8CT","reqId":"6d047294-8269-41f8-b9a0-7ac4c566de1c","res":{"statusCode":200},"responseTime":0.9431999999942491,"msg":"request completed"}


[WebServer] Web  WARN  props.pointerEvents is deprecated. Use style.pointerEvents

[WebServer] Web Bundled 74ms apps\mobile\index.web.js (1 module)

[WebServer] Web  INFO  %cDownload the React DevTools for a better development experience: https://react.dev/link/react-devtools font-weight:bold

[WebServer] Web  LOG  Running application "main" with appParams:
[WebServer]  {"hydrate": undefined, "rootTag": "#root"} 
[WebServer] Development-level warnings: ON.
[WebServer] Performance optimizations: OFF.

[WebServer] Web  WARN  props.pointerEvents is deprecated. Use style.pointerEvents

[WebServer] {"level":30,"time":1785266787145,"pid":20840,"hostname":"DESKTOP-E0AA8CT","reqId":"ef26a3c8-2082-4e51-bd4f-1fb0198faa3a","req":{"method":"OPTIONS","url":"/v1/night-reports","host":"127.0.0.1:60639","remoteAddress":"127.0.0.1","remotePort":56262},"msg":"incoming request"}

[WebServer] {"level":30,"time":1785266787146,"pid":20840,"hostname":"DESKTOP-E0AA8CT","reqId":"ef26a3c8-2082-4e51-bd4f-1fb0198faa3a","res":{"statusCode":204},"responseTime":0.5068000000028405,"msg":"request completed"}
[WebServer] {"level":30,"time":1785266787147,"pid":20840,"hostname":"DESKTOP-E0AA8CT","reqId":"night-1785266787143-v7up3qhss3b","req":{"method":"POST","url":"/v1/night-reports","host":"127.0.0.1:60639","remoteAddress":"127.0.0.1","remotePort":56262},"msg":"incoming request"}





STARWARD_MOBILE_WEB_DIAGNOSTIC:{"authority":"diagnostic-only","native_proof":false,"report":"C:\\Dev\\Starward\\artifacts\\verification\\mobile-web-diagnostics\\tonight-decision-planning\\tonight-decision\\mobile-android-390-full\\planning\\report.json","viewer":"C:\\Dev\\Starward\\artifacts\\verification\\mobile-web-diagnostics\\tonight-decision-planning\\tonight-decision\\mobile-android-390-full\\planning\\index.html"}

  1 passed (1.1m)
