> Task :gradle-plugin:shared:checkKotlinGradlePluginConfigurationErrors SKIPPED
> Task :gradle-plugin:settings-plugin:checkKotlinGradlePluginConfigurationErrors SKIPPED
> Task :expo-gradle-plugin:expo-autolinking-plugin-shared:checkKotlinGradlePluginConfigurationErrors SKIPPED
> Task :expo-gradle-plugin:expo-autolinking-settings-plugin:checkKotlinGradlePluginConfigurationErrors SKIPPED
> Task :gradle-plugin:settings-plugin:pluginDescriptors UP-TO-DATE
> Task :expo-gradle-plugin:expo-autolinking-settings-plugin:pluginDescriptors UP-TO-DATE
> Task :expo-gradle-plugin:expo-autolinking-settings-plugin:processResources UP-TO-DATE
> Task :gradle-plugin:settings-plugin:processResources UP-TO-DATE
> Task :expo-gradle-plugin:expo-autolinking-plugin-shared:compileKotlin UP-TO-DATE
> Task :gradle-plugin:shared:compileKotlin UP-TO-DATE
> Task :gradle-plugin:shared:compileJava NO-SOURCE
> Task :expo-gradle-plugin:expo-autolinking-plugin-shared:compileJava NO-SOURCE
> Task :gradle-plugin:shared:processResources NO-SOURCE
> Task :gradle-plugin:shared:classes UP-TO-DATE
> Task :expo-gradle-plugin:expo-autolinking-plugin-shared:processResources NO-SOURCE
> Task :expo-gradle-plugin:expo-autolinking-plugin-shared:classes UP-TO-DATE
> Task :expo-gradle-plugin:expo-autolinking-plugin-shared:jar UP-TO-DATE
> Task :gradle-plugin:shared:jar UP-TO-DATE
> Task :gradle-plugin:settings-plugin:compileKotlin UP-TO-DATE
> Task :gradle-plugin:settings-plugin:compileJava NO-SOURCE
> Task :gradle-plugin:settings-plugin:classes UP-TO-DATE
> Task :gradle-plugin:settings-plugin:jar UP-TO-DATE
> Task :expo-gradle-plugin:expo-autolinking-settings-plugin:compileKotlin UP-TO-DATE
> Task :expo-gradle-plugin:expo-autolinking-settings-plugin:compileJava NO-SOURCE
> Task :expo-gradle-plugin:expo-autolinking-settings-plugin:classes UP-TO-DATE
> Task :expo-gradle-plugin:expo-autolinking-settings-plugin:jar UP-TO-DATE
> Task :expo-gradle-plugin:expo-autolinking-plugin:checkKotlinGradlePluginConfigurationErrors SKIPPED
> Task :expo-gradle-plugin:expo-max-sdk-override-plugin:checkKotlinGradlePluginConfigurationErrors SKIPPED
> Task :gradle-plugin:react-native-gradle-plugin:checkKotlinGradlePluginConfigurationErrors SKIPPED
> Task :expo-dev-launcher-gradle-plugin:checkKotlinGradlePluginConfigurationErrors SKIPPED
> Task :expo-module-gradle-plugin:checkKotlinGradlePluginConfigurationErrors SKIPPED
> Task :expo-gradle-plugin:expo-max-sdk-override-plugin:compileKotlin UP-TO-DATE
> Task :expo-dev-launcher-gradle-plugin:pluginDescriptors UP-TO-DATE
> Task :expo-module-gradle-plugin:pluginDescriptors UP-TO-DATE
> Task :expo-gradle-plugin:expo-max-sdk-override-plugin:compileJava NO-SOURCE
> Task :expo-dev-launcher-gradle-plugin:processResources UP-TO-DATE
> Task :expo-gradle-plugin:expo-max-sdk-override-plugin:pluginDescriptors UP-TO-DATE
> Task :expo-module-gradle-plugin:processResources UP-TO-DATE
> Task :expo-gradle-plugin:expo-autolinking-plugin:compileKotlin UP-TO-DATE
> Task :expo-gradle-plugin:expo-max-sdk-override-plugin:processResources UP-TO-DATE
> Task :expo-gradle-plugin:expo-max-sdk-override-plugin:classes UP-TO-DATE
> Task :expo-gradle-plugin:expo-autolinking-plugin:compileJava NO-SOURCE
> Task :expo-gradle-plugin:expo-autolinking-plugin:pluginDescriptors UP-TO-DATE
> Task :expo-gradle-plugin:expo-max-sdk-override-plugin:jar UP-TO-DATE
> Task :expo-gradle-plugin:expo-autolinking-plugin:processResources UP-TO-DATE
> Task :gradle-plugin:react-native-gradle-plugin:compileKotlin UP-TO-DATE
> Task :expo-gradle-plugin:expo-autolinking-plugin:classes UP-TO-DATE
> Task :gradle-plugin:react-native-gradle-plugin:compileJava NO-SOURCE
> Task :gradle-plugin:react-native-gradle-plugin:pluginDescriptors UP-TO-DATE
> Task :expo-gradle-plugin:expo-autolinking-plugin:jar UP-TO-DATE
> Task :gradle-plugin:react-native-gradle-plugin:processResources UP-TO-DATE
> Task :gradle-plugin:react-native-gradle-plugin:classes UP-TO-DATE
> Task :gradle-plugin:react-native-gradle-plugin:jar UP-TO-DATE
> Task :expo-dev-launcher-gradle-plugin:compileKotlin UP-TO-DATE
> Task :expo-dev-launcher-gradle-plugin:compileJava NO-SOURCE
> Task :expo-dev-launcher-gradle-plugin:classes UP-TO-DATE
> Task :expo-module-gradle-plugin:compileKotlin UP-TO-DATE
> Task :expo-module-gradle-plugin:compileJava NO-SOURCE
> Task :expo-module-gradle-plugin:classes UP-TO-DATE
> Task :expo-dev-launcher-gradle-plugin:jar UP-TO-DATE
> Task :expo-module-gradle-plugin:jar UP-TO-DATE

> Configure project :app
 ℹ️  [33mApplying gradle plugin[0m '[32mexpo-max-sdk-override-plugin[0m'
  [expo-max-sdk-override-plugin] This plugin will find all permissions declared with `android:maxSdkVersion`. If there exists a declaration with the `android:maxSdkVersion` annotation and another one without, the plugin will remove the annotation from the final merged manifest. In order to see a log with the changes run a clean build of the app.
 ℹ️  [33mApplying gradle plugin[0m '[32mexpo-dev-launcher-gradle-plugin[0m'

> Configure project :
[32m[ExpoRootProject][0m Using the following versions:
  - buildTools:  [32m36.0.0[0m
  - minSdk:      [32m24[0m
  - compileSdk:  [32m36[0m
  - targetSdk:   [32m36[0m
  - ndk:         [32m27.1.12297006[0m
  - kotlin:      [32m2.1.20[0m
  - ksp:         [32m2.1.20-2.0.1[0m

> Configure project :expo

Using expo modules
  - [32mexpo-log-box[0m (57.0.1)
  - [32mexpo-constants[0m (57.0.6)
  - [32mexpo-dev-client[0m (57.0.7)
  - [32mexpo-dev-launcher[0m (57.0.7)
  - [32mexpo-dev-menu[0m (57.0.7)
  - [32mexpo-dev-menu-interface[0m (57.0.0)
  - [32mexpo-json-utils[0m (57.0.1)
  - [32mexpo-manifests[0m (57.0.1)

> Configure project :expo-modules-core
Linking react-native-worklets native libs into expo-modules-core build tasks
task ':react-native-worklets:mergeDebugNativeLibs'
task ':react-native-worklets:mergeReleaseNativeLibs'

> Configure project :expo
  - [32mexpo-modules-core[0m (57.0.6)
  - [32mexpo-updates-interface[0m (57.0.1)
  - [32mstarward-design-evidence[0m (0.1.0)
  - [33m[📦][0m [32mexpo-dom-webview[0m (57.0.1)
  - [33m[📦][0m [32mexpo-ui[0m (57.0.7)
  - [33m[📦][0m [32mexpo-application[0m (57.0.2)
  - [33m[📦][0m [32mexpo-asset[0m (57.0.6)
  - [33m[📦][0m [32mexpo-crypto[0m (57.0.1)
  - [33m[📦][0m [32mexpo-file-system[0m (57.0.1)
  - [33m[📦][0m [32mexpo-font[0m (57.0.1)
  - [33m[📦][0m [32mexpo-haptics[0m (57.0.1)
  - [33m[📦][0m [32mexpo-keep-awake[0m (57.0.1)
  - [33m[📦][0m [32mexpo-linking[0m (57.0.3)
  - [33m[📦][0m [32mexpo-location[0m (57.0.5)
  - [33m[📦][0m [32mexpo-notifications[0m (57.0.6)
  - [33m[📦][0m [32mexpo-router[0m (57.0.7)
  - [33m[📦][0m [32mexpo-secure-store[0m (57.0.1)
  - [33m[📦][0m [32mexpo-sensors[0m (57.0.2)
  - [33m[📦][0m [32mexpo-splash-screen[0m (57.0.4)
  - [33m[📦][0m [32mexpo-sqlite[0m (57.0.1)
  - [33m[📦][0m [32mexpo-status-bar[0m (57.0.1)
  - [33m[📦][0m [32mexpo-system-ui[0m (57.0.1)


> Task :expo-dev-client:preBuild UP-TO-DATE
> Task :expo-log-box:preBuild UP-TO-DATE
> Task :expo-dev-menu:preBuild UP-TO-DATE
> Task :expo-dev-launcher:preBuild UP-TO-DATE
> Task :expo-json-utils:preBuild UP-TO-DATE
> Task :expo-modules-core:preBuild UP-TO-DATE
> Task :react-native-masked-view_masked-view:preBuild UP-TO-DATE
> Task :expo-dev-menu-interface:preBuild UP-TO-DATE
> Task :expo-manifests:preBuild UP-TO-DATE
> Task :expo-updates-interface:preBuild UP-TO-DATE
> Task :expo-dev-client:preReleaseBuild UP-TO-DATE
> Task :starward-design-evidence:preBuild UP-TO-DATE
> Task :expo-dev-launcher:preReleaseBuild UP-TO-DATE
> Task :expo:generatePackagesList
> Task :expo:preBuild
> Task :expo:preReleaseBuild
> Task :app:generateAutolinkingNewArchitectureFiles
> Task :app:generateAutolinkingPackageList
> Task :app:generateCodegenSchemaFromJavaScript SKIPPED
> Task :app:generateCodegenArtifactsFromSchema SKIPPED
> Task :app:generateReactNativeEntryPoint
> Task :expo-dev-menu:preReleaseBuild UP-TO-DATE
> Task :expo-dev-menu:mergeReleaseJniLibFolders
> Task :expo:mergeReleaseJniLibFolders
> Task :expo-dev-client:mergeReleaseJniLibFolders
> Task :expo-dev-menu:mergeReleaseNativeLibs NO-SOURCE
> Task :expo:mergeReleaseNativeLibs NO-SOURCE
> Task :expo-dev-client:mergeReleaseNativeLibs NO-SOURCE
> Task :expo-dev-launcher:mergeReleaseJniLibFolders
> Task :expo-dev-launcher:mergeReleaseNativeLibs NO-SOURCE
> Task :react-native-worklets:assertMinimalReactNativeVersionTask
> Task :expo-dev-menu:copyReleaseJniLibsProjectOnly
> Task :expo:copyReleaseJniLibsProjectOnly
> Task :expo-dev-client:copyReleaseJniLibsProjectOnly
> Task :expo-log-box:preReleaseBuild UP-TO-DATE
> Task :expo-dev-menu-interface:preReleaseBuild UP-TO-DATE
> Task :expo-json-utils:preReleaseBuild UP-TO-DATE
> Task :expo-dev-launcher:copyReleaseJniLibsProjectOnly
> Task :expo-manifests:preReleaseBuild UP-TO-DATE
> Task :react-native-reanimated:assertMinimalReactNativeVersionTask
> Task :expo-log-box:mergeReleaseJniLibFolders
> Task :expo-manifests:mergeReleaseJniLibFolders
> Task :expo-log-box:mergeReleaseNativeLibs NO-SOURCE
> Task :expo-manifests:mergeReleaseNativeLibs NO-SOURCE
> Task :expo-json-utils:mergeReleaseJniLibFolders
> Task :expo-manifests:copyReleaseJniLibsProjectOnly
> Task :expo-log-box:copyReleaseJniLibsProjectOnly
> Task :expo-modules-core:preReleaseBuild UP-TO-DATE
> Task :expo-updates-interface:preReleaseBuild UP-TO-DATE
> Task :expo-json-utils:mergeReleaseNativeLibs NO-SOURCE
> Task :expo-json-utils:copyReleaseJniLibsProjectOnly
> Task :react-native-masked-view_masked-view:preReleaseBuild UP-TO-DATE
> Task :expo-modules-core:mergeReleaseJniLibFolders
> Task :expo-dev-menu-interface:mergeReleaseJniLibFolders
> Task :expo-updates-interface:mergeReleaseJniLibFolders
> Task :starward-design-evidence:preReleaseBuild UP-TO-DATE
> Task :react-native-masked-view_masked-view:mergeReleaseJniLibFolders
> Task :expo-dev-menu-interface:mergeReleaseNativeLibs NO-SOURCE
> Task :expo-updates-interface:mergeReleaseNativeLibs NO-SOURCE
> Task :react-native-masked-view_masked-view:mergeReleaseNativeLibs NO-SOURCE
> Task :starward-design-evidence:mergeReleaseJniLibFolders
> Task :react-native-masked-view_masked-view:copyReleaseJniLibsProjectOnly
> Task :expo-updates-interface:copyReleaseJniLibsProjectOnly
> Task :expo-modules-core:checkKotlinGradlePluginConfigurationErrors SKIPPED
> Task :expo:checkKotlinGradlePluginConfigurationErrors SKIPPED
> Task :starward-design-evidence:mergeReleaseNativeLibs NO-SOURCE
> Task :starward-design-evidence:copyReleaseJniLibsProjectOnly
> Task :expo-dev-client:checkKotlinGradlePluginConfigurationErrors SKIPPED
> Task :expo-dev-menu-interface:copyReleaseJniLibsProjectOnly
> Task :expo-modules-core:generateReleaseBuildConfig
> Task :expo:generateReleaseBuildConfig
> Task :expo-dev-launcher:checkKotlinGradlePluginConfigurationErrors SKIPPED
> Task :expo:generateReleaseResValues
> Task :expo-modules-core:generateReleaseResValues
> Task :expo-modules-core:generateReleaseResources
> Task :expo:generateReleaseResources
> Task :expo-modules-core:packageReleaseResources
> Task :expo:packageReleaseResources
> Task :react-native-reanimated:assertWorkletsVersionTask
> Task :react-native-async-storage_async-storage:generateCodegenSchemaFromJavaScript
> Task :react-native-safe-area-context:generateCodegenSchemaFromJavaScript
> Task :react-native-gesture-handler:generateCodegenSchemaFromJavaScript
> Task :expo-constants:createExpoConfig
> Task :expo-constants:preBuild
> Task :expo-constants:preReleaseBuild
> Task :react-native-svg:generateCodegenSchemaFromJavaScript
> Task :react-native-worklets:generateCodegenSchemaFromJavaScript
> Task :react-native-screens:generateCodegenSchemaFromJavaScript
> Task :react-native-reanimated:generateCodegenSchemaFromJavaScript
> Task :react-native-gesture-handler:generateCodegenArtifactsFromSchema
> Task :react-native-gesture-handler:preBuild
> Task :react-native-gesture-handler:preReleaseBuild
> Task :react-native-safe-area-context:generateCodegenArtifactsFromSchema
> Task :react-native-safe-area-context:preBuild
> Task :react-native-safe-area-context:preReleaseBuild
> Task :react-native-async-storage_async-storage:generateCodegenArtifactsFromSchema
> Task :react-native-async-storage_async-storage:preBuild
> Task :react-native-async-storage_async-storage:preReleaseBuild
> Task :react-native-async-storage_async-storage:mergeReleaseJniLibFolders
> Task :react-native-async-storage_async-storage:mergeReleaseNativeLibs NO-SOURCE
> Task :react-native-worklets:generateCodegenArtifactsFromSchema
> Task :react-native-gesture-handler:mergeReleaseJniLibFolders
> Task :react-native-gesture-handler:checkKotlinGradlePluginConfigurationErrors SKIPPED
> Task :react-native-gesture-handler:generateReleaseBuildConfig
> Task :react-native-gesture-handler:generateReleaseResValues
> Task :react-native-gesture-handler:generateReleaseResources
> Task :react-native-gesture-handler:packageReleaseResources
> Task :react-native-safe-area-context:mergeReleaseJniLibFolders
> Task :react-native-safe-area-context:mergeReleaseNativeLibs NO-SOURCE
> Task :react-native-svg:generateCodegenArtifactsFromSchema
> Task :react-native-svg:preBuild
> Task :react-native-svg:preReleaseBuild
> Task :react-native-svg:mergeReleaseJniLibFolders
> Task :react-native-svg:mergeReleaseNativeLibs NO-SOURCE
> Task :react-native-svg:copyReleaseJniLibsProjectOnly
> Task :react-native-svg:generateReleaseBuildConfig
> Task :react-native-svg:generateReleaseResValues
> Task :react-native-safe-area-context:copyReleaseJniLibsProjectOnly
> Task :react-native-svg:generateReleaseResources
> Task :react-native-worklets:prepareWorkletsHeadersForPrefabs
> Task :react-native-worklets:preBuild
> Task :react-native-gesture-handler:parseReleaseLocalResources
> Task :react-native-worklets:preReleaseBuild
> Task :react-native-safe-area-context:checkKotlinGradlePluginConfigurationErrors SKIPPED
> Task :expo:parseReleaseLocalResources
> Task :react-native-svg:packageReleaseResources
> Task :react-native-async-storage_async-storage:copyReleaseJniLibsProjectOnly
> Task :react-native-safe-area-context:generateReleaseBuildConfig
> Task :react-native-safe-area-context:generateReleaseResValues
> Task :react-native-gesture-handler:javaPreCompileRelease
> Task :react-native-safe-area-context:generateReleaseResources
> Task :expo-modules-core:parseReleaseLocalResources
> Task :expo-constants:mergeReleaseJniLibFolders
> Task :react-native-svg:parseReleaseLocalResources
> Task :react-native-safe-area-context:packageReleaseResources
> Task :expo-constants:mergeReleaseNativeLibs NO-SOURCE
> Task :react-native-svg:javaPreCompileRelease
> Task :react-native-safe-area-context:parseReleaseLocalResources
> Task :expo-dev-client:dataBindingMergeDependencyArtifactsRelease
> Task :expo-constants:checkKotlinGradlePluginConfigurationErrors SKIPPED
> Task :expo-constants:copyReleaseJniLibsProjectOnly
> Task :expo-constants:generateReleaseBuildConfig
> Task :expo-constants:generateReleaseResValues
> Task :expo-modules-core:javaPreCompileRelease
> Task :react-native-screens:generateCodegenArtifactsFromSchema
> Task :react-native-screens:preBuild
> Task :react-native-screens:preReleaseBuild
> Task :expo-dev-client:generateReleaseResValues
> Task :react-native-gesture-handler:generateReleaseRFile
> Task :react-native-svg:generateReleaseRFile
> Task :react-native-safe-area-context:generateReleaseRFile
> Task :expo-dev-menu:checkKotlinGradlePluginConfigurationErrors SKIPPED
> Task :expo-modules-core:generateReleaseRFile
> Task :expo-dev-menu-interface:checkKotlinGradlePluginConfigurationErrors SKIPPED
> Task :expo:generateReleaseRFile
> Task :expo-json-utils:checkKotlinGradlePluginConfigurationErrors SKIPPED
> Task :expo-constants:generateReleaseResources
> Task :expo-dev-menu-interface:generateReleaseBuildConfig
> Task :expo-dev-menu:generateReleaseBuildConfig
> Task :react-native-reanimated:generateCodegenArtifactsFromSchema
> Task :expo-json-utils:generateReleaseBuildConfig
> Task :expo-dev-client:generateReleaseResources
> Task :expo-dev-menu-interface:generateReleaseResValues
> Task :expo-json-utils:generateReleaseResValues
> Task :expo-dev-menu:generateReleaseResValues
> Task :expo-constants:packageReleaseResources
> Task :react-native-safe-area-context:javaPreCompileRelease
> Task :expo-constants:parseReleaseLocalResources
> Task :expo-json-utils:generateReleaseResources
> Task :expo-dev-menu:generateReleaseResources
> Task :expo-dev-client:packageReleaseResources
> Task :expo-json-utils:packageReleaseResources
> Task :expo-dev-menu-interface:generateReleaseResources
> Task :expo-dev-client:generateReleaseBuildConfig
> Task :react-native-reanimated:prepareReanimatedHeadersForPrefabs
> Task :react-native-reanimated:preBuild
> Task :app:preBuild
> Task :app:preReleaseBuild
> Task :react-native-reanimated:preReleaseBuild
> Task :app:mergeReleaseJniLibFolders
> Task :expo-dev-client:parseReleaseLocalResources
> Task :expo-dev-client:javaPreCompileRelease
> Task :expo-dev-menu-interface:packageReleaseResources
> Task :expo-dev-menu-interface:parseReleaseLocalResources
> Task :expo-constants:javaPreCompileRelease
> Task :react-native-reanimated:mergeReleaseJniLibFolders
> Task :react-native-reanimated:checkKotlinGradlePluginConfigurationErrors SKIPPED
> Task :expo-json-utils:parseReleaseLocalResources
> Task :expo-log-box:checkKotlinGradlePluginConfigurationErrors SKIPPED
> Task :expo-constants:generateReleaseRFile
> Task :react-native-reanimated:generateReleaseBuildConfig
> Task :expo-dev-menu:packageReleaseResources
> Task :expo-log-box:generateReleaseBuildConfig
> Task :react-native-reanimated:generateReleaseResValues
> Task :expo-dev-menu-interface:javaPreCompileRelease
> Task :react-native-reanimated:generateReleaseResources
> Task :expo-json-utils:javaPreCompileRelease
> Task :expo-log-box:generateReleaseResValues
> Task :react-native-reanimated:packageReleaseResources
> Task :expo-json-utils:generateReleaseRFile
> Task :expo-log-box:generateReleaseResources
> Task :expo-dev-menu:javaPreCompileRelease
> Task :expo-manifests:checkKotlinGradlePluginConfigurationErrors SKIPPED
> Task :expo-manifests:generateReleaseBuildConfig
> Task :expo-manifests:generateReleaseResValues
> Task :expo-log-box:packageReleaseResources
> Task :expo-dev-menu:parseReleaseLocalResources
> Task :expo-manifests:generateReleaseResources
> Task :expo-dev-client:dataBindingGenBaseClassesRelease
> Task :expo-dev-menu:generateReleaseRFile
> Task :expo-manifests:packageReleaseResources
> Task :expo-log-box:javaPreCompileRelease
> Task :expo-updates-interface:checkKotlinGradlePluginConfigurationErrors SKIPPED
> Task :expo-updates-interface:generateReleaseBuildConfig
> Task :expo-dev-client:generateReleaseRFile
> Task :expo-manifests:parseReleaseLocalResources
> Task :react-native-reanimated:javaPreCompileRelease
> Task :starward-design-evidence:checkKotlinGradlePluginConfigurationErrors SKIPPED
> Task :expo-updates-interface:generateReleaseResValues
> Task :expo-dev-menu-interface:generateReleaseRFile
> Task :react-native-reanimated:parseReleaseLocalResources
> Task :expo-log-box:parseReleaseLocalResources
> Task :expo-updates-interface:generateReleaseResources
> Task :expo-manifests:javaPreCompileRelease
> Task :starward-design-evidence:generateReleaseBuildConfig
> Task :expo:javaPreCompileRelease
> Task :expo-updates-interface:packageReleaseResources
> Task :starward-design-evidence:generateReleaseResValues
> Task :expo-manifests:generateReleaseRFile
> Task :expo-updates-interface:parseReleaseLocalResources
> Task :react-native-masked-view_masked-view:generateReleaseBuildConfig
> Task :react-native-masked-view_masked-view:generateReleaseResValues
> Task :starward-design-evidence:generateReleaseResources
> Task :react-native-async-storage_async-storage:generateReleaseBuildConfig
> Task :react-native-masked-view_masked-view:generateReleaseResources
> Task :react-native-async-storage_async-storage:generateReleaseResValues
> Task :react-native-masked-view_masked-view:packageReleaseResources
> Task :starward-design-evidence:packageReleaseResources
> Task :expo-updates-interface:javaPreCompileRelease
> Task :react-native-async-storage_async-storage:generateReleaseResources
> Task :starward-design-evidence:parseReleaseLocalResources
> Task :react-native-async-storage_async-storage:packageReleaseResources
> Task :expo-dev-launcher:generateReleaseResValues
> Task :expo-dev-launcher:generateReleaseResources
> Task :expo-dev-launcher:packageReleaseResources
> Task :react-native-reanimated:generateReleaseRFile
> Task :expo-dev-launcher:generateReleaseBuildConfig
> Task :starward-design-evidence:generateReleaseRFile
> Task :expo-dev-launcher:dataBindingMergeDependencyArtifactsRelease
> Task :expo-dev-launcher:parseReleaseLocalResources
> Task :react-native-masked-view_masked-view:parseReleaseLocalResources
> Task :expo-dev-launcher:javaPreCompileRelease
> Task :react-native-async-storage_async-storage:parseReleaseLocalResources
> Task :expo-updates-interface:generateReleaseRFile
> Task :react-native-masked-view_masked-view:generateReleaseRFile
> Task :expo:writeReleaseAarMetadata
> Task :starward-design-evidence:javaPreCompileRelease
> Task :expo-constants:writeReleaseAarMetadata
> Task :react-native-async-storage_async-storage:javaPreCompileRelease
> Task :react-native-async-storage_async-storage:generateReleaseRFile
> Task :expo-dev-menu-interface:writeReleaseAarMetadata
> Task :expo-log-box:generateReleaseRFile
> Task :expo-dev-client:writeReleaseAarMetadata
> Task :expo-json-utils:writeReleaseAarMetadata
> Task :react-native-masked-view_masked-view:javaPreCompileRelease
> Task :expo-manifests:writeReleaseAarMetadata
> Task :expo-log-box:writeReleaseAarMetadata
> Task :expo-dev-menu:writeReleaseAarMetadata
> Task :expo-modules-core:writeReleaseAarMetadata
> Task :expo-updates-interface:writeReleaseAarMetadata
> Task :react-native-gesture-handler:writeReleaseAarMetadata
> Task :expo:extractDeepLinksRelease
> Task :app:buildKotlinToolingMetadata
> Task :app:checkKotlinGradlePluginConfigurationErrors SKIPPED
> Task :app:generateReleaseBuildConfig
> Task :starward-design-evidence:writeReleaseAarMetadata
> Task :react-native-reanimated:writeReleaseAarMetadata
> Task :expo-constants:extractDeepLinksRelease
> Task :react-native-safe-area-context:writeReleaseAarMetadata
> Task :expo-dev-client:extractDeepLinksRelease
> Task :app:checkReleaseDuplicateClasses
> Task :expo-dev-menu:extractDeepLinksRelease
> Task :expo-dev-launcher:dataBindingGenBaseClassesRelease
> Task :expo-dev-menu:processReleaseManifest
> Task :expo-dev-client:processReleaseManifest
> Task :expo:processReleaseManifest
> Task :expo-constants:processReleaseManifest
> Task :expo-dev-launcher:generateReleaseRFile

> Task :react-native-masked-view_masked-view:compileReleaseJavaWithJavac
注: E:\dev\Starward\node_modules\@react-native-masked-view\masked-view\android\src\main\java\org\reactnative\maskedview\RNCMaskedViewPackage.java使用或覆盖了已过时的 API。
注: 有关详细信息, 请使用 -Xlint:deprecation 重新编译。

> Task :expo-log-box:extractDeepLinksRelease
> Task :expo-dev-menu-interface:extractDeepLinksRelease
> Task :expo-manifests:extractDeepLinksRelease
> Task :expo-dev-launcher:extractDeepLinksRelease
> Task :expo-json-utils:extractDeepLinksRelease
> Task :expo-dev-menu-interface:processReleaseManifest
> Task :expo-log-box:processReleaseManifest
> Task :expo-dev-launcher:writeReleaseAarMetadata
> Task :expo-modules-core:extractDeepLinksRelease
> Task :expo-manifests:processReleaseManifest
> Task :react-native-gesture-handler:extractDeepLinksRelease
> Task :expo-json-utils:processReleaseManifest
> Task :react-native-reanimated:extractDeepLinksRelease
> Task :expo-updates-interface:extractDeepLinksRelease
> Task :expo-dev-launcher:processReleaseManifest
> Task :react-native-safe-area-context:extractDeepLinksRelease
> Task :react-native-reanimated:processReleaseManifest
> Task :starward-design-evidence:extractDeepLinksRelease
> Task :starward-design-evidence:processReleaseManifest

> Task :react-native-safe-area-context:processReleaseManifest
package="com.th3rdwave.safeareacontext" found in source AndroidManifest.xml: E:\dev\Starward\node_modules\react-native-safe-area-context\android\src\main\AndroidManifest.xml.
Setting the namespace via the package attribute in the source AndroidManifest.xml is no longer supported, and the value is ignored.
Recommendation: remove package="com.th3rdwave.safeareacontext" from the source AndroidManifest.xml: E:\dev\Starward\node_modules\react-native-safe-area-context\android\src\main\AndroidManifest.xml.

> Task :react-native-gesture-handler:processReleaseManifest

> Task :expo-modules-core:processReleaseManifest
E:\dev\Starward\node_modules\expo-modules-core\android\src\main\AndroidManifest.xml:8:9-11:45 Warning:
	meta-data#com.facebook.soloader.enabled@android:value was tagged at AndroidManifest.xml:8 to replace other declarations but no other declaration present

> Task :expo-updates-interface:processReleaseManifest

> Task :react-native-async-storage_async-storage:compileReleaseJavaWithJavac
注: 某些输入文件使用或覆盖了已过时的 API。
注: 有关详细信息, 请使用 -Xlint:deprecation 重新编译。
注: E:\dev\Starward\node_modules\@react-native-async-storage\async-storage\android\src\javaPackage\java\com\reactnativecommunity\asyncstorage\AsyncStoragePackage.java使用了未经检查或不安全的操作。
注: 有关详细信息, 请使用 -Xlint:unchecked 重新编译。

> Task :react-native-masked-view_masked-view:bundleLibRuntimeToDirRelease
> Task :expo-dev-menu:compileReleaseLibraryResources
> Task :expo-constants:compileReleaseLibraryResources
> Task :expo-dev-launcher:compileReleaseLibraryResources
> Task :expo-dev-client:compileReleaseLibraryResources
> Task :expo:compileReleaseLibraryResources
> Task :expo-dev-menu-interface:compileReleaseLibraryResources
> Task :expo-log-box:compileReleaseLibraryResources
> Task :expo-modules-core:compileReleaseLibraryResources
> Task :expo-manifests:compileReleaseLibraryResources
> Task :react-native-masked-view_masked-view:writeReleaseAarMetadata
> Task :react-native-gesture-handler:compileReleaseLibraryResources
> Task :expo-json-utils:compileReleaseLibraryResources
> Task :expo-updates-interface:compileReleaseLibraryResources
> Task :react-native-safe-area-context:compileReleaseLibraryResources
> Task :starward-design-evidence:compileReleaseLibraryResources
> Task :expo:prepareReleaseArtProfile
> Task :react-native-reanimated:compileReleaseLibraryResources
> Task :expo-dev-launcher:prepareReleaseArtProfile
> Task :expo-constants:prepareReleaseArtProfile
> Task :expo-dev-client:prepareReleaseArtProfile
> Task :expo-dev-menu:prepareReleaseArtProfile
> Task :expo-dev-menu-interface:prepareReleaseArtProfile
> Task :expo-json-utils:prepareReleaseArtProfile
> Task :expo-log-box:prepareReleaseArtProfile
> Task :react-native-masked-view_masked-view:extractDeepLinksRelease
> Task :expo-updates-interface:prepareReleaseArtProfile
> Task :expo-modules-core:prepareReleaseArtProfile
> Task :react-native-reanimated:prepareReleaseArtProfile
> Task :starward-design-evidence:prepareReleaseArtProfile
> Task :react-native-safe-area-context:prepareReleaseArtProfile
> Task :expo-manifests:prepareReleaseArtProfile
> Task :react-native-gesture-handler:prepareReleaseArtProfile
> Task :expo:mergeReleaseShaders
> Task :expo-dev-launcher:mergeReleaseShaders
> Task :expo-constants:mergeReleaseShaders
> Task :expo-dev-client:mergeReleaseShaders
> Task :expo-dev-launcher:compileReleaseShaders NO-SOURCE
> Task :expo-dev-launcher:generateReleaseAssets UP-TO-DATE
> Task :expo:compileReleaseShaders NO-SOURCE
> Task :expo:generateReleaseAssets UP-TO-DATE
> Task :expo-constants:compileReleaseShaders NO-SOURCE
> Task :expo-constants:generateReleaseAssets UP-TO-DATE
> Task :expo-dev-client:compileReleaseShaders NO-SOURCE
> Task :expo-dev-client:generateReleaseAssets UP-TO-DATE
> Task :expo-dev-launcher:mergeReleaseAssets
> Task :expo:mergeReleaseAssets
> Task :expo-dev-client:mergeReleaseAssets
> Task :expo-dev-menu-interface:mergeReleaseShaders
> Task :react-native-masked-view_masked-view:compileReleaseLibraryResources
> Task :expo-dev-menu:mergeReleaseShaders
> Task :react-native-masked-view_masked-view:processReleaseManifest
> Task :expo-constants:mergeReleaseAssets
> Task :expo-dev-menu-interface:compileReleaseShaders NO-SOURCE
> Task :expo-dev-menu-interface:generateReleaseAssets UP-TO-DATE
> Task :expo-dev-menu:compileReleaseShaders NO-SOURCE
> Task :expo-dev-menu:generateReleaseAssets UP-TO-DATE
> Task :expo-log-box:mergeReleaseShaders
> Task :expo-dev-menu-interface:mergeReleaseAssets
> Task :expo-dev-menu:mergeReleaseAssets
> Task :expo-log-box:compileReleaseShaders NO-SOURCE
> Task :expo-log-box:generateReleaseAssets UP-TO-DATE
> Task :react-native-masked-view_masked-view:prepareReleaseArtProfile
> Task :expo-json-utils:mergeReleaseShaders
> Task :expo-json-utils:compileReleaseShaders NO-SOURCE
> Task :expo-json-utils:generateReleaseAssets UP-TO-DATE
> Task :expo-manifests:mergeReleaseShaders
> Task :expo-log-box:mergeReleaseAssets
> Task :expo-manifests:compileReleaseShaders NO-SOURCE
> Task :expo-manifests:generateReleaseAssets UP-TO-DATE
> Task :react-native-masked-view_masked-view:bundleLibRuntimeToJarRelease
> Task :expo-json-utils:mergeReleaseAssets
> Task :react-native-async-storage_async-storage:writeReleaseAarMetadata
> Task :expo-modules-core:mergeReleaseShaders
> Task :expo-modules-core:compileReleaseShaders NO-SOURCE
> Task :expo-modules-core:generateReleaseAssets UP-TO-DATE
> Task :react-native-masked-view_masked-view:bundleLibCompileToJarRelease
> Task :expo-manifests:mergeReleaseAssets
> Task :react-native-async-storage_async-storage:extractDeepLinksRelease
> Task :expo-modules-core:mergeReleaseAssets
> Task :expo-updates-interface:mergeReleaseShaders
> Task :expo-updates-interface:compileReleaseShaders NO-SOURCE
> Task :expo-updates-interface:generateReleaseAssets UP-TO-DATE
> Task :react-native-gesture-handler:mergeReleaseShaders
> Task :expo-updates-interface:mergeReleaseAssets
> Task :react-native-gesture-handler:compileReleaseShaders NO-SOURCE
> Task :react-native-gesture-handler:generateReleaseAssets UP-TO-DATE
> Task :react-native-masked-view_masked-view:mergeReleaseShaders
> Task :react-native-masked-view_masked-view:compileReleaseShaders NO-SOURCE
> Task :react-native-masked-view_masked-view:generateReleaseAssets UP-TO-DATE
> Task :react-native-gesture-handler:mergeReleaseAssets

> Task :react-native-async-storage_async-storage:processReleaseManifest
package="com.reactnativecommunity.asyncstorage" found in source AndroidManifest.xml: E:\dev\Starward\node_modules\@react-native-async-storage\async-storage\android\src\main\AndroidManifest.xml.
Setting the namespace via the package attribute in the source AndroidManifest.xml is no longer supported, and the value is ignored.
Recommendation: remove package="com.reactnativecommunity.asyncstorage" from the source AndroidManifest.xml: E:\dev\Starward\node_modules\@react-native-async-storage\async-storage\android\src\main\AndroidManifest.xml.

> Task :react-native-async-storage_async-storage:compileReleaseLibraryResources
> Task :react-native-masked-view_masked-view:mergeReleaseAssets
> Task :react-native-reanimated:mergeReleaseShaders
> Task :react-native-reanimated:compileReleaseShaders NO-SOURCE
> Task :react-native-reanimated:generateReleaseAssets UP-TO-DATE
> Task :react-native-safe-area-context:mergeReleaseShaders
> Task :starward-design-evidence:mergeReleaseShaders
> Task :react-native-reanimated:mergeReleaseAssets
> Task :starward-design-evidence:compileReleaseShaders NO-SOURCE
> Task :starward-design-evidence:generateReleaseAssets UP-TO-DATE
> Task :react-native-safe-area-context:compileReleaseShaders NO-SOURCE
> Task :react-native-safe-area-context:generateReleaseAssets UP-TO-DATE
> Task :react-native-async-storage_async-storage:bundleLibCompileToJarRelease
> Task :react-native-async-storage_async-storage:prepareReleaseArtProfile
> Task :starward-design-evidence:mergeReleaseAssets
> Task :react-native-safe-area-context:mergeReleaseAssets
> Task :react-native-async-storage_async-storage:bundleLibRuntimeToJarRelease
> Task :expo-constants:extractProguardFiles
> Task :react-native-async-storage_async-storage:bundleLibRuntimeToDirRelease
> Task :expo:extractProguardFiles
> Task :expo-modules-core:extractProguardFiles
> Task :react-native-async-storage_async-storage:mergeReleaseShaders
> Task :expo-dev-client:extractProguardFiles
> Task :expo-constants:prepareLintJarForPublish
> Task :expo-modules-core:prepareLintJarForPublish
> Task :react-native-async-storage_async-storage:compileReleaseShaders NO-SOURCE
> Task :react-native-async-storage_async-storage:generateReleaseAssets UP-TO-DATE
> Task :expo-dev-launcher:extractProguardFiles
> Task :expo-dev-client:prepareLintJarForPublish
> Task :expo-dev-launcher:prepareLintJarForPublish
> Task :expo-dev-menu:extractProguardFiles
> Task :react-native-async-storage_async-storage:mergeReleaseAssets
> Task :expo-dev-menu:prepareLintJarForPublish
> Task :expo-dev-menu-interface:extractProguardFiles
> Task :expo-json-utils:extractProguardFiles
> Task :expo-json-utils:prepareLintJarForPublish
> Task :expo-dev-menu-interface:prepareLintJarForPublish
> Task :expo-log-box:extractProguardFiles
> Task :expo-log-box:prepareLintJarForPublish
> Task :expo-manifests:extractProguardFiles
> Task :expo-manifests:prepareLintJarForPublish
> Task :expo:prepareLintJarForPublish
> Task :react-native-async-storage_async-storage:processReleaseJavaRes NO-SOURCE
> Task :expo-updates-interface:extractProguardFiles
> Task :starward-design-evidence:extractProguardFiles
> Task :react-native-async-storage_async-storage:createFullJarRelease
> Task :starward-design-evidence:prepareLintJarForPublish
> Task :expo-updates-interface:prepareLintJarForPublish
> Task :react-native-async-storage_async-storage:extractProguardFiles
> Task :react-native-gesture-handler:extractProguardFiles
> Task :react-native-gesture-handler:prepareLintJarForPublish
> Task :react-native-reanimated:extractProguardFiles
> Task :react-native-masked-view_masked-view:processReleaseJavaRes NO-SOURCE
> Task :react-native-reanimated:prepareLintJarForPublish
> Task :react-native-masked-view_masked-view:createFullJarRelease
> Task :react-native-masked-view_masked-view:extractProguardFiles
> Task :react-native-safe-area-context:extractProguardFiles
> Task :react-native-safe-area-context:prepareLintJarForPublish
> Task :react-native-gesture-handler:extractDeepLinksForAarRelease
> Task :react-native-reanimated:extractDeepLinksForAarRelease
> Task :react-native-safe-area-context:stripReleaseDebugSymbols NO-SOURCE
> Task :react-native-safe-area-context:copyReleaseJniLibsProjectAndLocalJars
> Task :react-native-safe-area-context:extractDeepLinksForAarRelease
> Task :expo:stripReleaseDebugSymbols NO-SOURCE
> Task :expo:copyReleaseJniLibsProjectAndLocalJars
> Task :expo:extractDeepLinksForAarRelease
> Task :expo-modules-core:extractDeepLinksForAarRelease
> Task :expo-log-box:stripReleaseDebugSymbols NO-SOURCE
> Task :expo-log-box:copyReleaseJniLibsProjectAndLocalJars
> Task :expo-log-box:extractDeepLinksForAarRelease
> Task :expo-dev-launcher:stripReleaseDebugSymbols NO-SOURCE
> Task :expo-dev-launcher:copyReleaseJniLibsProjectAndLocalJars
> Task :expo-dev-launcher:extractDeepLinksForAarRelease
> Task :expo-dev-menu-interface:stripReleaseDebugSymbols NO-SOURCE
> Task :expo-dev-menu-interface:copyReleaseJniLibsProjectAndLocalJars
> Task :expo-dev-menu-interface:extractDeepLinksForAarRelease
> Task :expo-constants:stripReleaseDebugSymbols NO-SOURCE

> Task :react-native-safe-area-context:compileReleaseKotlin
w: file:///E:/dev/Starward/node_modules/react-native-safe-area-context/android/src/main/java/com/th3rdwave/safeareacontext/SafeAreaProviderManager.kt:39:19 'fun getEventDispatcherForReactTag(context: ReactContext, reactTag: Int): EventDispatcher?' is deprecated. reactTag is no longer needed.
w: file:///E:/dev/Starward/node_modules/react-native-safe-area-context/android/src/main/java/com/th3rdwave/safeareacontext/SafeAreaView.kt:9:8 'class UIManagerModule : ReactContextBaseJavaModule, LifecycleEventListener, UIManager' is deprecated. Deprecated in Java.
w: file:///E:/dev/Starward/node_modules/react-native-safe-area-context/android/src/main/java/com/th3rdwave/safeareacontext/SafeAreaView.kt:50:54 'class UIManagerModule : ReactContextBaseJavaModule, LifecycleEventListener, UIManager' is deprecated. Deprecated in Java.
w: file:///E:/dev/Starward/node_modules/react-native-safe-area-context/android/src/main/java/com/th3rdwave/safeareacontext/SafeAreaView.kt:59:23 'val uiImplementation: UIImplementation!' is deprecated. Deprecated in Java.
w: file:///E:/dev/Starward/node_modules/react-native-safe-area-context/android/src/main/java/com/th3rdwave/safeareacontext/SafeAreaViewShadowNode.kt:9:32 'class LayoutShadowNode : ReactShadowNodeImpl' is deprecated. This class is part of Legacy Architecture and will be removed in a future release.
w: file:///E:/dev/Starward/node_modules/react-native-safe-area-context/android/src/main/java/com/th3rdwave/safeareacontext/SafeAreaViewShadowNode.kt:110:61 'class NativeViewHierarchyOptimizer : Any' is deprecated. This class is part of Legacy Architecture and will be removed in a future release.

> Task :expo-constants:copyReleaseJniLibsProjectAndLocalJars
> Task :expo-constants:extractDeepLinksForAarRelease
> Task :expo-dev-client:stripReleaseDebugSymbols NO-SOURCE
> Task :expo-dev-client:copyReleaseJniLibsProjectAndLocalJars
> Task :expo-dev-client:extractDeepLinksForAarRelease
> Task :expo-dev-menu:stripReleaseDebugSymbols NO-SOURCE
> Task :expo-dev-menu:copyReleaseJniLibsProjectAndLocalJars
> Task :expo-dev-menu:extractDeepLinksForAarRelease
> Task :expo-manifests:stripReleaseDebugSymbols NO-SOURCE
> Task :expo-manifests:copyReleaseJniLibsProjectAndLocalJars
> Task :expo-manifests:extractDeepLinksForAarRelease
> Task :expo-json-utils:stripReleaseDebugSymbols NO-SOURCE
> Task :expo-json-utils:copyReleaseJniLibsProjectAndLocalJars
> Task :expo-json-utils:extractDeepLinksForAarRelease
> Task :expo-updates-interface:stripReleaseDebugSymbols NO-SOURCE
> Task :expo-updates-interface:copyReleaseJniLibsProjectAndLocalJars
> Task :expo-updates-interface:extractDeepLinksForAarRelease
> Task :starward-design-evidence:stripReleaseDebugSymbols NO-SOURCE
> Task :starward-design-evidence:copyReleaseJniLibsProjectAndLocalJars
> Task :starward-design-evidence:extractDeepLinksForAarRelease
> Task :expo-constants:writeReleaseLintModelMetadata
> Task :expo-dev-client:writeReleaseLintModelMetadata
> Task :expo-dev-launcher:writeReleaseLintModelMetadata
> Task :expo-dev-menu:writeReleaseLintModelMetadata
> Task :expo-dev-menu-interface:writeReleaseLintModelMetadata
> Task :expo-json-utils:writeReleaseLintModelMetadata
> Task :expo-log-box:writeReleaseLintModelMetadata
> Task :expo-manifests:writeReleaseLintModelMetadata
> Task :expo-modules-core:writeReleaseLintModelMetadata
> Task :expo-updates-interface:writeReleaseLintModelMetadata
> Task :starward-design-evidence:writeReleaseLintModelMetadata
> Task :expo:writeReleaseLintModelMetadata
> Task :react-native-reanimated:writeReleaseLintModelMetadata

> Task :react-native-svg:compileReleaseJavaWithJavac
注: 某些输入文件使用或覆盖了已过时的 API。
注: 有关详细信息, 请使用 -Xlint:deprecation 重新编译。
注: 某些输入文件使用了未经检查或不安全的操作。
注: 有关详细信息, 请使用 -Xlint:unchecked 重新编译。

> Task :react-native-gesture-handler:writeReleaseLintModelMetadata
> Task :react-native-svg:bundleLibCompileToJarRelease
> Task :react-native-svg:writeReleaseAarMetadata
> Task :react-native-svg:extractDeepLinksRelease
> Task :react-native-svg:processReleaseManifest
> Task :react-native-svg:compileReleaseLibraryResources
> Task :react-native-svg:prepareReleaseArtProfile
> Task :react-native-svg:bundleLibRuntimeToJarRelease
> Task :react-native-masked-view_masked-view:generateReleaseLintModel
> Task :react-native-async-storage_async-storage:generateReleaseLintModel
> Task :react-native-async-storage_async-storage:prepareLintJarForPublish
> Task :react-native-masked-view_masked-view:prepareLintJarForPublish
> Task :react-native-svg:mergeReleaseShaders
> Task :react-native-async-storage_async-storage:stripReleaseDebugSymbols NO-SOURCE
> Task :react-native-svg:compileReleaseShaders NO-SOURCE
> Task :react-native-svg:generateReleaseAssets UP-TO-DATE
> Task :react-native-async-storage_async-storage:copyReleaseJniLibsProjectAndLocalJars
> Task :react-native-svg:mergeReleaseAssets
> Task :react-native-async-storage_async-storage:extractDeepLinksForAarRelease
> Task :react-native-svg:processReleaseJavaRes NO-SOURCE
> Task :react-native-svg:createFullJarRelease
> Task :react-native-svg:extractProguardFiles
> Task :react-native-async-storage_async-storage:extractReleaseAnnotations
> Task :react-native-async-storage_async-storage:mergeReleaseGeneratedProguardFiles
> Task :react-native-async-storage_async-storage:mergeReleaseConsumerProguardFiles
> Task :react-native-svg:generateReleaseLintModel
> Task :react-native-svg:prepareLintJarForPublish
> Task :react-native-svg:stripReleaseDebugSymbols NO-SOURCE
> Task :react-native-svg:copyReleaseJniLibsProjectAndLocalJars
> Task :react-native-svg:extractDeepLinksForAarRelease
> Task :react-native-svg:extractReleaseAnnotations
> Task :react-native-svg:mergeReleaseGeneratedProguardFiles
> Task :react-native-svg:mergeReleaseConsumerProguardFiles
> Task :react-native-svg:mergeReleaseJavaResource
> Task :react-native-async-storage_async-storage:mergeReleaseJavaResource
> Task :react-native-async-storage_async-storage:syncReleaseLibJars
> Task :react-native-async-storage_async-storage:bundleReleaseLocalLintAar
> Task :react-native-svg:syncReleaseLibJars
> Task :react-native-svg:bundleReleaseLocalLintAar
> Task :react-native-masked-view_masked-view:stripReleaseDebugSymbols NO-SOURCE
> Task :react-native-masked-view_masked-view:copyReleaseJniLibsProjectAndLocalJars
> Task :react-native-masked-view_masked-view:extractDeepLinksForAarRelease
> Task :react-native-masked-view_masked-view:extractReleaseAnnotations
> Task :react-native-masked-view_masked-view:mergeReleaseGeneratedProguardFiles
> Task :react-native-masked-view_masked-view:mergeReleaseConsumerProguardFiles
> Task :react-native-masked-view_masked-view:mergeReleaseJavaResource
> Task :react-native-masked-view_masked-view:syncReleaseLibJars
> Task :react-native-masked-view_masked-view:bundleReleaseLocalLintAar
> Task :react-native-async-storage_async-storage:writeReleaseLintModelMetadata
> Task :react-native-svg:writeReleaseLintModelMetadata
> Task :react-native-masked-view_masked-view:writeReleaseLintModelMetadata
> Task :react-native-async-storage_async-storage:generateReleaseLintVitalModel
> Task :react-native-svg:bundleLibRuntimeToDirRelease
> Task :react-native-masked-view_masked-view:generateReleaseLintVitalModel
> Task :react-native-svg:generateReleaseLintVitalModel

> Task :app:createBundleReleaseJsAndAssets
Expo Autolinking module resolution enabled

> Task :react-native-worklets:configureCMakeRelWithDebInfo[x86_64]
> Task :react-native-screens:configureCMakeRelWithDebInfo[x86_64]

> Task :app:createBundleReleaseJsAndAssets
Starting Metro Bundler

warning: Bundler cache is empty, rebuilding (this may take a minute)

> Task :react-native-svg:lintVitalAnalyzeRelease

> Task :app:createBundleReleaseJsAndAssets
| (node:31044) Warning: The 'NO_COLOR' env is ignored due to the 'FORCE_COLOR' env being set.
| (Use `node --trace-warnings ...` to show where the warning was created)
| (node:31044) Warning: The 'NO_COLOR' env is ignored due to the 'FORCE_COLOR' env being set.
| (Use `node --trace-warnings ...` to show where the warning was created)
| (node:31044) Warning: The 'NO_COLOR' env is ignored due to the 'FORCE_COLOR' env being set.
| (Use `node --trace-warnings ...` to show where the warning was created)
| (node:31044) Warning: The 'NO_COLOR' env is ignored due to the 'FORCE_COLOR' env being set.
| (Use `node --trace-warnings ...` to show where the warning was created)
| (node:31044) Warning: The 'NO_COLOR' env is ignored due to the 'FORCE_COLOR' env being set.
| (Use `node --trace-warnings ...` to show where the warning was created)

> Task :react-native-safe-area-context:compileReleaseJavaWithJavac
> Task :react-native-masked-view_masked-view:lintVitalAnalyzeRelease

> Task :app:createBundleReleaseJsAndAssets
| (node:31044) Warning: The 'NO_COLOR' env is ignored due to the 'FORCE_COLOR' env being set.
| (Use `node --trace-warnings ...` to show where the warning was created)
| (node:31044) Warning: The 'NO_COLOR' env is ignored due to the 'FORCE_COLOR' env being set.
| (Use `node --trace-warnings ...` to show where the warning was created)
| (node:31044) Warning: The 'NO_COLOR' env is ignored due to the 'FORCE_COLOR' env being set.
| (Use `node --trace-warnings ...` to show where the warning was created)

> Task :react-native-async-storage_async-storage:lintVitalAnalyzeRelease
> Task :react-native-screens:buildCMakeRelWithDebInfo[x86_64]
> Task :react-native-worklets:buildCMakeRelWithDebInfo[x86_64][worklets]
