INFO         | Android emulator version 36.6.11.0 (build_id 15507667) (CL:N/A)
INFO         | Graphics backend: gfxstream
INFO         | Found systemPath C:\Users\777\AppData\Local\Android\Sdk\system-images\android-36\google_apis\x86_64\
INFO         | Guest usage of host flag 'VulkanVirtualQueue' will be ignored.
INFO         | IPv4 server found: 198.18.0.2
INFO         | Ignore IPv6 address: 502e:9624:bd02:0:b021:9624:bd02:0
INFO         | Ignore IPv6 address: 502e:9624:bd02:0:b021:9624:bd02:0
INFO         | Ignore IPv6 address: 502e:9624:bd02:0:b021:9624:bd02:0
INFO         | Ignore IPv6 address: 4034:9624:bd02:0:b021:9624:bd02:0
INFO         | Ignore IPv6 address: 4034:9624:bd02:0:b021:9624:bd02:0
INFO         | Ignore IPv6 address: 4034:9624:bd02:0:b021:9624:bd02:0
INFO         | Ignore IPv6 address: b041:9624:bd02:0:b021:9624:bd02:0
INFO         | Ignore IPv6 address: b041:9624:bd02:0:b021:9624:bd02:0
INFO         | Ignore IPv6 address: b041:9624:bd02:0:b021:9624:bd02:0
INFO         | Ignore IPv6 address: 9847:9624:bd02:0:b021:9624:bd02:0
INFO         | Ignore IPv6 address: 9847:9624:bd02:0:b021:9624:bd02:0
INFO         | Ignore IPv6 address: 9847:9624:bd02:0:b021:9624:bd02:0
INFO         | Ignore IPv6 address: 304f:9624:bd02:0:b021:9624:bd02:0
INFO         | Ignore IPv6 address: 304f:9624:bd02:0:b021:9624:bd02:0
INFO         | Ignore IPv6 address: 304f:9624:bd02:0:b021:9624:bd02:0
INFO         | Guest GLES Driver: Auto (ext controls)
INFO         | emuglConfig_init: vulkan_mode_selected:host gles_mode_selected:host
INFO         | emuglConfig_get_vulkan_hardware_gpu_support_info: Found physical GPU 'NVIDIA GeForce RTX 3060', type: VK_PHYSICAL_DEVICE_TYPE_DISCRETE_GPU, apiVersion: 1.4.329, driverVersion: 595.97

INFO         | Checking system compatibility:
INFO         |   Checking: hasCompatibleHypervisor
INFO         |      Ok: Hypervisor compatibility to run avd: `Starward_Verifier_1` are met
INFO         |   Checking: hasSufficientSystem
INFO         |      Ok: System requirements to run avd: `Starward_Verifier_1` are met
INFO         |   Checking: hasSufficientHwGpu
INFO         |      Ok: Hardware GPU requirements to run avd: `Starward_Verifier_1` are passed
INFO         |   Checking: hasSufficientDiskSpace
INFO         |      Ok: Disk space requirements to run avd: `Starward_Verifier_1` are met
INFO         | Storing crashdata in: C:\Users\777\AppData\Local\Temp\\AndroidEmulator\emu-crash-36.6.11.db, detection is enabled for process: 24488
INFO         | Initializing gfxstream backend
INFO         | startOpenglesRendererImpl: gpu info
INFO         | GPU #1
  Make: 10de
  Model: NVIDIA GeForce RTX 3060
  Device ID: 2504

INFO         | Disabling implicit Vulkan layers to avoid compatibility issues. Set VK_LOADER_LAYERS_DISABLE manually to disable this behavior.
INFO         | SharedLibrary::open for [C:\Users\777\AppData\Local\Android\Sdk\emulator\qemu\windows-x86_64\lib64\vulkan\vulkan-1.dll]
INFO         | SharedLibrary::open for [C:\Users\777\AppData\Local\Android\Sdk\emulator\lib64\vulkan\vulkan-1.dll]
INFO         | Added library: C:\Users\777\AppData\Local\Android\Sdk\emulator\lib64\vulkan\vulkan-1.dll
INFO         | Selecting Vulkan device: NVIDIA GeForce RTX 3060, Version: 1.4.329
INFO         | Using Vulkan externalMemoryMode: OpaqueWin32 for VkEmulation
INFO         | Initializing VkEmulation features:
INFO         |     glInteropSupported: true
INFO         |     useDeferredCommands: true
INFO         |     createResourceWithRequirements: true
INFO         |     useVulkanComposition: false
INFO         |     useVulkanNativeSwapchain: false
INFO         |     enable guestRenderDoc: false
INFO         |     ASTC LDR emulation mode: Gpu
INFO         |     enable ETC2 emulation: true
INFO         |     enable Ycbcr emulation: false
INFO         |     guestVulkanOnly: false
INFO         |     useDedicatedAllocations: false
INFO         |     guestVulkanMaxApiVersion: 1.3.0
INFO         |     enableProtectedMemoryEmulation: false
INFO         | Graphics Adapter Vendor Google (NVIDIA Corporation)
INFO         | Graphics Adapter Android Emulator OpenGL ES Translator (NVIDIA GeForce RTX 3060/PCIe/SSE2)
INFO         | Graphics API Version OpenGL ES 3.0 (4.5.0 NVIDIA 595.97)
INFO         | Graphics API Extensions GL_OES_EGL_sync GL_OES_EGL_image GL_OES_EGL_image_external GL_OES_depth24 GL_OES_depth32 GL_OES_element_index_uint GL_OES_texture_float GL_OES_texture_float_linear GL_OES_compressed_paletted_texture GL_OES_compressed_ETC1_RGB8_texture GL_OES_depth_texture GL_OES_texture_half_float GL_OES_texture_half_float_linear GL_OES_packed_depth_stencil GL_OES_vertex_half_float GL_OES_texture_npot GL_OES_rgb8_rgba8 GL_OVR_multiview2 GL_EXT_multiview_texture_multisample GL_EXT_color_buffer_float GL_EXT_color_buffer_half_float GL_EXT_texture_format_BGRA8888 GL_APPLE_texture_format_BGRA8888 GL_EXT_texture_buffer 
INFO         | Graphics Device Extensions N/A
INFO         | Disabling sparse binding feature support
INFO         | Sending adb public key [QAAAAJmNQhtXiVOmq2ZPj7bP1IeThi02vy29Y+SwqwKQggvu4ITtXvhady3BEmA31HkEvb9Ma72r81iGxYmbBLYgNBfb0IjVXGBWYwokybiNr28adpgllUhO97ECoyDvry/svAdl2CVMe2fSKSJfiBcaXbOt/SOr/ec+bQudn5y8wJnm7lu9lzxp0ail/QUJhV1AMQL4b2FX1POutDd7gQwKLFFNYMyu4JwUBxnFhbIOAB2ywCBYEy5lCZ8BH3jv+Mt/udZDVFd17FHggi3zR6/DW7lfs0RtZI+9yB2nRO+IwXAzON+CtRtvooddn9eVgzLv/4XVhMh0QiqYOkB12K58ioanrujA5yLkqMnh+PQ+KohgWk7nqYT51YB6IzKLnDUeRiEKXH7uNgi5gdiWM8g98GAcPKWsh8HFGR7InHaP5gZPyedzdxxnlzEyY8LfA5+Pz5NOXIKfTfy8Gq6oq7/PtA3shjxwXTujwXL6DQv847PkOqsxrvmvdbam0BsPyOyemFfyjij39d6aCAEgIgmBeQ3B168BM/klw3oZHRov7XBhw8QR4E1S/skaV8CAzDBqXTJkJfeM5Cm2yTHEpLGVpcfN4vB0HxMIFH5qYdpeM/regTltZm9SfPbqqg6dgtezqPpoSmfgksLB3lpPd7LiASglFbdga7be1L5zry2rOz/Q7gUIFwEAAQA= @unknown]
INFO         | Userspace boot properties:
INFO         |   androidboot.boot_devices=pci0000:00/0000:00:03.0 pci0000:00/0000:00:06.0
INFO         |   androidboot.dalvik.vm.heapsize=576m
INFO         |   androidboot.debug.hwui.renderer=skiagl
INFO         |   androidboot.hardware=ranchu
INFO         |   androidboot.hardware.gltransport=pipe
INFO         |   androidboot.hardware.vulkan=ranchu
INFO         |   androidboot.logcat=*:V
INFO         |   androidboot.opengles.version=196609
INFO         |   androidboot.qemu=1
INFO         |   androidboot.qemu.adb.pubkey=QAAAAJmNQhtXiVOmq2ZPj7bP1IeThi02vy29Y+SwqwKQggvu4ITtXvhady3BEmA31HkEvb9Ma72r81iGxYmbBLYgNBfb0IjVXGBWYwokybiNr28adpgllUhO97ECoyDvry/svAdl2CVMe2fSKSJfiBcaXbOt/SOr/ec+bQudn5y8wJnm7lu9lzxp0ail/QUJhV1AMQL4b2FX1POutDd7gQwKLFFNYMyu4JwUBxnFhbIOAB2ywCBYEy5lCZ8BH3jv+Mt/udZDVFd17FHggi3zR6/DW7lfs0RtZI+9yB2nRO+IwXAzON+CtRtvooddn9eVgzLv/4XVhMh0QiqYOkB12K58ioanrujA5yLkqMnh+PQ+KohgWk7nqYT51YB6IzKLnDUeRiEKXH7uNgi5gdiWM8g98GAcPKWsh8HFGR7InHaP5gZPyedzdxxnlzEyY8LfA5+Pz5NOXIKfTfy8Gq6oq7/PtA3shjxwXTujwXL6DQv847PkOqsxrvmvdbam0BsPyOyemFfyjij39d6aCAEgIgmBeQ3B168BM/klw3oZHRov7XBhw8QR4E1S/skaV8CAzDBqXTJkJfeM5Cm2yTHEpLGVpcfN4vB0HxMIFH5qYdpeM/regTltZm9SfPbqqg6dgtezqPpoSmfgksLB3lpPd7LiASglFbdga7be1L5zry2rOz/Q7gUIFwEAAQA= @unknown
INFO         |   androidboot.qemu.avd_name=Starward_Verifier_1
INFO         |   androidboot.qemu.camera_hq_edge_processing=0
INFO         |   androidboot.qemu.camera_protocol_ver=1
INFO         |   androidboot.qemu.cpuvulkan.version=4206592
INFO         |   androidboot.qemu.gltransport.drawFlushInterval=800
INFO         |   androidboot.qemu.gltransport.name=pipe
INFO         |   androidboot.qemu.hwcodec.avcdec=2
INFO         |   androidboot.qemu.hwcodec.hevcdec=2
INFO         |   androidboot.qemu.hwcodec.vpxdec=2
INFO         |   androidboot.qemu.settings.system.screen_off_timeout=2147483647
INFO         |   androidboot.qemu.skin=1080x2400
INFO         |   androidboot.qemu.virtiowifi=1
INFO         |   androidboot.qemu.vsync=60
INFO         |   androidboot.serialno=EMULATOR36X6X11X0
INFO         |   androidboot.vbmeta.digest=7466b5c28e6a3e1427b22ed2c317c6c7066294bde838d4d5243cce5d37992bd5
INFO         |   androidboot.vbmeta.hash_alg=sha256
INFO         |   androidboot.vbmeta.size=6848
INFO         |   androidboot.veritymode=enforcing
WHPX on Windows 10.0.26200 detected.
Windows Hypervisor Platform accelerator is operational
INFO         | Monitoring duration of emulator setup.
INFO         | Activated packet streamer for bluetooth emulation
INFO         | Activated packet streamer for uwb emulation
INFO         | Successfully initialized netsim WiFi
INFO         | Setting display: 0 configuration to: 1080x2400, dpi: 420x420 
INFO         | setDisplayActiveConfig: id:0, 1080x2400
INFO         | emulatorSetupEnvironment: Environment scene is not required
USER_INFO    | Emulator is performing a full startup. This may take upto two minutes, or more.
INFO         | Boot completed in 29116 ms
INFO         | Increasing screen off timeout, logcat buffer size to 2M.
ERROR        | Failed to find ColorBuffer: 112
INFO         | Wait for emulator (pid 24488) 20 seconds to shutdown gracefully before kill;you can set environment variable ANDROID_EMULATOR_WAIT_TIME_BEFORE_KILL(in seconds) to change the default value (20 seconds)

WARNING      | Not saving state: RAM not mapped as shared
INFO         | Saving snapshot 'default_boot' using 4 ms
WARNING      | Emulator client has not yet been configured.. Call configure me first!
INFO         | removeAll
WARNING      | Netsim Wifi localhost:62930 is gone due to CANCELLED
